{"Protocol":0,"Id":"REDACTED_ITEM_ID","Path":"sample.mp4","EncoderPath":null,"EncoderProtocol":null,"Type":0,"Container":"mov,mp4,m4a,3gp,3g2,mj2","Size":1647751606,"Name":"sample","IsRemote":false,"ETag":"REDACTED_ETAG","RunTimeTicks":76214547880,"ReadAtNativeFramerate":false,"IgnoreDts":false,"IgnoreIndex":false,"GenPtsInput":false,"SupportsTranscoding":true,"SupportsDirectStream":true,"SupportsDirectPlay":true,"IsInfiniteStream":false,"UseMostCompatibleTranscodingProfile":false,"RequiresOpening":false,"OpenToken":null,"RequiresClosing":false,"LiveStreamId":null,"BufferMs":null,"RequiresLooping":false,"SupportsProbing":true,"VideoType":0,"IsoType":null,"Video3DFormat":null,"MediaStreams":[{"Codec":"h264","CodecTag":null,"Language":"und","ColorRange":null,"ColorSpace":null,"ColorTransfer":null,"ColorPrimaries":null,"DvVersionMajor":null,"DvVersionMinor":null,"DvProfile":null,"DvLevel":null,"RpuPresentFlag":null,"ElPresentFlag":null,"BlPresentFlag":null,"DvBlSignalCompatibilityId":null,"Rotation":null,"Comment":null,"TimeBase":"1/11988","CodecTimeBase":null,"Title":null,"Hdr10PlusPresentFlag":null,"VideoRange":1,"VideoRangeType":1,"VideoDoViTitle":null,"AudioSpatialFormat":0,"LocalizedUndefined":null,"LocalizedDefault":null,"LocalizedForced":null,"LocalizedExternal":null,"LocalizedHearingImpaired":null,"LocalizedLanguage":null,"LocalizedOriginal":null,"DisplayTitle":"720p H264 SDR","NalLengthSize":"4","IsInterlaced":false,"IsAVC":true,"ChannelLayout":null,"BitRate":1500134,"BitDepth":8,"RefFrames":1,"PacketLength":null,"Channels":null,"SampleRate":null,"IsDefault":true,"IsForced":false,"IsHearingImpaired":false,"IsOriginal":false,"Height":502,"Width":1280,"AverageFrameRate":23.976,"RealFrameRate":23.976,"ReferenceFrameRate":23.976,"Profile":"High","Type":1,"AspectRatio":"120:47","Index":0,"Score":null,"IsExternal":false,"DeliveryMethod":null,"DeliveryUrl":null,"IsExternalUrl":null,"IsTextSubtitleStream":false,"SupportsExternalStream":false,"Path":null,"PixelFormat":"yuv420p","Level":41,"IsAnamorphic":false},{"Codec":"aac","CodecTag":null,"Language":"eng","ColorRange":null,"ColorSpace":null,"ColorTransfer":null,"ColorPrimaries":null,"DvVersionMajor":null,"DvVersionMinor":null,"DvProfile":null,"DvLevel":null,"RpuPresentFlag":null,"ElPresentFlag":null,"BlPresentFlag":null,"DvBlSignalCompatibilityId":null,"Rotation":null,"Comment":null,"TimeBase":"1/48000","CodecTimeBase":null,"Title":null,"Hdr10PlusPresentFlag":null,"VideoRange":0,"VideoRangeType":0,"VideoDoViTitle":null,"AudioSpatialFormat":0,"LocalizedUndefined":null,"LocalizedDefault":"Default","LocalizedForced":null,"LocalizedExternal":"External","LocalizedHearingImpaired":null,"LocalizedLanguage":"English","LocalizedOriginal":"Original","DisplayTitle":"English - AAC - 5.1 - Default","NalLengthSize":null,"IsInterlaced":false,"IsAVC":null,"ChannelLayout":"5.1","BitRate":224001,"BitDepth":null,"RefFrames":null,"PacketLength":null,"Channels":6,"SampleRate":48000,"IsDefault":true,"IsForced":false,"IsHearingImpaired":false,"IsOriginal":false,"Height":null,"Width":null,"AverageFrameRate":null,"RealFrameRate":null,"ReferenceFrameRate":null,"Profile":"LC","Type":0,"AspectRatio":null,"Index":1,"Score":null,"IsExternal":false,"DeliveryMethod":null,"DeliveryUrl":null,"IsExternalUrl":null,"IsTextSubtitleStream":false,"SupportsExternalStream":false,"Path":null,"PixelFormat":null,"Level":null,"IsAnamorphic":null}],"MediaAttachments":[],"Formats":[],"Bitrate":1729592,"FallbackMaxStreamingBitrate":null,"Timestamp":null,"RequiredHttpHeaders":{},"TranscodingUrl":null,"TranscodingSubProtocol":0,"TranscodingContainer":null,"AnalyzeDurationMs":null,"DefaultAudioStreamIndex":null,"DefaultSubtitleStreamIndex":null,"HasSegments":false}

ffmpeg -analyzeduration 200M -probesize 1G -fflags +genpts  -i file:"sample.mp4" -map_metadata -1 -map_chapters -1 -threads 0 -map 0:0 -map 0:1 -map -0:s -codec:v:0 copy -bsf:v h264_mp4toannexb -start_at_zero -codec:a:0 libmp3lame -ac 2 -ab 256000 -af "volume=2" -copyts -avoid_negative_ts disabled -max_muxing_queue_size 2048 -f hls -max_delay 5000000 -hls_time 6 -hls_segment_type mpegts -start_number 0 -hls_segment_filename "cache/segment-%d.ts" -hls_playlist_type vod -hls_list_size 0 -y "cache/segment-.m3u8"


ffmpeg version 8.1.2-Jellyfin Copyright (c) 2000-2026 the FFmpeg developers
  built with clang version 22.1.8 (https://github.com/msys2/MINGW-packages 6e4e79c2f86eeb534e324e583f2057dc9fd5ecab)
  configuration: --cc=clang --cxx=clang++ --pkg-config-flags=--static --extra-cflags=-I/clang64/ffbuild/include --extra-ldflags=-L/clang64/ffbuild/lib --prefix=/clang64/ffbuild/jellyfin-ffmpeg --extra-version=Jellyfin --disable-unstable --disable-ffplay --disable-debug --disable-doc --disable-sdl2 --enable-lto=thin --enable-gpl --enable-version3 --enable-schannel --enable-iconv --enable-libxml2 --enable-zlib --enable-lzma --enable-gmp --enable-chromaprint --enable-libfreetype --enable-libfribidi --enable-libfontconfig --enable-libharfbuzz --enable-libass --enable-libbluray --enable-libmp3lame --enable-libopus --enable-libtheora --enable-libvorbis --enable-libopenmpt --enable-libwebp --enable-libvpx --enable-libzimg --enable-libx264 --enable-libx265 --enable-libsvtav1 --enable-libdav1d --enable-libfdk-aac --enable-libshaderc --enable-libplacebo --enable-vulkan --enable-opencl --enable-dxva2 --enable-d3d11va --enable-d3d12va --enable-mediafoundation --enable-amf --enable-libvpl --enable-ffnvcodec --enable-cuda --enable-cuda-llvm --enable-cuvid --enable-nvdec --enable-nvenc
  libavutil      60. 26.102 / 60. 26.102
  libavcodec     62. 28.102 / 62. 28.102
  libavformat    62. 12.102 / 62. 12.102
  libavdevice    62.  3.102 / 62.  3.102
  libavfilter    11. 14.102 / 11. 14.102
  libswscale      9.  5.102 /  9.  5.102
  libswresample   6.  3.102 /  6.  3.102
Input #0, mov,mp4,m4a,3gp,3g2,mj2, from 'file:sample.mp4':
  Metadata:
    major_brand     : isom
    minor_version   : 512
    compatible_brands: isomiso2avc1mp41
    creation_time   : 2018-10-18T13:07:16.000000Z
    title           : 20000.Leagues.Under.the.Sea.1954.720p.BluRay.H264.AAC-RARBG
    encoder         : Lavf57.83.100
    comment         : 20000.Leagues.Under.the.Sea.1954.720p.BluRay.H264.AAC-RARBG
  Duration: 02:07:01.45, start: 0.000000, bitrate: 1729 kb/s
  Stream #0:0[0x1](und): Video: h264 (High) (avc1 / 0x31637661), yuv420p(progressive), 1280x502 [SAR 753:752 DAR 120:47], 1500 kb/s, 23.98 fps, 23.98 tbr, 11988 tbn (default)
    Metadata:
      creation_time   : 2018-10-18T13:07:16.000000Z
      handler_name    : VideoHandler
  Stream #0:1[0x2](eng): Audio: aac (LC) (mp4a / 0x6134706D), 48000 Hz, 5.1, fltp, 224 kb/s (default)
    Metadata:
      creation_time   : 2018-10-18T13:07:16.000000Z
      handler_name    : SoundHandler
Stream mapping:
  Stream #0:0 -> #0:0 (copy)
  Stream #0:1 -> #0:1 (aac (native) -> mp3 (libmp3lame))
Press [q] to stop, [?] for help
Output #0, hls, to 'cache/segment-.m3u8':
  Metadata:
    encoder         : Lavf62.12.102
  Stream #0:0: Video: h264 (High) (avc1 / 0x31637661), yuv420p(progressive), 1280x502 [SAR 753:752 DAR 120:47], q=2-31, 1500 kb/s, 23.98 fps, 23.98 tbr, 90k tbn (default)
  Stream #0:1: Audio: mp3, 48000 Hz, stereo, fltp, 256 kb/s (default)
    Metadata:
      encoder         : Lavc62.28.102 libmp3lame
[hls @ 000001adcaa8db80] Opening 'cache/segment-0.ts' for writing
[hls @ 000001adcaa8db80] Opening 'cache/segment-1.ts' for writing
[hls @ 000001adcaa8db80] Opening 'cache/segment-2.ts' for writing
[hls @ 000001adcaa8db80] Opening 'cache/segment-3.ts' for writing
frame= 1040 fps=0.0 q=-1.0 size=N/A time=00:00:00.00 bitrate=N/A speed=   0x elapsed=0:00:00.50    
[hls @ 000001adcaa8db80] Opening 'cache/segment-4.ts' for writing
[hls @ 000001adcaa8db80] Opening 'cache/segment-5.ts' for writing
[hls @ 000001adcaa8db80] Opening 'cache/segment-6.ts' for writing
[hls @ 000001adcaa8db80] Opening 'cache/segment-7.ts' for writing
frame= 2060 fps=2026 q=-1.0 size=N/A time=00:00:42.52 bitrate=N/A speed=41.8x elapsed=0:00:01.01    
[hls @ 000001adcaa8db80] Opening 'cache/segment-8.ts' for writing
[hls @ 000001adcaa8db80] Opening 'cache/segment-9.ts' for writing
[hls @ 000001adcaa8db80] Opening 'cache/segment-10.ts' for writing
[hls @ 000001adcaa8db80] Opening 'cache/segment-11.ts' for writing
frame= 3032 fps=1980 q=-1.0 size=N/A time=00:01:23.06 bitrate=N/A speed=54.2x elapsed=0:00:01.53    
[hls @ 000001adcaa8db80] Opening 'cache/segment-12.ts' for writing
[hls @ 000001adcaa8db80] Opening 'cache/segment-13.ts' for writing
[hls @ 000001adcaa8db80] Opening 'cache/segment-14.ts' for writing
[hls @ 000001adcaa8db80] Opening 'cache/segment-15.ts' for writing
frame= 3925 fps=1930 q=-1.0 size=N/A time=00:02:00.31 bitrate=N/A speed=59.1x elapsed=0:00:02.03    
[hls @ 000001adcaa8db80] Opening 'cache/segment-16.ts' for writing
[hls @ 000001adcaa8db80] Opening 'cache/segment-17.ts' for writing
[hls @ 000001adcaa8db80] Opening 'cache/segment-18.ts' for writing
[hls @ 000001adcaa8db80] Opening 'cache/segment-19.ts' for writing
[hls @ 000001adcaa8db80] Opening 'cache/segment-20.ts' for writing
[hls @ 000001adcaa8db80] Opening 'cache/segment-21.ts' for writing
[hls @ 000001adcaa8db80] Opening 'cache/segment-22.ts' for writing
frame= 4877 fps=1914 q=-1.0 size=N/A time=00:02:40.03 bitrate=N/A speed=62.8x elapsed=0:00:02.54    
[hls @ 000001adcaa8db80] Opening 'cache/segment-23.ts' for writing
[hls @ 000001adcaa8db80] Opening 'cache/segment-24.ts' for writing
[hls @ 000001adcaa8db80] Opening 'cache/segment-25.ts' for writing
[hls @ 000001adcaa8db80] Opening 'cache/segment-26.ts' for writing
[hls @ 000001adcaa8db80] Opening 'cache/segment-27.ts' for writing
frame= 5827 fps=1902 q=-1.0 size=N/A time=00:03:19.68 bitrate=N/A speed=65.2x elapsed=0:00:03.06    
[hls @ 000001adcaa8db80] Opening 'cache/segment-28.ts' for writing
[hls @ 000001adcaa8db80] Opening 'cache/segment-29.ts' for writing
[hls @ 000001adcaa8db80] Opening 'cache/segment-30.ts' for writing
[hls @ 000001adcaa8db80] Opening 'cache/segment-31.ts' for writing
[hls @ 000001adcaa8db80] Opening 'cache/segment-32.ts' for writing
[hls @ 000001adcaa8db80] Opening 'cache/segment-33.ts' for writing
frame= 6795 fps=1907 q=-1.0 size=N/A time=00:04:00.00 bitrate=N/A speed=67.3x elapsed=0:00:03.56    
[hls @ 000001adcaa8db80] Opening 'cache/segment-34.ts' for writing
[hls @ 000001adcaa8db80] Opening 'cache/segment-35.ts' for writing
[hls @ 000001adcaa8db80] Opening 'cache/segment-36.ts' for writing
[hls @ 000001adcaa8db80] Opening 'cache/segment-37.ts' for writing
frame= 7745 fps=1901 q=-1.0 size=N/A time=00:04:39.64 bitrate=N/A speed=68.6x elapsed=0:00:04.07    
[hls @ 000001adcaa8db80] Opening 'cache/segment-38.ts' for writing
[hls @ 000001adcaa8db80] Opening 'cache/segment-39.ts' for writing
[hls @ 000001adcaa8db80] Opening 'cache/segment-40.ts' for writing
[hls @ 000001adcaa8db80] Opening 'cache/segment-41.ts' for writing
[hls @ 000001adcaa8db80] Opening 'cache/segment-42.ts' for writing
frame= 8658 fps=1887 q=-1.0 size=N/A time=00:05:17.76 bitrate=N/A speed=69.3x elapsed=0:00:04.58    
[hls @ 000001adcaa8db80] Opening 'cache/segment-43.ts' for writing
[hls @ 000001adcaa8db80] Opening 'cache/segment-44.ts' for writing
[hls @ 000001adcaa8db80] Opening 'cache/segment-45.ts' for writing
[hls @ 000001adcaa8db80] Opening 'cache/segment-46.ts' for writing
frame= 9617 fps=1885 q=-1.0 size=N/A time=00:05:57.81 bitrate=N/A speed=70.1x elapsed=0:00:05.10    
[hls @ 000001adcaa8db80] Opening 'cache/segment-47.ts' for writing
[hls @ 000001adcaa8db80] Opening 'cache/segment-48.ts' for writing
[hls @ 000001adcaa8db80] Opening 'cache/segment-49.ts' for writing
[hls @ 000001adcaa8db80] Opening 'cache/segment-50.ts' for writing
frame=10570 fps=1881 q=-1.0 size=N/A time=00:06:37.46 bitrate=N/A speed=70.7x elapsed=0:00:05.61    
[hls @ 000001adcaa8db80] Opening 'cache/segment-51.ts' for writing
[hls @ 000001adcaa8db80] Opening 'cache/segment-52.ts' for writing
[hls @ 000001adcaa8db80] Opening 'cache/segment-53.ts' for writing
[hls @ 000001adcaa8db80] Opening 'cache/segment-54.ts' for writing
[hls @ 000001adcaa8db80] Opening 'cache/segment-55.ts' for writing
[hls @ 000001adcaa8db80] Opening 'cache/segment-56.ts' for writing
[hls @ 000001adcaa8db80] Opening 'cache/segment-57.ts' for writing
[hls @ 000001adcaa8db80] Opening 'cache/segment-58.ts' for writing
frame=12439 fps=1876 q=-1.0 size=N/A time=00:07:55.44 bitrate=N/A speed=71.7x elapsed=0:00:06.63    
[hls @ 000001adcaa8db80] Opening 'cache/segment-59.ts' for writing
[hls @ 000001adcaa8db80] Opening 'cache/segment-60.ts' for writing
[hls @ 000001adcaa8db80] Opening 'cache/segment-61.ts' for writing
[hls @ 000001adcaa8db80] Opening 'cache/segment-62.ts' for writing
[hls @ 000001adcaa8db80] Opening 'cache/segment-63.ts' for writing
frame=13374 fps=1875 q=-1.0 size=N/A time=00:08:34.44 bitrate=N/A speed=72.1x elapsed=0:00:07.13    
[hls @ 000001adcaa8db80] Opening 'cache/segment-64.ts' for writing
[hls @ 000001adcaa8db80] Opening 'cache/segment-65.ts' for writing
[hls @ 000001adcaa8db80] Opening 'cache/segment-66.ts' for writing
[hls @ 000001adcaa8db80] Opening 'cache/segment-67.ts' for writing
frame=14263 fps=1868 q=-1.0 size=N/A time=00:09:11.49 bitrate=N/A speed=72.2x elapsed=0:00:07.63    
[hls @ 000001adcaa8db80] Opening 'cache/segment-68.ts' for writing
[hls @ 000001adcaa8db80] Opening 'cache/segment-69.ts' for writing
[hls @ 000001adcaa8db80] Opening 'cache/segment-70.ts' for writing
[hls @ 000001adcaa8db80] Opening 'cache/segment-71.ts' for writing
frame=15255 fps=1872 q=-1.0 size=N/A time=00:09:52.87 bitrate=N/A speed=72.7x elapsed=0:00:08.15    
[hls @ 000001adcaa8db80] Opening 'cache/segment-72.ts' for writing
[hls @ 000001adcaa8db80] Opening 'cache/segment-73.ts' for writing
[hls @ 000001adcaa8db80] Opening 'cache/segment-74.ts' for writing
[hls @ 000001adcaa8db80] Opening 'cache/segment-75.ts' for writing
[hls @ 000001adcaa8db80] Opening 'cache/segment-76.ts' for writing
[hls @ 000001adcaa8db80] Opening 'cache/segment-77.ts' for writing
frame=16160 fps=1868 q=-1.0 size=N/A time=00:10:30.62 bitrate=N/A speed=72.9x elapsed=0:00:08.65    
[hls @ 000001adcaa8db80] Opening 'cache/segment-78.ts' for writing
[hls @ 000001adcaa8db80] Opening 'cache/segment-79.ts' for writing
[hls @ 000001adcaa8db80] Opening 'cache/segment-80.ts' for writing
[hls @ 000001adcaa8db80] Opening 'cache/segment-81.ts' for writing
frame=17114 fps=1867 q=-1.0 size=N/A time=00:11:10.41 bitrate=N/A speed=73.1x elapsed=0:00:09.16    
[hls @ 000001adcaa8db80] Opening 'cache/segment-82.ts' for writing
[hls @ 000001adcaa8db80] Opening 'cache/segment-83.ts' for writing
[hls @ 000001adcaa8db80] Opening 'cache/segment-84.ts' for writing
[hls @ 000001adcaa8db80] Opening 'cache/segment-85.ts' for writing
[hls @ 000001adcaa8db80] Opening 'cache/segment-86.ts' for writing
frame=18033 fps=1865 q=-1.0 size=N/A time=00:11:48.76 bitrate=N/A speed=73.3x elapsed=0:00:09.66    
[hls @ 000001adcaa8db80] Opening 'cache/segment-87.ts' for writing
[hls @ 000001adcaa8db80] Opening 'cache/segment-88.ts' for writing
[hls @ 000001adcaa8db80] Opening 'cache/segment-89.ts' for writing
frame=18951 fps=1863 q=-1.0 size=N/A time=00:12:27.04 bitrate=N/A speed=73.5x elapsed=0:00:10.16    
[hls @ 000001adcaa8db80] Opening 'cache/segment-90.ts' for writing
[hls @ 000001adcaa8db80] Opening 'cache/segment-91.ts' for writing
[hls @ 000001adcaa8db80] Opening 'cache/segment-92.ts' for writing
[hls @ 000001adcaa8db80] Opening 'cache/segment-93.ts' for writing
frame=19922 fps=1864 q=-1.0 size=N/A time=00:13:07.56 bitrate=N/A speed=73.7x elapsed=0:00:10.68    
[hls @ 000001adcaa8db80] Opening 'cache/segment-94.ts' for writing
[hls @ 000001adcaa8db80] Opening 'cache/segment-95.ts' for writing
[hls @ 000001adcaa8db80] Opening 'cache/segment-96.ts' for writing
[hls @ 000001adcaa8db80] Opening 'cache/segment-97.ts' for writing
[hls @ 000001adcaa8db80] Opening 'cache/segment-98.ts' for writing
[hls @ 000001adcaa8db80] Opening 'cache/segment-99.ts' for writing
frame=20868 fps=1863 q=-1.0 size=N/A time=00:13:46.99 bitrate=N/A speed=73.8x elapsed=0:00:11.20    
[hls @ 000001adcaa8db80] Opening 'cache/segment-100.ts' for writing
[hls @ 000001adcaa8db80] Opening 'cache/segment-101.ts' for writing
[hls @ 000001adcaa8db80] Opening 'cache/segment-102.ts' for writing
[hls @ 000001adcaa8db80] Opening 'cache/segment-103.ts' for writing
frame=21803 fps=1863 q=-1.0 size=N/A time=00:14:25.96 bitrate=N/A speed=  74x elapsed=0:00:11.70    
[hls @ 000001adcaa8db80] Opening 'cache/segment-104.ts' for writing
[hls @ 000001adcaa8db80] Opening 'cache/segment-105.ts' for writing
[hls @ 000001adcaa8db80] Opening 'cache/segment-106.ts' for writing
[hls @ 000001adcaa8db80] Opening 'cache/segment-107.ts' for writing
frame=22742 fps=1863 q=-1.0 size=N/A time=00:15:05.13 bitrate=N/A speed=74.2x elapsed=0:00:12.20    
[hls @ 000001adcaa8db80] Opening 'cache/segment-108.ts' for writing
[hls @ 000001adcaa8db80] Opening 'cache/segment-109.ts' for writing
[hls @ 000001adcaa8db80] Opening 'cache/segment-110.ts' for writing
[hls @ 000001adcaa8db80] Opening 'cache/segment-111.ts' for writing
[hls @ 000001adcaa8db80] Opening 'cache/segment-112.ts' for writing
frame=23691 fps=1864 q=-1.0 size=N/A time=00:15:44.71 bitrate=N/A speed=74.3x elapsed=0:00:12.70    
[hls @ 000001adcaa8db80] Opening 'cache/segment-113.ts' for writing
[hls @ 000001adcaa8db80] Opening 'cache/segment-114.ts' for writing
[hls @ 000001adcaa8db80] Opening 'cache/segment-115.ts' for writing
[hls @ 000001adcaa8db80] Opening 'cache/segment-116.ts' for writing
[hls @ 000001adcaa8db80] Opening 'cache/segment-117.ts' for writing
[hls @ 000001adcaa8db80] Opening 'cache/segment-118.ts' for writing
[hls @ 000001adcaa8db80] Opening 'cache/segment-119.ts' for writing
frame=24644 fps=1864 q=-1.0 size=N/A time=00:16:24.50 bitrate=N/A speed=74.5x elapsed=0:00:13.22    
[hls @ 000001adcaa8db80] Opening 'cache/segment-120.ts' for writing
[hls @ 000001adcaa8db80] Opening 'cache/segment-121.ts' for writing
[hls @ 000001adcaa8db80] Opening 'cache/segment-122.ts' for writing
[hls @ 000001adcaa8db80] Opening 'cache/segment-123.ts' for writing
[hls @ 000001adcaa8db80] Opening 'cache/segment-124.ts' for writing
[hls @ 000001adcaa8db80] Opening 'cache/segment-125.ts' for writing
[hls @ 000001adcaa8db80] Opening 'cache/segment-126.ts' for writing
[hls @ 000001adcaa8db80] Opening 'cache/segment-127.ts' for writing
[hls @ 000001adcaa8db80] Opening 'cache/segment-128.ts' for writing
frame=25635 fps=1866 q=-1.0 size=N/A time=00:17:05.80 bitrate=N/A speed=74.7x elapsed=0:00:13.73    
[hls @ 000001adcaa8db80] Opening 'cache/segment-129.ts' for writing
[hls @ 000001adcaa8db80] Opening 'cache/segment-130.ts' for writing
[hls @ 000001adcaa8db80] Opening 'cache/segment-131.ts' for writing
[hls @ 000001adcaa8db80] Opening 'cache/segment-132.ts' for writing
[hls @ 000001adcaa8db80] Opening 'cache/segment-133.ts' for writing
[hls @ 000001adcaa8db80] Opening 'cache/segment-134.ts' for writing
[hls @ 000001adcaa8db80] Opening 'cache/segment-135.ts' for writing
[hls @ 000001adcaa8db80] Opening 'cache/segment-136.ts' for writing
frame=26629 fps=1868 q=-1.0 size=N/A time=00:17:47.28 bitrate=N/A speed=74.9x elapsed=0:00:14.25    
[hls @ 000001adcaa8db80] Opening 'cache/segment-137.ts' for writing
[hls @ 000001adcaa8db80] Opening 'cache/segment-138.ts' for writing
[hls @ 000001adcaa8db80] Opening 'cache/segment-139.ts' for writing
[hls @ 000001adcaa8db80] Opening 'cache/segment-140.ts' for writing
[hls @ 000001adcaa8db80] Opening 'cache/segment-141.ts' for writing
[hls @ 000001adcaa8db80] Opening 'cache/segment-142.ts' for writing
[hls @ 000001adcaa8db80] Opening 'cache/segment-143.ts' for writing
[hls @ 000001adcaa8db80] Opening 'cache/segment-144.ts' for writing
[hls @ 000001adcaa8db80] Opening 'cache/segment-145.ts' for writing
[hls @ 000001adcaa8db80] Opening 'cache/segment-146.ts' for writing
[hls @ 000001adcaa8db80] Opening 'cache/segment-147.ts' for writing
[hls @ 000001adcaa8db80] Opening 'cache/segment-148.ts' for writing
frame=27594 fps=1868 q=-1.0 size=N/A time=00:18:27.50 bitrate=N/A speed=  75x elapsed=0:00:14.76    
[hls @ 000001adcaa8db80] Opening 'cache/segment-149.ts' for writing
[hls @ 000001adcaa8db80] Opening 'cache/segment-150.ts' for writing
[hls @ 000001adcaa8db80] Opening 'cache/segment-151.ts' for writing
[hls @ 000001adcaa8db80] Opening 'cache/segment-152.ts' for writing
[hls @ 000001adcaa8db80] Opening 'cache/segment-153.ts' for writing
[hls @ 000001adcaa8db80] Opening 'cache/segment-154.ts' for writing
frame=28397 fps=1858 q=-1.0 size=N/A time=00:19:01.00 bitrate=N/A speed=74.7x elapsed=0:00:15.28    
[hls @ 000001adcaa8db80] Opening 'cache/segment-155.ts' for writing
[hls @ 000001adcaa8db80] Opening 'cache/segment-156.ts' for writing
[hls @ 000001adcaa8db80] Opening 'cache/segment-157.ts' for writing
[hls @ 000001adcaa8db80] Opening 'cache/segment-158.ts' for writing
[hls @ 000001adcaa8db80] Opening 'cache/segment-159.ts' for writing
frame=29243 fps=1851 q=-1.0 size=N/A time=00:19:36.43 bitrate=N/A speed=74.5x elapsed=0:00:15.79    
[hls @ 000001adcaa8db80] Opening 'cache/segment-160.ts' for writing
[hls @ 000001adcaa8db80] Opening 'cache/segment-161.ts' for writing
[hls @ 000001adcaa8db80] Opening 'cache/segment-162.ts' for writing
frame=30163 fps=1850 q=-1.0 size=N/A time=00:20:14.66 bitrate=N/A speed=74.5x elapsed=0:00:16.30    
[hls @ 000001adcaa8db80] Opening 'cache/segment-163.ts' for writing
[hls @ 000001adcaa8db80] Opening 'cache/segment-164.ts' for writing
[hls @ 000001adcaa8db80] Opening 'cache/segment-165.ts' for writing
[hls @ 000001adcaa8db80] Opening 'cache/segment-166.ts' for writing
[hls @ 000001adcaa8db80] Opening 'cache/segment-167.ts' for writing
frame=31115 fps=1850 q=-1.0 size=N/A time=00:20:54.36 bitrate=N/A speed=74.6x elapsed=0:00:16.81    
[hls @ 000001adcaa8db80] Opening 'cache/segment-168.ts' for writing
[hls @ 000001adcaa8db80] Opening 'cache/segment-169.ts' for writing
[hls @ 000001adcaa8db80] Opening 'cache/segment-170.ts' for writing
[hls @ 000001adcaa8db80] Opening 'cache/segment-171.ts' for writing
frame=32026 fps=1849 q=-1.0 size=N/A time=00:21:32.35 bitrate=N/A speed=74.6x elapsed=0:00:17.31    
[hls @ 000001adcaa8db80] Opening 'cache/segment-172.ts' for writing
[hls @ 000001adcaa8db80] Opening 'cache/segment-173.ts' for writing
[hls @ 000001adcaa8db80] Opening 'cache/segment-174.ts' for writing
[hls @ 000001adcaa8db80] Opening 'cache/segment-175.ts' for writing
[hls @ 000001adcaa8db80] Opening 'cache/segment-176.ts' for writing
frame=32902 fps=1846 q=-1.0 size=N/A time=00:22:08.92 bitrate=N/A speed=74.6x elapsed=0:00:17.82    
[hls @ 000001adcaa8db80] Opening 'cache/segment-177.ts' for writing
[hls @ 000001adcaa8db80] Opening 'cache/segment-178.ts' for writing
[hls @ 000001adcaa8db80] Opening 'cache/segment-179.ts' for writing
frame=33776 fps=1843 q=-1.0 size=N/A time=00:22:45.36 bitrate=N/A speed=74.5x elapsed=0:00:18.32    
[hls @ 000001adcaa8db80] Opening 'cache/segment-180.ts' for writing
[hls @ 000001adcaa8db80] Opening 'cache/segment-181.ts' for writing
[hls @ 000001adcaa8db80] Opening 'cache/segment-182.ts' for writing
[hls @ 000001adcaa8db80] Opening 'cache/segment-183.ts' for writing
[hls @ 000001adcaa8db80] Opening 'cache/segment-184.ts' for writing
frame=34677 fps=1842 q=-1.0 size=N/A time=00:23:22.94 bitrate=N/A speed=74.5x elapsed=0:00:18.82    
[hls @ 000001adcaa8db80] Opening 'cache/segment-185.ts' for writing
[hls @ 000001adcaa8db80] Opening 'cache/segment-186.ts' for writing
[hls @ 000001adcaa8db80] Opening 'cache/segment-187.ts' for writing
[hls @ 000001adcaa8db80] Opening 'cache/segment-188.ts' for writing
[hls @ 000001adcaa8db80] Opening 'cache/segment-189.ts' for writing
frame=35613 fps=1841 q=-1.0 size=N/A time=00:24:01.96 bitrate=N/A speed=74.5x elapsed=0:00:19.34    
[hls @ 000001adcaa8db80] Opening 'cache/segment-190.ts' for writing
[hls @ 000001adcaa8db80] Opening 'cache/segment-191.ts' for writing
[hls @ 000001adcaa8db80] Opening 'cache/segment-192.ts' for writing
[hls @ 000001adcaa8db80] Opening 'cache/segment-193.ts' for writing
frame=36525 fps=1839 q=-1.0 size=N/A time=00:24:40.03 bitrate=N/A speed=74.5x elapsed=0:00:19.85    
[hls @ 000001adcaa8db80] Opening 'cache/segment-194.ts' for writing
[hls @ 000001adcaa8db80] Opening 'cache/segment-195.ts' for writing
[hls @ 000001adcaa8db80] Opening 'cache/segment-196.ts' for writing
[hls @ 000001adcaa8db80] Opening 'cache/segment-197.ts' for writing
[hls @ 000001adcaa8db80] Opening 'cache/segment-198.ts' for writing
[hls @ 000001adcaa8db80] Opening 'cache/segment-199.ts' for writing
[hls @ 000001adcaa8db80] Opening 'cache/segment-200.ts' for writing
frame=37412 fps=1837 q=-1.0 size=N/A time=00:25:17.01 bitrate=N/A speed=74.5x elapsed=0:00:20.36    
[hls @ 000001adcaa8db80] Opening 'cache/segment-201.ts' for writing
[hls @ 000001adcaa8db80] Opening 'cache/segment-202.ts' for writing
[hls @ 000001adcaa8db80] Opening 'cache/segment-203.ts' for writing
[hls @ 000001adcaa8db80] Opening 'cache/segment-204.ts' for writing
frame=38359 fps=1838 q=-1.0 size=N/A time=00:25:56.52 bitrate=N/A speed=74.6x elapsed=0:00:20.87    
[hls @ 000001adcaa8db80] Opening 'cache/segment-205.ts' for writing
[hls @ 000001adcaa8db80] Opening 'cache/segment-206.ts' for writing
[hls @ 000001adcaa8db80] Opening 'cache/segment-207.ts' for writing
[hls @ 000001adcaa8db80] Opening 'cache/segment-208.ts' for writing
[hls @ 000001adcaa8db80] Opening 'cache/segment-209.ts' for writing
frame=39321 fps=1838 q=-1.0 size=N/A time=00:26:36.62 bitrate=N/A speed=74.6x elapsed=0:00:21.39    
[hls @ 000001adcaa8db80] Opening 'cache/segment-210.ts' for writing
[hls @ 000001adcaa8db80] Opening 'cache/segment-211.ts' for writing
[hls @ 000001adcaa8db80] Opening 'cache/segment-212.ts' for writing
[hls @ 000001adcaa8db80] Opening 'cache/segment-213.ts' for writing
[hls @ 000001adcaa8db80] Opening 'cache/segment-214.ts' for writing
frame=40294 fps=1840 q=-1.0 size=N/A time=00:27:17.23 bitrate=N/A speed=74.8x elapsed=0:00:21.90    
[hls @ 000001adcaa8db80] Opening 'cache/segment-215.ts' for writing
[hls @ 000001adcaa8db80] Opening 'cache/segment-216.ts' for writing
[hls @ 000001adcaa8db80] Opening 'cache/segment-217.ts' for writing
[hls @ 000001adcaa8db80] Opening 'cache/segment-218.ts' for writing
[hls @ 000001adcaa8db80] Opening 'cache/segment-219.ts' for writing
frame=41210 fps=1839 q=-1.0 size=N/A time=00:27:55.41 bitrate=N/A speed=74.8x elapsed=0:00:22.40    
[hls @ 000001adcaa8db80] Opening 'cache/segment-220.ts' for writing
[hls @ 000001adcaa8db80] Opening 'cache/segment-221.ts' for writing
[hls @ 000001adcaa8db80] Opening 'cache/segment-222.ts' for writing
[hls @ 000001adcaa8db80] Opening 'cache/segment-223.ts' for writing
[hls @ 000001adcaa8db80] Opening 'cache/segment-224.ts' for writing
frame=42184 fps=1841 q=-1.0 size=N/A time=00:28:36.04 bitrate=N/A speed=74.9x elapsed=0:00:22.91    
[hls @ 000001adcaa8db80] Opening 'cache/segment-225.ts' for writing
[hls @ 000001adcaa8db80] Opening 'cache/segment-226.ts' for writing
[hls @ 000001adcaa8db80] Opening 'cache/segment-227.ts' for writing
[hls @ 000001adcaa8db80] Opening 'cache/segment-228.ts' for writing
frame=43141 fps=1841 q=-1.0 size=N/A time=00:29:15.98 bitrate=N/A speed=74.9x elapsed=0:00:23.43    
[hls @ 000001adcaa8db80] Opening 'cache/segment-229.ts' for writing
[hls @ 000001adcaa8db80] Opening 'cache/segment-230.ts' for writing
[hls @ 000001adcaa8db80] Opening 'cache/segment-231.ts' for writing
[hls @ 000001adcaa8db80] Opening 'cache/segment-232.ts' for writing
frame=44016 fps=1838 q=-1.0 size=N/A time=00:29:52.46 bitrate=N/A speed=74.8x elapsed=0:00:23.94    
[hls @ 000001adcaa8db80] Opening 'cache/segment-233.ts' for writing
[hls @ 000001adcaa8db80] Opening 'cache/segment-234.ts' for writing
[hls @ 000001adcaa8db80] Opening 'cache/segment-235.ts' for writing
[hls @ 000001adcaa8db80] Opening 'cache/segment-236.ts' for writing
frame=44910 fps=1836 q=-1.0 size=N/A time=00:30:29.73 bitrate=N/A speed=74.8x elapsed=0:00:24.46    
[hls @ 000001adcaa8db80] Opening 'cache/segment-237.ts' for writing
[hls @ 000001adcaa8db80] Opening 'cache/segment-238.ts' for writing
[hls @ 000001adcaa8db80] Opening 'cache/segment-239.ts' for writing
[hls @ 000001adcaa8db80] Opening 'cache/segment-240.ts' for writing
[hls @ 000001adcaa8db80] Opening 'cache/segment-241.ts' for writing
[hls @ 000001adcaa8db80] Opening 'cache/segment-242.ts' for writing
[hls @ 000001adcaa8db80] Opening 'cache/segment-243.ts' for writing
frame=45842 fps=1837 q=-1.0 size=N/A time=00:31:08.59 bitrate=N/A speed=74.9x elapsed=0:00:24.96    
[hls @ 000001adcaa8db80] Opening 'cache/segment-244.ts' for writing
[hls @ 000001adcaa8db80] Opening 'cache/segment-245.ts' for writing
[hls @ 000001adcaa8db80] Opening 'cache/segment-246.ts' for writing
[hls @ 000001adcaa8db80] Opening 'cache/segment-247.ts' for writing
[hls @ 000001adcaa8db80] Opening 'cache/segment-248.ts' for writing
frame=46795 fps=1838 q=-1.0 size=N/A time=00:31:48.36 bitrate=N/A speed=  75x elapsed=0:00:25.46    
[hls @ 000001adcaa8db80] Opening 'cache/segment-249.ts' for writing
[hls @ 000001adcaa8db80] Opening 'cache/segment-250.ts' for writing
[hls @ 000001adcaa8db80] Opening 'cache/segment-251.ts' for writing
[hls @ 000001adcaa8db80] Opening 'cache/segment-252.ts' for writing
[hls @ 000001adcaa8db80] Opening 'cache/segment-253.ts' for writing
[hls @ 000001adcaa8db80] Opening 'cache/segment-254.ts' for writing
[hls @ 000001adcaa8db80] Opening 'cache/segment-255.ts' for writing
[hls @ 000001adcaa8db80] Opening 'cache/segment-256.ts' for writing
[hls @ 000001adcaa8db80] Opening 'cache/segment-257.ts' for writing
[hls @ 000001adcaa8db80] Opening 'cache/segment-258.ts' for writing
frame=47709 fps=1838 q=-1.0 size=N/A time=00:32:26.49 bitrate=N/A speed=  75x elapsed=0:00:25.96    
[hls @ 000001adcaa8db80] Opening 'cache/segment-259.ts' for writing
[hls @ 000001adcaa8db80] Opening 'cache/segment-260.ts' for writing
[hls @ 000001adcaa8db80] Opening 'cache/segment-261.ts' for writing
[hls @ 000001adcaa8db80] Opening 'cache/segment-262.ts' for writing
[hls @ 000001adcaa8db80] Opening 'cache/segment-263.ts' for writing
[hls @ 000001adcaa8db80] Opening 'cache/segment-264.ts' for writing
frame=48656 fps=1838 q=-1.0 size=N/A time=00:33:05.97 bitrate=N/A speed=  75x elapsed=0:00:26.47    
[hls @ 000001adcaa8db80] Opening 'cache/segment-265.ts' for writing
[hls @ 000001adcaa8db80] Opening 'cache/segment-266.ts' for writing
[hls @ 000001adcaa8db80] Opening 'cache/segment-267.ts' for writing
[hls @ 000001adcaa8db80] Opening 'cache/segment-268.ts' for writing
frame=49595 fps=1837 q=-1.0 size=N/A time=00:33:45.14 bitrate=N/A speed=  75x elapsed=0:00:26.99    
[hls @ 000001adcaa8db80] Opening 'cache/segment-269.ts' for writing
[hls @ 000001adcaa8db80] Opening 'cache/segment-270.ts' for writing
[hls @ 000001adcaa8db80] Opening 'cache/segment-271.ts' for writing
[hls @ 000001adcaa8db80] Opening 'cache/segment-272.ts' for writing
frame=50527 fps=1838 q=-1.0 size=N/A time=00:34:24.00 bitrate=N/A speed=75.1x elapsed=0:00:27.49    
[hls @ 000001adcaa8db80] Opening 'cache/segment-273.ts' for writing
[hls @ 000001adcaa8db80] Opening 'cache/segment-274.ts' for writing
[hls @ 000001adcaa8db80] Opening 'cache/segment-275.ts' for writing
[hls @ 000001adcaa8db80] Opening 'cache/segment-276.ts' for writing
[hls @ 000001adcaa8db80] Opening 'cache/segment-277.ts' for writing
[hls @ 000001adcaa8db80] Opening 'cache/segment-278.ts' for writing
[hls @ 000001adcaa8db80] Opening 'cache/segment-279.ts' for writing
[hls @ 000001adcaa8db80] Opening 'cache/segment-280.ts' for writing
[hls @ 000001adcaa8db80] Opening 'cache/segment-281.ts' for writing
[hls @ 000001adcaa8db80] Opening 'cache/segment-282.ts' for writing
[hls @ 000001adcaa8db80] Opening 'cache/segment-283.ts' for writing
frame=52447 fps=1840 q=-1.0 size=N/A time=00:35:44.11 bitrate=N/A speed=75.2x elapsed=0:00:28.50    
[hls @ 000001adcaa8db80] Opening 'cache/segment-284.ts' for writing
[hls @ 000001adcaa8db80] Opening 'cache/segment-285.ts' for writing
[hls @ 000001adcaa8db80] Opening 'cache/segment-286.ts' for writing
[hls @ 000001adcaa8db80] Opening 'cache/segment-287.ts' for writing
frame=53390 fps=1840 q=-1.0 size=N/A time=00:36:23.42 bitrate=N/A speed=75.2x elapsed=0:00:29.01    
[hls @ 000001adcaa8db80] Opening 'cache/segment-288.ts' for writing
[hls @ 000001adcaa8db80] Opening 'cache/segment-289.ts' for writing
[hls @ 000001adcaa8db80] Opening 'cache/segment-290.ts' for writing
[hls @ 000001adcaa8db80] Opening 'cache/segment-291.ts' for writing
[hls @ 000001adcaa8db80] Opening 'cache/segment-292.ts' for writing
frame=54327 fps=1839 q=-1.0 size=N/A time=00:37:02.49 bitrate=N/A speed=75.3x elapsed=0:00:29.53    
[hls @ 000001adcaa8db80] Opening 'cache/segment-293.ts' for writing
[hls @ 000001adcaa8db80] Opening 'cache/segment-294.ts' for writing
[hls @ 000001adcaa8db80] Opening 'cache/segment-295.ts' for writing
[hls @ 000001adcaa8db80] Opening 'cache/segment-296.ts' for writing
frame=55248 fps=1839 q=-1.0 size=N/A time=00:37:40.94 bitrate=N/A speed=75.2x elapsed=0:00:30.04    
[hls @ 000001adcaa8db80] Opening 'cache/segment-297.ts' for writing
[hls @ 000001adcaa8db80] Opening 'cache/segment-298.ts' for writing
[hls @ 000001adcaa8db80] Opening 'cache/segment-299.ts' for writing
frame=56137 fps=1838 q=-1.0 size=N/A time=00:38:18.00 bitrate=N/A speed=75.2x elapsed=0:00:30.55    
[hls @ 000001adcaa8db80] Opening 'cache/segment-300.ts' for writing
[hls @ 000001adcaa8db80] Opening 'cache/segment-301.ts' for writing
[hls @ 000001adcaa8db80] Opening 'cache/segment-302.ts' for writing
[hls @ 000001adcaa8db80] Opening 'cache/segment-303.ts' for writing
[hls @ 000001adcaa8db80] Opening 'cache/segment-304.ts' for writing
frame=57011 fps=1836 q=-1.0 size=N/A time=00:38:54.48 bitrate=N/A speed=75.2x elapsed=0:00:31.05    
[hls @ 000001adcaa8db80] Opening 'cache/segment-305.ts' for writing
[hls @ 000001adcaa8db80] Opening 'cache/segment-306.ts' for writing
[hls @ 000001adcaa8db80] Opening 'cache/segment-307.ts' for writing
[hls @ 000001adcaa8db80] Opening 'cache/segment-308.ts' for writing
[hls @ 000001adcaa8db80] Opening 'cache/segment-309.ts' for writing
[hls @ 000001adcaa8db80] Opening 'cache/segment-310.ts' for writing
frame=57938 fps=1836 q=-1.0 size=N/A time=00:39:33.12 bitrate=N/A speed=75.2x elapsed=0:00:31.55    
[hls @ 000001adcaa8db80] Opening 'cache/segment-311.ts' for writing
[hls @ 000001adcaa8db80] Opening 'cache/segment-312.ts' for writing
[hls @ 000001adcaa8db80] Opening 'cache/segment-313.ts' for writing
[hls @ 000001adcaa8db80] Opening 'cache/segment-314.ts' for writing
[hls @ 000001adcaa8db80] Opening 'cache/segment-315.ts' for writing
frame=58866 fps=1836 q=-1.0 size=N/A time=00:40:11.80 bitrate=N/A speed=75.2x elapsed=0:00:32.05    
[hls @ 000001adcaa8db80] Opening 'cache/segment-316.ts' for writing
[hls @ 000001adcaa8db80] Opening 'cache/segment-317.ts' for writing
[hls @ 000001adcaa8db80] Opening 'cache/segment-318.ts' for writing
[hls @ 000001adcaa8db80] Opening 'cache/segment-319.ts' for writing
frame=59740 fps=1835 q=-1.0 size=N/A time=00:40:48.28 bitrate=N/A speed=75.2x elapsed=0:00:32.55    
[hls @ 000001adcaa8db80] Opening 'cache/segment-320.ts' for writing
[hls @ 000001adcaa8db80] Opening 'cache/segment-321.ts' for writing
[hls @ 000001adcaa8db80] Opening 'cache/segment-322.ts' for writing
frame=60711 fps=1836 q=-1.0 size=N/A time=00:41:28.77 bitrate=N/A speed=75.3x elapsed=0:00:33.07    
[hls @ 000001adcaa8db80] Opening 'cache/segment-323.ts' for writing
[hls @ 000001adcaa8db80] Opening 'cache/segment-324.ts' for writing
[hls @ 000001adcaa8db80] Opening 'cache/segment-325.ts' for writing
[hls @ 000001adcaa8db80] Opening 'cache/segment-326.ts' for writing
[hls @ 000001adcaa8db80] Opening 'cache/segment-327.ts' for writing
frame=61586 fps=1834 q=-1.0 size=N/A time=00:42:05.28 bitrate=N/A speed=75.2x elapsed=0:00:33.57    
[hls @ 000001adcaa8db80] Opening 'cache/segment-328.ts' for writing
[hls @ 000001adcaa8db80] Opening 'cache/segment-329.ts' for writing
[hls @ 000001adcaa8db80] Opening 'cache/segment-330.ts' for writing
[hls @ 000001adcaa8db80] Opening 'cache/segment-331.ts' for writing
[hls @ 000001adcaa8db80] Opening 'cache/segment-332.ts' for writing
frame=62526 fps=1835 q=-1.0 size=N/A time=00:42:44.47 bitrate=N/A speed=75.3x elapsed=0:00:34.07    
[hls @ 000001adcaa8db80] Opening 'cache/segment-333.ts' for writing
[hls @ 000001adcaa8db80] Opening 'cache/segment-334.ts' for writing
[hls @ 000001adcaa8db80] Opening 'cache/segment-335.ts' for writing
[hls @ 000001adcaa8db80] Opening 'cache/segment-336.ts' for writing
[hls @ 000001adcaa8db80] Opening 'cache/segment-337.ts' for writing
frame=63443 fps=1834 q=-1.0 size=N/A time=00:43:22.72 bitrate=N/A speed=75.2x elapsed=0:00:34.58    
[hls @ 000001adcaa8db80] Opening 'cache/segment-338.ts' for writing
[hls @ 000001adcaa8db80] Opening 'cache/segment-339.ts' for writing
[hls @ 000001adcaa8db80] Opening 'cache/segment-340.ts' for writing
[hls @ 000001adcaa8db80] Opening 'cache/segment-341.ts' for writing
[hls @ 000001adcaa8db80] Opening 'cache/segment-342.ts' for writing
[hls @ 000001adcaa8db80] Opening 'cache/segment-343.ts' for writing
[hls @ 000001adcaa8db80] Opening 'cache/segment-344.ts' for writing
frame=65309 fps=1834 q=-1.0 size=N/A time=00:44:40.53 bitrate=N/A speed=75.3x elapsed=0:00:35.60    
[hls @ 000001adcaa8db80] Opening 'cache/segment-345.ts' for writing
[hls @ 000001adcaa8db80] Opening 'cache/segment-346.ts' for writing
[hls @ 000001adcaa8db80] Opening 'cache/segment-347.ts' for writing
[hls @ 000001adcaa8db80] Opening 'cache/segment-348.ts' for writing
[hls @ 000001adcaa8db80] Opening 'cache/segment-349.ts' for writing
frame=66252 fps=1834 q=-1.0 size=N/A time=00:45:19.89 bitrate=N/A speed=75.3x elapsed=0:00:36.11    
[hls @ 000001adcaa8db80] Opening 'cache/segment-350.ts' for writing
[hls @ 000001adcaa8db80] Opening 'cache/segment-351.ts' for writing
[hls @ 000001adcaa8db80] Opening 'cache/segment-352.ts' for writing
frame=67180 fps=1834 q=-1.0 size=N/A time=00:45:58.60 bitrate=N/A speed=75.3x elapsed=0:00:36.63    
[hls @ 000001adcaa8db80] Opening 'cache/segment-353.ts' for writing
[hls @ 000001adcaa8db80] Opening 'cache/segment-354.ts' for writing
[hls @ 000001adcaa8db80] Opening 'cache/segment-355.ts' for writing
[hls @ 000001adcaa8db80] Opening 'cache/segment-356.ts' for writing
[hls @ 000001adcaa8db80] Opening 'cache/segment-357.ts' for writing
frame=68094 fps=1833 q=-1.0 size=N/A time=00:46:36.72 bitrate=N/A speed=75.3x elapsed=0:00:37.14    
[hls @ 000001adcaa8db80] Opening 'cache/segment-358.ts' for writing
[hls @ 000001adcaa8db80] Opening 'cache/segment-359.ts' for writing
[hls @ 000001adcaa8db80] Opening 'cache/segment-360.ts' for writing
[hls @ 000001adcaa8db80] Opening 'cache/segment-361.ts' for writing
[hls @ 000001adcaa8db80] Opening 'cache/segment-362.ts' for writing
frame=69041 fps=1833 q=-1.0 size=N/A time=00:47:16.20 bitrate=N/A speed=75.3x elapsed=0:00:37.65    
[hls @ 000001adcaa8db80] Opening 'cache/segment-363.ts' for writing
[hls @ 000001adcaa8db80] Opening 'cache/segment-364.ts' for writing
[hls @ 000001adcaa8db80] Opening 'cache/segment-365.ts' for writing
[hls @ 000001adcaa8db80] Opening 'cache/segment-366.ts' for writing
[hls @ 000001adcaa8db80] Opening 'cache/segment-367.ts' for writing
frame=69978 fps=1834 q=-1.0 size=N/A time=00:47:55.29 bitrate=N/A speed=75.3x elapsed=0:00:38.16    
[hls @ 000001adcaa8db80] Opening 'cache/segment-368.ts' for writing
[hls @ 000001adcaa8db80] Opening 'cache/segment-369.ts' for writing
[hls @ 000001adcaa8db80] Opening 'cache/segment-370.ts' for writing
[hls @ 000001adcaa8db80] Opening 'cache/segment-371.ts' for writing
[hls @ 000001adcaa8db80] Opening 'cache/segment-372.ts' for writing
[hls @ 000001adcaa8db80] Opening 'cache/segment-373.ts' for writing
frame=70948 fps=1834 q=-1.0 size=N/A time=00:48:35.73 bitrate=N/A speed=75.4x elapsed=0:00:38.67    
[hls @ 000001adcaa8db80] Opening 'cache/segment-374.ts' for writing
[hls @ 000001adcaa8db80] Opening 'cache/segment-375.ts' for writing
[hls @ 000001adcaa8db80] Opening 'cache/segment-376.ts' for writing
[hls @ 000001adcaa8db80] Opening 'cache/segment-377.ts' for writing
frame=71871 fps=1834 q=-1.0 size=N/A time=00:49:14.23 bitrate=N/A speed=75.4x elapsed=0:00:39.19    
[hls @ 000001adcaa8db80] Opening 'cache/segment-378.ts' for writing
[hls @ 000001adcaa8db80] Opening 'cache/segment-379.ts' for writing
[hls @ 000001adcaa8db80] Opening 'cache/segment-380.ts' for writing
[hls @ 000001adcaa8db80] Opening 'cache/segment-381.ts' for writing
frame=72798 fps=1834 q=-1.0 size=N/A time=00:49:52.92 bitrate=N/A speed=75.4x elapsed=0:00:39.69    
[hls @ 000001adcaa8db80] Opening 'cache/segment-382.ts' for writing
[hls @ 000001adcaa8db80] Opening 'cache/segment-383.ts' for writing
[hls @ 000001adcaa8db80] Opening 'cache/segment-384.ts' for writing
frame=73743 fps=1834 q=-1.0 size=N/A time=00:50:32.32 bitrate=N/A speed=75.4x elapsed=0:00:40.20    
[hls @ 000001adcaa8db80] Opening 'cache/segment-385.ts' for writing
[hls @ 000001adcaa8db80] Opening 'cache/segment-386.ts' for writing
[hls @ 000001adcaa8db80] Opening 'cache/segment-387.ts' for writing
[hls @ 000001adcaa8db80] Opening 'cache/segment-388.ts' for writing
[hls @ 000001adcaa8db80] Opening 'cache/segment-389.ts' for writing
frame=74707 fps=1835 q=-1.0 size=N/A time=00:51:12.64 bitrate=N/A speed=75.5x elapsed=0:00:40.72    
[hls @ 000001adcaa8db80] Opening 'cache/segment-390.ts' for writing
[hls @ 000001adcaa8db80] Opening 'cache/segment-391.ts' for writing
[hls @ 000001adcaa8db80] Opening 'cache/segment-392.ts' for writing
frame=75655 fps=1835 q=-1.0 size=N/A time=00:51:52.08 bitrate=N/A speed=75.5x elapsed=0:00:41.22    
[hls @ 000001adcaa8db80] Opening 'cache/segment-393.ts' for writing
[hls @ 000001adcaa8db80] Opening 'cache/segment-394.ts' for writing
[hls @ 000001adcaa8db80] Opening 'cache/segment-395.ts' for writing
[hls @ 000001adcaa8db80] Opening 'cache/segment-396.ts' for writing
frame=76563 fps=1835 q=-1.0 size=N/A time=00:52:29.97 bitrate=N/A speed=75.5x elapsed=0:00:41.72    
[hls @ 000001adcaa8db80] Opening 'cache/segment-397.ts' for writing
[hls @ 000001adcaa8db80] Opening 'cache/segment-398.ts' for writing
[hls @ 000001adcaa8db80] Opening 'cache/segment-399.ts' for writing
[hls @ 000001adcaa8db80] Opening 'cache/segment-400.ts' for writing
frame=77481 fps=1834 q=-1.0 size=N/A time=00:53:08.23 bitrate=N/A speed=75.5x elapsed=0:00:42.23    
[hls @ 000001adcaa8db80] Opening 'cache/segment-401.ts' for writing
[hls @ 000001adcaa8db80] Opening 'cache/segment-402.ts' for writing
[hls @ 000001adcaa8db80] Opening 'cache/segment-403.ts' for writing
[hls @ 000001adcaa8db80] Opening 'cache/segment-404.ts' for writing
frame=78472 fps=1835 q=-1.0 size=N/A time=00:53:49.56 bitrate=N/A speed=75.5x elapsed=0:00:42.75    
[hls @ 000001adcaa8db80] Opening 'cache/segment-405.ts' for writing
[hls @ 000001adcaa8db80] Opening 'cache/segment-406.ts' for writing
[hls @ 000001adcaa8db80] Opening 'cache/segment-407.ts' for writing
[hls @ 000001adcaa8db80] Opening 'cache/segment-408.ts' for writing
[hls @ 000001adcaa8db80] Opening 'cache/segment-409.ts' for writing
[hls @ 000001adcaa8db80] Opening 'cache/segment-410.ts' for writing
[hls @ 000001adcaa8db80] Opening 'cache/segment-411.ts' for writing
frame=79439 fps=1836 q=-1.0 size=N/A time=00:54:29.88 bitrate=N/A speed=75.6x elapsed=0:00:43.26    
[hls @ 000001adcaa8db80] Opening 'cache/segment-412.ts' for writing
[hls @ 000001adcaa8db80] Opening 'cache/segment-413.ts' for writing
[hls @ 000001adcaa8db80] Opening 'cache/segment-414.ts' for writing
[hls @ 000001adcaa8db80] Opening 'cache/segment-415.ts' for writing
[hls @ 000001adcaa8db80] Opening 'cache/segment-416.ts' for writing
frame=80376 fps=1836 q=-1.0 size=N/A time=00:55:08.97 bitrate=N/A speed=75.6x elapsed=0:00:43.78    
[hls @ 000001adcaa8db80] Opening 'cache/segment-417.ts' for writing
[hls @ 000001adcaa8db80] Opening 'cache/segment-418.ts' for writing
[hls @ 000001adcaa8db80] Opening 'cache/segment-419.ts' for writing
[hls @ 000001adcaa8db80] Opening 'cache/segment-420.ts' for writing
[hls @ 000001adcaa8db80] Opening 'cache/segment-421.ts' for writing
frame=81301 fps=1835 q=-1.0 size=N/A time=00:55:47.54 bitrate=N/A speed=75.6x elapsed=0:00:44.29    
[hls @ 000001adcaa8db80] Opening 'cache/segment-422.ts' for writing
[hls @ 000001adcaa8db80] Opening 'cache/segment-423.ts' for writing
[hls @ 000001adcaa8db80] Opening 'cache/segment-424.ts' for writing
[hls @ 000001adcaa8db80] Opening 'cache/segment-425.ts' for writing
frame=82209 fps=1835 q=-1.0 size=N/A time=00:56:25.44 bitrate=N/A speed=75.5x elapsed=0:00:44.81    
[hls @ 000001adcaa8db80] Opening 'cache/segment-426.ts' for writing
[hls @ 000001adcaa8db80] Opening 'cache/segment-427.ts' for writing
[hls @ 000001adcaa8db80] Opening 'cache/segment-428.ts' for writing
[hls @ 000001adcaa8db80] Opening 'cache/segment-429.ts' for writing
[hls @ 000001adcaa8db80] Opening 'cache/segment-430.ts' for writing
frame=83176 fps=1835 q=-1.0 size=N/A time=00:57:05.76 bitrate=N/A speed=75.6x elapsed=0:00:45.32    
[hls @ 000001adcaa8db80] Opening 'cache/segment-431.ts' for writing
[hls @ 000001adcaa8db80] Opening 'cache/segment-432.ts' for writing
[hls @ 000001adcaa8db80] Opening 'cache/segment-433.ts' for writing
[hls @ 000001adcaa8db80] Opening 'cache/segment-434.ts' for writing
frame=84155 fps=1836 q=-1.0 size=N/A time=00:57:46.58 bitrate=N/A speed=75.6x elapsed=0:00:45.84    
[hls @ 000001adcaa8db80] Opening 'cache/segment-435.ts' for writing
[hls @ 000001adcaa8db80] Opening 'cache/segment-436.ts' for writing
[hls @ 000001adcaa8db80] Opening 'cache/segment-437.ts' for writing
[hls @ 000001adcaa8db80] Opening 'cache/segment-438.ts' for writing
[hls @ 000001adcaa8db80] Opening 'cache/segment-439.ts' for writing
frame=85088 fps=1836 q=-1.0 size=N/A time=00:58:25.48 bitrate=N/A speed=75.6x elapsed=0:00:46.34    
[hls @ 000001adcaa8db80] Opening 'cache/segment-440.ts' for writing
[hls @ 000001adcaa8db80] Opening 'cache/segment-441.ts' for writing
[hls @ 000001adcaa8db80] Opening 'cache/segment-442.ts' for writing
[hls @ 000001adcaa8db80] Opening 'cache/segment-443.ts' for writing
[hls @ 000001adcaa8db80] Opening 'cache/segment-444.ts' for writing
frame=86021 fps=1836 q=-1.0 size=N/A time=00:59:04.44 bitrate=N/A speed=75.6x elapsed=0:00:46.85    
[hls @ 000001adcaa8db80] Opening 'cache/segment-445.ts' for writing
[hls @ 000001adcaa8db80] Opening 'cache/segment-446.ts' for writing
[hls @ 000001adcaa8db80] Opening 'cache/segment-447.ts' for writing
[hls @ 000001adcaa8db80] Opening 'cache/segment-448.ts' for writing
frame=86902 fps=1835 q=-1.0 size=N/A time=00:59:41.16 bitrate=N/A speed=75.6x elapsed=0:00:47.35    
[hls @ 000001adcaa8db80] Opening 'cache/segment-449.ts' for writing
[hls @ 000001adcaa8db80] Opening 'cache/segment-450.ts' for writing
[hls @ 000001adcaa8db80] Opening 'cache/segment-451.ts' for writing
[hls @ 000001adcaa8db80] Opening 'cache/segment-452.ts' for writing
frame=87864 fps=1835 q=-1.0 size=N/A time=01:00:21.28 bitrate=N/A speed=75.6x elapsed=0:00:47.87    
[hls @ 000001adcaa8db80] Opening 'cache/segment-453.ts' for writing
[hls @ 000001adcaa8db80] Opening 'cache/segment-454.ts' for writing
[hls @ 000001adcaa8db80] Opening 'cache/segment-455.ts' for writing
[hls @ 000001adcaa8db80] Opening 'cache/segment-456.ts' for writing
frame=88803 fps=1835 q=-1.0 size=N/A time=01:01:00.45 bitrate=N/A speed=75.6x elapsed=0:00:48.38    
[hls @ 000001adcaa8db80] Opening 'cache/segment-457.ts' for writing
[hls @ 000001adcaa8db80] Opening 'cache/segment-458.ts' for writing
[hls @ 000001adcaa8db80] Opening 'cache/segment-459.ts' for writing
[hls @ 000001adcaa8db80] Opening 'cache/segment-460.ts' for writing
[hls @ 000001adcaa8db80] Opening 'cache/segment-461.ts' for writing
[hls @ 000001adcaa8db80] Opening 'cache/segment-462.ts' for writing
frame=89716 fps=1835 q=-1.0 size=N/A time=01:01:38.54 bitrate=N/A speed=75.6x elapsed=0:00:48.89    
[hls @ 000001adcaa8db80] Opening 'cache/segment-463.ts' for writing
[hls @ 000001adcaa8db80] Opening 'cache/segment-464.ts' for writing
[hls @ 000001adcaa8db80] Opening 'cache/segment-465.ts' for writing
[hls @ 000001adcaa8db80] Opening 'cache/segment-466.ts' for writing
[hls @ 000001adcaa8db80] Opening 'cache/segment-467.ts' for writing
frame=90643 fps=1834 q=-1.0 size=N/A time=01:02:17.18 bitrate=N/A speed=75.6x elapsed=0:00:49.41    
[hls @ 000001adcaa8db80] Opening 'cache/segment-468.ts' for writing
[hls @ 000001adcaa8db80] Opening 'cache/segment-469.ts' for writing
[hls @ 000001adcaa8db80] Opening 'cache/segment-470.ts' for writing
[hls @ 000001adcaa8db80] Opening 'cache/segment-471.ts' for writing
[hls @ 000001adcaa8db80] Opening 'cache/segment-472.ts' for writing
frame=91592 fps=1835 q=-1.0 size=N/A time=01:02:56.78 bitrate=N/A speed=75.7x elapsed=0:00:49.91    
[hls @ 000001adcaa8db80] Opening 'cache/segment-473.ts' for writing
[hls @ 000001adcaa8db80] Opening 'cache/segment-474.ts' for writing
[hls @ 000001adcaa8db80] Opening 'cache/segment-475.ts' for writing
[hls @ 000001adcaa8db80] Opening 'cache/segment-476.ts' for writing
[hls @ 000001adcaa8db80] Opening 'cache/segment-477.ts' for writing
[hls @ 000001adcaa8db80] Opening 'cache/segment-478.ts' for writing
frame=92619 fps=1837 q=-1.0 size=N/A time=01:03:39.62 bitrate=N/A speed=75.7x elapsed=0:00:50.42    
[hls @ 000001adcaa8db80] Opening 'cache/segment-479.ts' for writing
[hls @ 000001adcaa8db80] Opening 'cache/segment-480.ts' for writing
[hls @ 000001adcaa8db80] Opening 'cache/segment-481.ts' for writing
[hls @ 000001adcaa8db80] Opening 'cache/segment-482.ts' for writing
[hls @ 000001adcaa8db80] Opening 'cache/segment-483.ts' for writing
[hls @ 000001adcaa8db80] Opening 'cache/segment-484.ts' for writing
frame=93570 fps=1837 q=-1.0 size=N/A time=01:04:19.27 bitrate=N/A speed=75.8x elapsed=0:00:50.94    
[hls @ 000001adcaa8db80] Opening 'cache/segment-485.ts' for writing
[hls @ 000001adcaa8db80] Opening 'cache/segment-486.ts' for writing
[hls @ 000001adcaa8db80] Opening 'cache/segment-487.ts' for writing
[hls @ 000001adcaa8db80] Opening 'cache/segment-488.ts' for writing
frame=94527 fps=1837 q=-1.0 size=N/A time=01:04:59.16 bitrate=N/A speed=75.8x elapsed=0:00:51.45    
[hls @ 000001adcaa8db80] Opening 'cache/segment-489.ts' for writing
[hls @ 000001adcaa8db80] Opening 'cache/segment-490.ts' for writing
[hls @ 000001adcaa8db80] Opening 'cache/segment-491.ts' for writing
[hls @ 000001adcaa8db80] Opening 'cache/segment-492.ts' for writing
frame=95420 fps=1836 q=-1.0 size=N/A time=01:05:36.43 bitrate=N/A speed=75.8x elapsed=0:00:51.95    
[hls @ 000001adcaa8db80] Opening 'cache/segment-493.ts' for writing
[hls @ 000001adcaa8db80] Opening 'cache/segment-494.ts' for writing
[hls @ 000001adcaa8db80] Opening 'cache/segment-495.ts' for writing
[hls @ 000001adcaa8db80] Opening 'cache/segment-496.ts' for writing
[hls @ 000001adcaa8db80] Opening 'cache/segment-497.ts' for writing
[hls @ 000001adcaa8db80] Opening 'cache/segment-498.ts' for writing
[hls @ 000001adcaa8db80] Opening 'cache/segment-499.ts' for writing
[hls @ 000001adcaa8db80] Opening 'cache/segment-500.ts' for writing
[hls @ 000001adcaa8db80] Opening 'cache/segment-501.ts' for writing
frame=97326 fps=1837 q=-1.0 size=N/A time=01:06:55.92 bitrate=N/A speed=75.8x elapsed=0:00:52.97    
[hls @ 000001adcaa8db80] Opening 'cache/segment-502.ts' for writing
[hls @ 000001adcaa8db80] Opening 'cache/segment-503.ts' for writing
[hls @ 000001adcaa8db80] Opening 'cache/segment-504.ts' for writing
[hls @ 000001adcaa8db80] Opening 'cache/segment-505.ts' for writing
frame=98248 fps=1837 q=-1.0 size=N/A time=01:07:34.36 bitrate=N/A speed=75.8x elapsed=0:00:53.48    
[hls @ 000001adcaa8db80] Opening 'cache/segment-506.ts' for writing
[hls @ 000001adcaa8db80] Opening 'cache/segment-507.ts' for writing
[hls @ 000001adcaa8db80] Opening 'cache/segment-508.ts' for writing
[hls @ 000001adcaa8db80] Opening 'cache/segment-509.ts' for writing
frame=99176 fps=1837 q=-1.0 size=N/A time=01:08:13.10 bitrate=N/A speed=75.8x elapsed=0:00:54.00    
[hls @ 000001adcaa8db80] Opening 'cache/segment-510.ts' for writing
[hls @ 000001adcaa8db80] Opening 'cache/segment-511.ts' for writing
[hls @ 000001adcaa8db80] Opening 'cache/segment-512.ts' for writing
[hls @ 000001adcaa8db80] Opening 'cache/segment-513.ts' for writing
frame=100095 fps=1837 q=-1.0 size=N/A time=01:08:51.43 bitrate=N/A speed=75.8x elapsed=0:00:54.50    
[hls @ 000001adcaa8db80] Opening 'cache/segment-514.ts' for writing
[hls @ 000001adcaa8db80] Opening 'cache/segment-515.ts' for writing
[hls @ 000001adcaa8db80] Opening 'cache/segment-516.ts' for writing
[hls @ 000001adcaa8db80] Opening 'cache/segment-517.ts' for writing
frame=101037 fps=1837 q=-1.0 size=N/A time=01:09:30.69 bitrate=N/A speed=75.8x elapsed=0:00:55.01    
[hls @ 000001adcaa8db80] Opening 'cache/segment-518.ts' for writing
[hls @ 000001adcaa8db80] Opening 'cache/segment-519.ts' for writing
[hls @ 000001adcaa8db80] Opening 'cache/segment-520.ts' for writing
[hls @ 000001adcaa8db80] Opening 'cache/segment-521.ts' for writing
[hls @ 000001adcaa8db80] Opening 'cache/segment-522.ts' for writing
frame=101944 fps=1836 q=-1.0 size=N/A time=01:10:08.52 bitrate=N/A speed=75.8x elapsed=0:00:55.51    
[hls @ 000001adcaa8db80] Opening 'cache/segment-523.ts' for writing
[hls @ 000001adcaa8db80] Opening 'cache/segment-524.ts' for writing
[hls @ 000001adcaa8db80] Opening 'cache/segment-525.ts' for writing
[hls @ 000001adcaa8db80] Opening 'cache/segment-526.ts' for writing
frame=102879 fps=1836 q=-1.0 size=N/A time=01:10:47.52 bitrate=N/A speed=75.8x elapsed=0:00:56.03    
[hls @ 000001adcaa8db80] Opening 'cache/segment-527.ts' for writing
[hls @ 000001adcaa8db80] Opening 'cache/segment-528.ts' for writing
[hls @ 000001adcaa8db80] Opening 'cache/segment-529.ts' for writing
[hls @ 000001adcaa8db80] Opening 'cache/segment-530.ts' for writing
[hls @ 000001adcaa8db80] Opening 'cache/segment-531.ts' for writing
[hls @ 000001adcaa8db80] Opening 'cache/segment-532.ts' for writing
[hls @ 000001adcaa8db80] Opening 'cache/segment-533.ts' for writing
frame=103751 fps=1835 q=-1.0 size=N/A time=01:11:23.90 bitrate=N/A speed=75.8x elapsed=0:00:56.53    
[hls @ 000001adcaa8db80] Opening 'cache/segment-534.ts' for writing
[hls @ 000001adcaa8db80] Opening 'cache/segment-535.ts' for writing
[hls @ 000001adcaa8db80] Opening 'cache/segment-536.ts' for writing
[hls @ 000001adcaa8db80] Opening 'cache/segment-537.ts' for writing
frame=104733 fps=1836 q=-1.0 size=N/A time=01:12:04.84 bitrate=N/A speed=75.8x elapsed=0:00:57.04    
[hls @ 000001adcaa8db80] Opening 'cache/segment-538.ts' for writing
[hls @ 000001adcaa8db80] Opening 'cache/segment-539.ts' for writing
[hls @ 000001adcaa8db80] Opening 'cache/segment-540.ts' for writing
[hls @ 000001adcaa8db80] Opening 'cache/segment-541.ts' for writing
frame=105603 fps=1835 q=-1.0 size=N/A time=01:12:41.16 bitrate=N/A speed=75.8x elapsed=0:00:57.56    
[hls @ 000001adcaa8db80] Opening 'cache/segment-542.ts' for writing
[hls @ 000001adcaa8db80] Opening 'cache/segment-543.ts' for writing
[hls @ 000001adcaa8db80] Opening 'cache/segment-544.ts' for writing
[hls @ 000001adcaa8db80] Opening 'cache/segment-545.ts' for writing
[hls @ 000001adcaa8db80] Opening 'cache/segment-546.ts' for writing
frame=106511 fps=1834 q=-1.0 size=N/A time=01:13:19.03 bitrate=N/A speed=75.8x elapsed=0:00:58.06    
[hls @ 000001adcaa8db80] Opening 'cache/segment-547.ts' for writing
[hls @ 000001adcaa8db80] Opening 'cache/segment-548.ts' for writing
[hls @ 000001adcaa8db80] Opening 'cache/segment-549.ts' for writing
[hls @ 000001adcaa8db80] Opening 'cache/segment-550.ts' for writing
[hls @ 000001adcaa8db80] Opening 'cache/segment-551.ts' for writing
[hls @ 000001adcaa8db80] Opening 'cache/segment-552.ts' for writing
frame=107476 fps=1835 q=-1.0 size=N/A time=01:13:59.30 bitrate=N/A speed=75.8x elapsed=0:00:58.57    
[hls @ 000001adcaa8db80] Opening 'cache/segment-553.ts' for writing
[hls @ 000001adcaa8db80] Opening 'cache/segment-554.ts' for writing
[hls @ 000001adcaa8db80] Opening 'cache/segment-555.ts' for writing
[hls @ 000001adcaa8db80] Opening 'cache/segment-556.ts' for writing
frame=108405 fps=1835 q=-1.0 size=N/A time=01:14:38.01 bitrate=N/A speed=75.8x elapsed=0:00:59.08    
[hls @ 000001adcaa8db80] Opening 'cache/segment-557.ts' for writing
[hls @ 000001adcaa8db80] Opening 'cache/segment-558.ts' for writing
[hls @ 000001adcaa8db80] Opening 'cache/segment-559.ts' for writing
[hls @ 000001adcaa8db80] Opening 'cache/segment-560.ts' for writing
frame=109354 fps=1835 q=-1.0 size=N/A time=01:15:17.56 bitrate=N/A speed=75.8x elapsed=0:00:59.59    
[hls @ 000001adcaa8db80] Opening 'cache/segment-561.ts' for writing
[hls @ 000001adcaa8db80] Opening 'cache/segment-562.ts' for writing
[hls @ 000001adcaa8db80] Opening 'cache/segment-563.ts' for writing
[hls @ 000001adcaa8db80] Opening 'cache/segment-564.ts' for writing
[hls @ 000001adcaa8db80] Opening 'cache/segment-565.ts' for writing
[hls @ 000001adcaa8db80] Opening 'cache/segment-566.ts' for writing
frame=110230 fps=1834 q=-1.0 size=N/A time=01:15:54.12 bitrate=N/A speed=75.8x elapsed=0:01:00.09    
[hls @ 000001adcaa8db80] Opening 'cache/segment-567.ts' for writing
[hls @ 000001adcaa8db80] Opening 'cache/segment-568.ts' for writing
[hls @ 000001adcaa8db80] Opening 'cache/segment-569.ts' for writing
[hls @ 000001adcaa8db80] Opening 'cache/segment-570.ts' for writing
frame=111172 fps=1834 q=-1.0 size=N/A time=01:16:33.43 bitrate=N/A speed=75.8x elapsed=0:01:00.61    
[hls @ 000001adcaa8db80] Opening 'cache/segment-571.ts' for writing
[hls @ 000001adcaa8db80] Opening 'cache/segment-572.ts' for writing
[hls @ 000001adcaa8db80] Opening 'cache/segment-573.ts' for writing
[hls @ 000001adcaa8db80] Opening 'cache/segment-574.ts' for writing
[hls @ 000001adcaa8db80] Opening 'cache/segment-575.ts' for writing
frame=112136 fps=1835 q=-1.0 size=N/A time=01:17:13.60 bitrate=N/A speed=75.8x elapsed=0:01:01.12    
[hls @ 000001adcaa8db80] Opening 'cache/segment-576.ts' for writing
[hls @ 000001adcaa8db80] Opening 'cache/segment-577.ts' for writing
[hls @ 000001adcaa8db80] Opening 'cache/segment-578.ts' for writing
[hls @ 000001adcaa8db80] Opening 'cache/segment-579.ts' for writing
frame=113028 fps=1834 q=-1.0 size=N/A time=01:17:50.83 bitrate=N/A speed=75.8x elapsed=0:01:01.62    
[hls @ 000001adcaa8db80] Opening 'cache/segment-580.ts' for writing
[hls @ 000001adcaa8db80] Opening 'cache/segment-581.ts' for writing
[hls @ 000001adcaa8db80] Opening 'cache/segment-582.ts' for writing
[hls @ 000001adcaa8db80] Opening 'cache/segment-583.ts' for writing
[hls @ 000001adcaa8db80] Opening 'cache/segment-584.ts' for writing
frame=113978 fps=1834 q=-1.0 size=N/A time=01:18:30.45 bitrate=N/A speed=75.8x elapsed=0:01:02.14    
[hls @ 000001adcaa8db80] Opening 'cache/segment-585.ts' for writing
[hls @ 000001adcaa8db80] Opening 'cache/segment-586.ts' for writing
[hls @ 000001adcaa8db80] Opening 'cache/segment-587.ts' for writing
[hls @ 000001adcaa8db80] Opening 'cache/segment-588.ts' for writing
[hls @ 000001adcaa8db80] Opening 'cache/segment-589.ts' for writing
frame=114910 fps=1834 q=-1.0 size=N/A time=01:19:09.31 bitrate=N/A speed=75.8x elapsed=0:01:02.64    
[hls @ 000001adcaa8db80] Opening 'cache/segment-590.ts' for writing
[hls @ 000001adcaa8db80] Opening 'cache/segment-591.ts' for writing
[hls @ 000001adcaa8db80] Opening 'cache/segment-592.ts' for writing
[hls @ 000001adcaa8db80] Opening 'cache/segment-593.ts' for writing
[hls @ 000001adcaa8db80] Opening 'cache/segment-594.ts' for writing
frame=115847 fps=1835 q=-1.0 size=N/A time=01:19:48.40 bitrate=N/A speed=75.8x elapsed=0:01:03.14    
[hls @ 000001adcaa8db80] Opening 'cache/segment-595.ts' for writing
[hls @ 000001adcaa8db80] Opening 'cache/segment-596.ts' for writing
[hls @ 000001adcaa8db80] Opening 'cache/segment-597.ts' for writing
[hls @ 000001adcaa8db80] Opening 'cache/segment-598.ts' for writing
frame=116775 fps=1834 q=-1.0 size=N/A time=01:20:27.09 bitrate=N/A speed=75.8x elapsed=0:01:03.66    
[hls @ 000001adcaa8db80] Opening 'cache/segment-599.ts' for writing
[hls @ 000001adcaa8db80] Opening 'cache/segment-600.ts' for writing
[hls @ 000001adcaa8db80] Opening 'cache/segment-601.ts' for writing
[hls @ 000001adcaa8db80] Opening 'cache/segment-602.ts' for writing
frame=117658 fps=1833 q=-1.0 size=N/A time=01:21:03.93 bitrate=N/A speed=75.8x elapsed=0:01:04.17    
[hls @ 000001adcaa8db80] Opening 'cache/segment-603.ts' for writing
[hls @ 000001adcaa8db80] Opening 'cache/segment-604.ts' for writing
[hls @ 000001adcaa8db80] Opening 'cache/segment-605.ts' for writing
[hls @ 000001adcaa8db80] Opening 'cache/segment-606.ts' for writing
[hls @ 000001adcaa8db80] Opening 'cache/segment-607.ts' for writing
[hls @ 000001adcaa8db80] Opening 'cache/segment-608.ts' for writing
[hls @ 000001adcaa8db80] Opening 'cache/segment-609.ts' for writing


[q] command received. Exiting.

[hls @ 000001adcaa8db80] Opening 'cache/segment-610.ts' for writing
[out#0/hls @ 000001adc8ae85c0] video:895289KiB audio:154495KiB subtitle:0KiB other streams:0KiB global headers:0KiB muxing overhead: unknown
frame=118535 fps=1833 q=-1.0 Lsize=N/A time=01:21:40.94 bitrate=N/A speed=75.8x elapsed=0:01:04.68    