{"Protocol":0,"Id":"REDACTED_ITEM_ID","Path":"sample.mp4","EncoderPath":null,"EncoderProtocol":null,"Type":0,"Container":"mov,mp4,m4a,3gp,3g2,mj2","Size":1647751606,"Name":"sample","IsRemote":false,"ETag":"REDACTED_ETAG","RunTimeTicks":76214547880,"ReadAtNativeFramerate":false,"IgnoreDts":false,"IgnoreIndex":false,"GenPtsInput":false,"SupportsTranscoding":true,"SupportsDirectStream":true,"SupportsDirectPlay":true,"IsInfiniteStream":false,"UseMostCompatibleTranscodingProfile":false,"RequiresOpening":false,"OpenToken":null,"RequiresClosing":false,"LiveStreamId":null,"BufferMs":null,"RequiresLooping":false,"SupportsProbing":true,"VideoType":0,"IsoType":null,"Video3DFormat":null,"MediaStreams":[{"Codec":"h264","CodecTag":null,"Language":"und","ColorRange":null,"ColorSpace":null,"ColorTransfer":null,"ColorPrimaries":null,"DvVersionMajor":null,"DvVersionMinor":null,"DvProfile":null,"DvLevel":null,"RpuPresentFlag":null,"ElPresentFlag":null,"BlPresentFlag":null,"DvBlSignalCompatibilityId":null,"Rotation":null,"Comment":null,"TimeBase":"1/11988","CodecTimeBase":null,"Title":null,"Hdr10PlusPresentFlag":null,"VideoRange":1,"VideoRangeType":1,"VideoDoViTitle":null,"AudioSpatialFormat":0,"LocalizedUndefined":null,"LocalizedDefault":null,"LocalizedForced":null,"LocalizedExternal":null,"LocalizedHearingImpaired":null,"LocalizedLanguage":null,"LocalizedOriginal":null,"DisplayTitle":"720p H264 SDR","NalLengthSize":"4","IsInterlaced":false,"IsAVC":true,"ChannelLayout":null,"BitRate":1500134,"BitDepth":8,"RefFrames":1,"PacketLength":null,"Channels":null,"SampleRate":null,"IsDefault":true,"IsForced":false,"IsHearingImpaired":false,"IsOriginal":false,"Height":502,"Width":1280,"AverageFrameRate":23.976,"RealFrameRate":23.976,"ReferenceFrameRate":23.976,"Profile":"High","Type":1,"AspectRatio":"120:47","Index":0,"Score":null,"IsExternal":false,"DeliveryMethod":null,"DeliveryUrl":null,"IsExternalUrl":null,"IsTextSubtitleStream":false,"SupportsExternalStream":false,"Path":null,"PixelFormat":"yuv420p","Level":41,"IsAnamorphic":false},{"Codec":"aac","CodecTag":null,"Language":"eng","ColorRange":null,"ColorSpace":null,"ColorTransfer":null,"ColorPrimaries":null,"DvVersionMajor":null,"DvVersionMinor":null,"DvProfile":null,"DvLevel":null,"RpuPresentFlag":null,"ElPresentFlag":null,"BlPresentFlag":null,"DvBlSignalCompatibilityId":null,"Rotation":null,"Comment":null,"TimeBase":"1/48000","CodecTimeBase":null,"Title":null,"Hdr10PlusPresentFlag":null,"VideoRange":0,"VideoRangeType":0,"VideoDoViTitle":null,"AudioSpatialFormat":0,"LocalizedUndefined":null,"LocalizedDefault":"Default","LocalizedForced":null,"LocalizedExternal":"External","LocalizedHearingImpaired":null,"LocalizedLanguage":"English","LocalizedOriginal":"Original","DisplayTitle":"English - AAC - 5.1 - Default","NalLengthSize":null,"IsInterlaced":false,"IsAVC":null,"ChannelLayout":"5.1","BitRate":224001,"BitDepth":null,"RefFrames":null,"PacketLength":null,"Channels":6,"SampleRate":48000,"IsDefault":true,"IsForced":false,"IsHearingImpaired":false,"IsOriginal":false,"Height":null,"Width":null,"AverageFrameRate":null,"RealFrameRate":null,"ReferenceFrameRate":null,"Profile":"LC","Type":0,"AspectRatio":null,"Index":1,"Score":null,"IsExternal":false,"DeliveryMethod":null,"DeliveryUrl":null,"IsExternalUrl":null,"IsTextSubtitleStream":false,"SupportsExternalStream":false,"Path":null,"PixelFormat":null,"Level":null,"IsAnamorphic":null}],"MediaAttachments":[],"Formats":[],"Bitrate":1729592,"FallbackMaxStreamingBitrate":null,"Timestamp":null,"RequiredHttpHeaders":{},"TranscodingUrl":null,"TranscodingSubProtocol":0,"TranscodingContainer":null,"AnalyzeDurationMs":null,"DefaultAudioStreamIndex":null,"DefaultSubtitleStreamIndex":null,"HasSegments":false}

ffmpeg -analyzeduration 200M -probesize 1G -ss 02:06:30.500 -fflags +genpts  -i file:"sample.mp4" -map_metadata -1 -map_chapters -1 -threads 0 -map 0:0 -map 0:1 -map -0:s -codec:v:0 copy -bsf:v h264_mp4toannexb -start_at_zero -codec:a:0 libmp3lame -ac 2 -ab 256000 -af "volume=2" -copyts -avoid_negative_ts disabled -max_muxing_queue_size 2048 -f hls -max_delay 5000000 -hls_time 6 -hls_segment_type mpegts -start_number 1265 -hls_segment_filename "cache/segment-%d.ts" -hls_playlist_type vod -hls_list_size 0 -y "cache/segment-.m3u8"


ffmpeg version 8.1.2-Jellyfin Copyright (c) 2000-2026 the FFmpeg developers
  built with clang version 22.1.8 (https://github.com/msys2/MINGW-packages 6e4e79c2f86eeb534e324e583f2057dc9fd5ecab)
  configuration: --cc=clang --cxx=clang++ --pkg-config-flags=--static --extra-cflags=-I/clang64/ffbuild/include --extra-ldflags=-L/clang64/ffbuild/lib --prefix=/clang64/ffbuild/jellyfin-ffmpeg --extra-version=Jellyfin --disable-unstable --disable-ffplay --disable-debug --disable-doc --disable-sdl2 --enable-lto=thin --enable-gpl --enable-version3 --enable-schannel --enable-iconv --enable-libxml2 --enable-zlib --enable-lzma --enable-gmp --enable-chromaprint --enable-libfreetype --enable-libfribidi --enable-libfontconfig --enable-libharfbuzz --enable-libass --enable-libbluray --enable-libmp3lame --enable-libopus --enable-libtheora --enable-libvorbis --enable-libopenmpt --enable-libwebp --enable-libvpx --enable-libzimg --enable-libx264 --enable-libx265 --enable-libsvtav1 --enable-libdav1d --enable-libfdk-aac --enable-libshaderc --enable-libplacebo --enable-vulkan --enable-opencl --enable-dxva2 --enable-d3d11va --enable-d3d12va --enable-mediafoundation --enable-amf --enable-libvpl --enable-ffnvcodec --enable-cuda --enable-cuda-llvm --enable-cuvid --enable-nvdec --enable-nvenc
  libavutil      60. 26.102 / 60. 26.102
  libavcodec     62. 28.102 / 62. 28.102
  libavformat    62. 12.102 / 62. 12.102
  libavdevice    62.  3.102 / 62.  3.102
  libavfilter    11. 14.102 / 11. 14.102
  libswscale      9.  5.102 /  9.  5.102
  libswresample   6.  3.102 /  6.  3.102
Input #0, mov,mp4,m4a,3gp,3g2,mj2, from 'file:sample.mp4':
  Metadata:
    major_brand     : isom
    minor_version   : 512
    compatible_brands: isomiso2avc1mp41
    creation_time   : 2018-10-18T13:07:16.000000Z
    title           : 20000.Leagues.Under.the.Sea.1954.720p.BluRay.H264.AAC-RARBG
    encoder         : Lavf57.83.100
    comment         : 20000.Leagues.Under.the.Sea.1954.720p.BluRay.H264.AAC-RARBG
  Duration: 02:07:01.45, start: 0.000000, bitrate: 1729 kb/s
  Stream #0:0[0x1](und): Video: h264 (High) (avc1 / 0x31637661), yuv420p(progressive), 1280x502 [SAR 753:752 DAR 120:47], 1500 kb/s, 23.98 fps, 23.98 tbr, 11988 tbn (default)
    Metadata:
      creation_time   : 2018-10-18T13:07:16.000000Z
      handler_name    : VideoHandler
  Stream #0:1[0x2](eng): Audio: aac (LC) (mp4a / 0x6134706D), 48000 Hz, 5.1, fltp, 224 kb/s (default)
    Metadata:
      creation_time   : 2018-10-18T13:07:16.000000Z
      handler_name    : SoundHandler
Stream mapping:
  Stream #0:0 -> #0:0 (copy)
  Stream #0:1 -> #0:1 (aac (native) -> mp3 (libmp3lame))
Press [q] to stop, [?] for help
Output #0, hls, to 'cache/segment-.m3u8':
  Metadata:
    encoder         : Lavf62.12.102
  Stream #0:0: Video: h264 (High) (avc1 / 0x31637661), yuv420p(progressive), 1280x502 [SAR 753:752 DAR 120:47], q=2-31, 1500 kb/s, 23.98 fps, 23.98 tbr, 90k tbn (default)
  Stream #0:1: Audio: mp3, 48000 Hz, stereo, fltp, 256 kb/s (default)
    Metadata:
      encoder         : Lavc62.28.102 libmp3lame
[hls @ 0000019ad664d040] Opening 'cache/segment-1265.ts' for writing
[hls @ 0000019ad664d040] Opening 'cache/segment-1266.ts' for writing
[hls @ 0000019ad664d040] Opening 'cache/segment-1267.ts' for writing
[hls @ 0000019ad664d040] Opening 'cache/segment-1268.ts' for writing
[hls @ 0000019ad664d040] Opening 'cache/segment-1269.ts' for writing
[out#0/hls @ 0000019ad46b8640] video:7835KiB audio:968KiB subtitle:0KiB other streams:0KiB global headers:0KiB muxing overhead: unknown
frame=  885 fps=0.0 q=-1.0 Lsize=N/A time=00:00:00.00 bitrate=N/A speed=   0x elapsed=0:00:00.40    