{"Protocol":0,"Id":"d941a3f9dc58ff8df8891da51dfba9d9","Path":"D:\\Jellyfin Media Library\\movies\\20,000 Leagues Under the Sea\\20,000 Leagues Under the Sea.mp4","EncoderPath":null,"EncoderProtocol":null,"Type":0,"Container":"mov,mp4,m4a,3gp,3g2,mj2","Size":1647751606,"Name":"20,000 Leagues Under the Sea","IsRemote":false,"ETag":"a7455a3b39126009d1e3da6941e088e5","RunTimeTicks":76214547880,"ReadAtNativeFramerate":false,"IgnoreDts":false,"IgnoreIndex":false,"GenPtsInput":false,"SupportsTranscoding":true,"SupportsDirectStream":true,"SupportsDirectPlay":true,"IsInfiniteStream":false,"UseMostCompatibleTranscodingProfile":false,"RequiresOpening":false,"OpenToken":null,"RequiresClosing":false,"LiveStreamId":null,"BufferMs":null,"RequiresLooping":false,"SupportsProbing":true,"VideoType":0,"IsoType":null,"Video3DFormat":null,"MediaStreams":[{"Codec":"h264","CodecTag":null,"Language":"und","ColorRange":null,"ColorSpace":null,"ColorTransfer":null,"ColorPrimaries":null,"DvVersionMajor":null,"DvVersionMinor":null,"DvProfile":null,"DvLevel":null,"RpuPresentFlag":null,"ElPresentFlag":null,"BlPresentFlag":null,"DvBlSignalCompatibilityId":null,"Rotation":null,"Comment":null,"TimeBase":"1/11988","CodecTimeBase":null,"Title":null,"Hdr10PlusPresentFlag":null,"VideoRange":1,"VideoRangeType":1,"VideoDoViTitle":null,"AudioSpatialFormat":0,"LocalizedUndefined":null,"LocalizedDefault":null,"LocalizedForced":null,"LocalizedExternal":null,"LocalizedHearingImpaired":null,"LocalizedLanguage":null,"LocalizedOriginal":null,"DisplayTitle":"720p H264 SDR","NalLengthSize":"4","IsInterlaced":false,"IsAVC":true,"ChannelLayout":null,"BitRate":1500134,"BitDepth":8,"RefFrames":1,"PacketLength":null,"Channels":null,"SampleRate":null,"IsDefault":true,"IsForced":false,"IsHearingImpaired":false,"IsOriginal":false,"Height":502,"Width":1280,"AverageFrameRate":23.976,"RealFrameRate":23.976,"ReferenceFrameRate":23.976,"Profile":"High","Type":1,"AspectRatio":"120:47","Index":0,"Score":null,"IsExternal":false,"DeliveryMethod":null,"DeliveryUrl":null,"IsExternalUrl":null,"IsTextSubtitleStream":false,"SupportsExternalStream":false,"Path":null,"PixelFormat":"yuv420p","Level":41,"IsAnamorphic":false},{"Codec":"aac","CodecTag":null,"Language":"eng","ColorRange":null,"ColorSpace":null,"ColorTransfer":null,"ColorPrimaries":null,"DvVersionMajor":null,"DvVersionMinor":null,"DvProfile":null,"DvLevel":null,"RpuPresentFlag":null,"ElPresentFlag":null,"BlPresentFlag":null,"DvBlSignalCompatibilityId":null,"Rotation":null,"Comment":null,"TimeBase":"1/48000","CodecTimeBase":null,"Title":null,"Hdr10PlusPresentFlag":null,"VideoRange":0,"VideoRangeType":0,"VideoDoViTitle":null,"AudioSpatialFormat":0,"LocalizedUndefined":null,"LocalizedDefault":"Default","LocalizedForced":null,"LocalizedExternal":"External","LocalizedHearingImpaired":null,"LocalizedLanguage":"English","LocalizedOriginal":"Original","DisplayTitle":"English - AAC - 5.1 - Default","NalLengthSize":null,"IsInterlaced":false,"IsAVC":null,"ChannelLayout":"5.1","BitRate":224001,"BitDepth":null,"RefFrames":null,"PacketLength":null,"Channels":6,"SampleRate":48000,"IsDefault":true,"IsForced":false,"IsHearingImpaired":false,"IsOriginal":false,"Height":null,"Width":null,"AverageFrameRate":null,"RealFrameRate":null,"ReferenceFrameRate":null,"Profile":"LC","Type":0,"AspectRatio":null,"Index":1,"Score":null,"IsExternal":false,"DeliveryMethod":null,"DeliveryUrl":null,"IsExternalUrl":null,"IsTextSubtitleStream":false,"SupportsExternalStream":false,"Path":null,"PixelFormat":null,"Level":null,"IsAnamorphic":null}],"MediaAttachments":[],"Formats":[],"Bitrate":1729592,"FallbackMaxStreamingBitrate":null,"Timestamp":null,"RequiredHttpHeaders":{},"TranscodingUrl":null,"TranscodingSubProtocol":0,"TranscodingContainer":null,"AnalyzeDurationMs":null,"DefaultAudioStreamIndex":null,"DefaultSubtitleStreamIndex":null,"HasSegments":false}

ffmpeg -analyzeduration 200M -probesize 1G -fflags +genpts  -i file:"D:\Jellyfin Media Library\movies\20,000 Leagues Under the Sea\20,000 Leagues Under the Sea.mp4" -map_metadata -1 -map_chapters -1 -threads 0 -map 0:0 -map 0:1 -map -0:s -codec:v:0 copy -bsf:v h264_mp4toannexb -start_at_zero -codec:a:0 libfdk_aac -ac 2 -ab 224001 -af "volume=2" -copyts -avoid_negative_ts disabled -max_muxing_queue_size 2048 -f hls -max_delay 5000000 -hls_time 6 -hls_segment_type mpegts -start_number 0 -hls_segment_filename "C:\ProgramData\Jellyfin\Server\cache\transcodes\a7d2a0ebefb67726aa8fbff8621fe945%d.ts" -hls_playlist_type vod -hls_list_size 0 -y "C:\ProgramData\Jellyfin\Server\cache\transcodes\a7d2a0ebefb67726aa8fbff8621fe945.m3u8"


ffmpeg version 8.1.2-Jellyfin Copyright (c) 2000-2026 the FFmpeg developers
  built with clang version 22.1.8 (https://github.com/msys2/MINGW-packages 6e4e79c2f86eeb534e324e583f2057dc9fd5ecab)
  configuration: --cc=clang --cxx=clang++ --pkg-config-flags=--static --extra-cflags=-I/clang64/ffbuild/include --extra-ldflags=-L/clang64/ffbuild/lib --prefix=/clang64/ffbuild/jellyfin-ffmpeg --extra-version=Jellyfin --disable-unstable --disable-ffplay --disable-debug --disable-doc --disable-sdl2 --enable-lto=thin --enable-gpl --enable-version3 --enable-schannel --enable-iconv --enable-libxml2 --enable-zlib --enable-lzma --enable-gmp --enable-chromaprint --enable-libfreetype --enable-libfribidi --enable-libfontconfig --enable-libharfbuzz --enable-libass --enable-libbluray --enable-libmp3lame --enable-libopus --enable-libtheora --enable-libvorbis --enable-libopenmpt --enable-libwebp --enable-libvpx --enable-libzimg --enable-libx264 --enable-libx265 --enable-libsvtav1 --enable-libdav1d --enable-libfdk-aac --enable-libshaderc --enable-libplacebo --enable-vulkan --enable-opencl --enable-dxva2 --enable-d3d11va --enable-d3d12va --enable-mediafoundation --enable-amf --enable-libvpl --enable-ffnvcodec --enable-cuda --enable-cuda-llvm --enable-cuvid --enable-nvdec --enable-nvenc
  libavutil      60. 26.102 / 60. 26.102
  libavcodec     62. 28.102 / 62. 28.102
  libavformat    62. 12.102 / 62. 12.102
  libavdevice    62.  3.102 / 62.  3.102
  libavfilter    11. 14.102 / 11. 14.102
  libswscale      9.  5.102 /  9.  5.102
  libswresample   6.  3.102 /  6.  3.102
Input #0, mov,mp4,m4a,3gp,3g2,mj2, from 'file:D:\Jellyfin Media Library\movies\20,000 Leagues Under the Sea\20,000 Leagues Under the Sea.mp4':
  Metadata:
    major_brand     : isom
    minor_version   : 512
    compatible_brands: isomiso2avc1mp41
    creation_time   : 2018-10-18T13:07:16.000000Z
    title           : 20000.Leagues.Under.the.Sea.1954.720p.BluRay.H264.AAC-RARBG
    encoder         : Lavf57.83.100
    comment         : 20000.Leagues.Under.the.Sea.1954.720p.BluRay.H264.AAC-RARBG
  Duration: 02:07:01.45, start: 0.000000, bitrate: 1729 kb/s
  Stream #0:0[0x1](und): Video: h264 (High) (avc1 / 0x31637661), yuv420p(progressive), 1280x502 [SAR 753:752 DAR 120:47], 1500 kb/s, 23.98 fps, 23.98 tbr, 11988 tbn (default)
    Metadata:
      creation_time   : 2018-10-18T13:07:16.000000Z
      handler_name    : VideoHandler
  Stream #0:1[0x2](eng): Audio: aac (LC) (mp4a / 0x6134706D), 48000 Hz, 5.1, fltp, 224 kb/s (default)
    Metadata:
      creation_time   : 2018-10-18T13:07:16.000000Z
      handler_name    : SoundHandler
Stream mapping:
  Stream #0:0 -> #0:0 (copy)
  Stream #0:1 -> #0:1 (aac (native) -> aac (libfdk_aac))
Press [q] to stop, [?] for help
Output #0, hls, to 'C:\ProgramData\Jellyfin\Server\cache\transcodes\a7d2a0ebefb67726aa8fbff8621fe945.m3u8':
  Metadata:
    encoder         : Lavf62.12.102
  Stream #0:0: Video: h264 (High) (avc1 / 0x31637661), yuv420p(progressive), 1280x502 [SAR 753:752 DAR 120:47], q=2-31, 1500 kb/s, 23.98 fps, 23.98 tbr, 90k tbn (default)
  Stream #0:1: Audio: aac, 48000 Hz, stereo, s16, 224 kb/s (default)
    Metadata:
      encoder         : Lavc62.28.102 libfdk_aac
    Side data:
      CPB properties: bitrate max/min/avg: 224001/224001/224001 buffer size: 0 vbv_delay: N/A
[hls @ 000001a9d8e0ed00] Opening 'C:\ProgramData\Jellyfin\Server\cache\transcodes\a7d2a0ebefb67726aa8fbff8621fe9450.ts' for writing
[hls @ 000001a9d8e0ed00] Opening 'C:\ProgramData\Jellyfin\Server\cache\transcodes\a7d2a0ebefb67726aa8fbff8621fe9451.ts' for writing
[hls @ 000001a9d8e0ed00] Opening 'C:\ProgramData\Jellyfin\Server\cache\transcodes\a7d2a0ebefb67726aa8fbff8621fe9452.ts' for writing
frame=  814 fps=0.0 q=-1.0 size=N/A time=00:00:00.00 bitrate=N/A speed=   0x elapsed=0:00:00.50    
[hls @ 000001a9d8e0ed00] Opening 'C:\ProgramData\Jellyfin\Server\cache\transcodes\a7d2a0ebefb67726aa8fbff8621fe9453.ts' for writing
[hls @ 000001a9d8e0ed00] Opening 'C:\ProgramData\Jellyfin\Server\cache\transcodes\a7d2a0ebefb67726aa8fbff8621fe9454.ts' for writing
[hls @ 000001a9d8e0ed00] Opening 'C:\ProgramData\Jellyfin\Server\cache\transcodes\a7d2a0ebefb67726aa8fbff8621fe9455.ts' for writing
frame= 1587 fps=1559 q=-1.0 size=N/A time=00:00:32.23 bitrate=N/A speed=31.7x elapsed=0:00:01.01    
[hls @ 000001a9d8e0ed00] Opening 'C:\ProgramData\Jellyfin\Server\cache\transcodes\a7d2a0ebefb67726aa8fbff8621fe9456.ts' for writing
[hls @ 000001a9d8e0ed00] Opening 'C:\ProgramData\Jellyfin\Server\cache\transcodes\a7d2a0ebefb67726aa8fbff8621fe9457.ts' for writing
[hls @ 000001a9d8e0ed00] Opening 'C:\ProgramData\Jellyfin\Server\cache\transcodes\a7d2a0ebefb67726aa8fbff8621fe9458.ts' for writing
frame= 2360 fps=1541 q=-1.0 size=N/A time=00:01:04.51 bitrate=N/A speed=42.1x elapsed=0:00:01.53    
[hls @ 000001a9d8e0ed00] Opening 'C:\ProgramData\Jellyfin\Server\cache\transcodes\a7d2a0ebefb67726aa8fbff8621fe9459.ts' for writing
[hls @ 000001a9d8e0ed00] Opening 'C:\ProgramData\Jellyfin\Server\cache\transcodes\a7d2a0ebefb67726aa8fbff8621fe94510.ts' for writing
[hls @ 000001a9d8e0ed00] Opening 'C:\ProgramData\Jellyfin\Server\cache\transcodes\a7d2a0ebefb67726aa8fbff8621fe94511.ts' for writing
frame= 3155 fps=1542 q=-1.0 size=N/A time=00:01:37.66 bitrate=N/A speed=47.7x elapsed=0:00:02.04    
[hls @ 000001a9d8e0ed00] Opening 'C:\ProgramData\Jellyfin\Server\cache\transcodes\a7d2a0ebefb67726aa8fbff8621fe94512.ts' for writing
[hls @ 000001a9d8e0ed00] Opening 'C:\ProgramData\Jellyfin\Server\cache\transcodes\a7d2a0ebefb67726aa8fbff8621fe94513.ts' for writing
[hls @ 000001a9d8e0ed00] Opening 'C:\ProgramData\Jellyfin\Server\cache\transcodes\a7d2a0ebefb67726aa8fbff8621fe94514.ts' for writing
[hls @ 000001a9d8e0ed00] Opening 'C:\ProgramData\Jellyfin\Server\cache\transcodes\a7d2a0ebefb67726aa8fbff8621fe94515.ts' for writing
frame= 4081 fps=1594 q=-1.0 size=N/A time=00:02:16.27 bitrate=N/A speed=53.2x elapsed=0:00:02.56    
[hls @ 000001a9d8e0ed00] Opening 'C:\ProgramData\Jellyfin\Server\cache\transcodes\a7d2a0ebefb67726aa8fbff8621fe94516.ts' for writing
[hls @ 000001a9d8e0ed00] Opening 'C:\ProgramData\Jellyfin\Server\cache\transcodes\a7d2a0ebefb67726aa8fbff8621fe94517.ts' for writing
[hls @ 000001a9d8e0ed00] Opening 'C:\ProgramData\Jellyfin\Server\cache\transcodes\a7d2a0ebefb67726aa8fbff8621fe94518.ts' for writing
[hls @ 000001a9d8e0ed00] Opening 'C:\ProgramData\Jellyfin\Server\cache\transcodes\a7d2a0ebefb67726aa8fbff8621fe94519.ts' for writing
[hls @ 000001a9d8e0ed00] Opening 'C:\ProgramData\Jellyfin\Server\cache\transcodes\a7d2a0ebefb67726aa8fbff8621fe94520.ts' for writing
[hls @ 000001a9d8e0ed00] Opening 'C:\ProgramData\Jellyfin\Server\cache\transcodes\a7d2a0ebefb67726aa8fbff8621fe94521.ts' for writing
[hls @ 000001a9d8e0ed00] Opening 'C:\ProgramData\Jellyfin\Server\cache\transcodes\a7d2a0ebefb67726aa8fbff8621fe94522.ts' for writing
[hls @ 000001a9d8e0ed00] Opening 'C:\ProgramData\Jellyfin\Server\cache\transcodes\a7d2a0ebefb67726aa8fbff8621fe94523.ts' for writing
frame= 5009 fps=1629 q=-1.0 size=N/A time=00:02:54.97 bitrate=N/A speed=56.9x elapsed=0:00:03.07    
[hls @ 000001a9d8e0ed00] Opening 'C:\ProgramData\Jellyfin\Server\cache\transcodes\a7d2a0ebefb67726aa8fbff8621fe94524.ts' for writing
[hls @ 000001a9d8e0ed00] Opening 'C:\ProgramData\Jellyfin\Server\cache\transcodes\a7d2a0ebefb67726aa8fbff8621fe94525.ts' for writing
[hls @ 000001a9d8e0ed00] Opening 'C:\ProgramData\Jellyfin\Server\cache\transcodes\a7d2a0ebefb67726aa8fbff8621fe94526.ts' for writing
[hls @ 000001a9d8e0ed00] Opening 'C:\ProgramData\Jellyfin\Server\cache\transcodes\a7d2a0ebefb67726aa8fbff8621fe94527.ts' for writing
frame= 5900 fps=1650 q=-1.0 size=N/A time=00:03:32.16 bitrate=N/A speed=59.3x elapsed=0:00:03.57    
[hls @ 000001a9d8e0ed00] Opening 'C:\ProgramData\Jellyfin\Server\cache\transcodes\a7d2a0ebefb67726aa8fbff8621fe94528.ts' for writing
[hls @ 000001a9d8e0ed00] Opening 'C:\ProgramData\Jellyfin\Server\cache\transcodes\a7d2a0ebefb67726aa8fbff8621fe94529.ts' for writing
[hls @ 000001a9d8e0ed00] Opening 'C:\ProgramData\Jellyfin\Server\cache\transcodes\a7d2a0ebefb67726aa8fbff8621fe94530.ts' for writing
[hls @ 000001a9d8e0ed00] Opening 'C:\ProgramData\Jellyfin\Server\cache\transcodes\a7d2a0ebefb67726aa8fbff8621fe94531.ts' for writing
[hls @ 000001a9d8e0ed00] Opening 'C:\ProgramData\Jellyfin\Server\cache\transcodes\a7d2a0ebefb67726aa8fbff8621fe94532.ts' for writing
[hls @ 000001a9d8e0ed00] Opening 'C:\ProgramData\Jellyfin\Server\cache\transcodes\a7d2a0ebefb67726aa8fbff8621fe94533.ts' for writing
frame= 6699 fps=1638 q=-1.0 size=N/A time=00:04:05.46 bitrate=N/A speed=  60x elapsed=0:00:04.08    
[hls @ 000001a9d8e0ed00] Opening 'C:\ProgramData\Jellyfin\Server\cache\transcodes\a7d2a0ebefb67726aa8fbff8621fe94534.ts' for writing
[hls @ 000001a9d8e0ed00] Opening 'C:\ProgramData\Jellyfin\Server\cache\transcodes\a7d2a0ebefb67726aa8fbff8621fe94535.ts' for writing
[hls @ 000001a9d8e0ed00] Opening 'C:\ProgramData\Jellyfin\Server\cache\transcodes\a7d2a0ebefb67726aa8fbff8621fe94536.ts' for writing
frame= 7444 fps=1621 q=-1.0 size=N/A time=00:04:36.52 bitrate=N/A speed=60.2x elapsed=0:00:04.59    
[hls @ 000001a9d8e0ed00] Opening 'C:\ProgramData\Jellyfin\Server\cache\transcodes\a7d2a0ebefb67726aa8fbff8621fe94537.ts' for writing
[hls @ 000001a9d8e0ed00] Opening 'C:\ProgramData\Jellyfin\Server\cache\transcodes\a7d2a0ebefb67726aa8fbff8621fe94538.ts' for writing
[hls @ 000001a9d8e0ed00] Opening 'C:\ProgramData\Jellyfin\Server\cache\transcodes\a7d2a0ebefb67726aa8fbff8621fe94539.ts' for writing
[hls @ 000001a9d8e0ed00] Opening 'C:\ProgramData\Jellyfin\Server\cache\transcodes\a7d2a0ebefb67726aa8fbff8621fe94540.ts' for writing
frame= 8381 fps=1641 q=-1.0 size=N/A time=00:05:15.62 bitrate=N/A speed=61.8x elapsed=0:00:05.10    
[hls @ 000001a9d8e0ed00] Opening 'C:\ProgramData\Jellyfin\Server\cache\transcodes\a7d2a0ebefb67726aa8fbff8621fe94541.ts' for writing
[hls @ 000001a9d8e0ed00] Opening 'C:\ProgramData\Jellyfin\Server\cache\transcodes\a7d2a0ebefb67726aa8fbff8621fe94542.ts' for writing
[hls @ 000001a9d8e0ed00] Opening 'C:\ProgramData\Jellyfin\Server\cache\transcodes\a7d2a0ebefb67726aa8fbff8621fe94543.ts' for writing
[hls @ 000001a9d8e0ed00] Opening 'C:\ProgramData\Jellyfin\Server\cache\transcodes\a7d2a0ebefb67726aa8fbff8621fe94544.ts' for writing
frame= 9310 fps=1656 q=-1.0 size=N/A time=00:05:54.36 bitrate=N/A speed=  63x elapsed=0:00:05.62    
[hls @ 000001a9d8e0ed00] Opening 'C:\ProgramData\Jellyfin\Server\cache\transcodes\a7d2a0ebefb67726aa8fbff8621fe94545.ts' for writing
[hls @ 000001a9d8e0ed00] Opening 'C:\ProgramData\Jellyfin\Server\cache\transcodes\a7d2a0ebefb67726aa8fbff8621fe94546.ts' for writing
[hls @ 000001a9d8e0ed00] Opening 'C:\ProgramData\Jellyfin\Server\cache\transcodes\a7d2a0ebefb67726aa8fbff8621fe94547.ts' for writing
[hls @ 000001a9d8e0ed00] Opening 'C:\ProgramData\Jellyfin\Server\cache\transcodes\a7d2a0ebefb67726aa8fbff8621fe94548.ts' for writing
frame=10179 fps=1662 q=-1.0 size=N/A time=00:06:30.61 bitrate=N/A speed=63.8x elapsed=0:00:06.12    
[hls @ 000001a9d8e0ed00] Opening 'C:\ProgramData\Jellyfin\Server\cache\transcodes\a7d2a0ebefb67726aa8fbff8621fe94549.ts' for writing
[hls @ 000001a9d8e0ed00] Opening 'C:\ProgramData\Jellyfin\Server\cache\transcodes\a7d2a0ebefb67726aa8fbff8621fe94550.ts' for writing
[hls @ 000001a9d8e0ed00] Opening 'C:\ProgramData\Jellyfin\Server\cache\transcodes\a7d2a0ebefb67726aa8fbff8621fe94551.ts' for writing
[hls @ 000001a9d8e0ed00] Opening 'C:\ProgramData\Jellyfin\Server\cache\transcodes\a7d2a0ebefb67726aa8fbff8621fe94552.ts' for writing
frame=11091 fps=1672 q=-1.0 size=N/A time=00:07:08.65 bitrate=N/A speed=64.6x elapsed=0:00:06.63    
[hls @ 000001a9d8e0ed00] Opening 'C:\ProgramData\Jellyfin\Server\cache\transcodes\a7d2a0ebefb67726aa8fbff8621fe94553.ts' for writing
[hls @ 000001a9d8e0ed00] Opening 'C:\ProgramData\Jellyfin\Server\cache\transcodes\a7d2a0ebefb67726aa8fbff8621fe94554.ts' for writing
[hls @ 000001a9d8e0ed00] Opening 'C:\ProgramData\Jellyfin\Server\cache\transcodes\a7d2a0ebefb67726aa8fbff8621fe94555.ts' for writing
[hls @ 000001a9d8e0ed00] Opening 'C:\ProgramData\Jellyfin\Server\cache\transcodes\a7d2a0ebefb67726aa8fbff8621fe94556.ts' for writing
frame=11930 fps=1671 q=-1.0 size=N/A time=00:07:43.65 bitrate=N/A speed=  65x elapsed=0:00:07.13    
[hls @ 000001a9d8e0ed00] Opening 'C:\ProgramData\Jellyfin\Server\cache\transcodes\a7d2a0ebefb67726aa8fbff8621fe94557.ts' for writing
[hls @ 000001a9d8e0ed00] Opening 'C:\ProgramData\Jellyfin\Server\cache\transcodes\a7d2a0ebefb67726aa8fbff8621fe94558.ts' for writing
[hls @ 000001a9d8e0ed00] Opening 'C:\ProgramData\Jellyfin\Server\cache\transcodes\a7d2a0ebefb67726aa8fbff8621fe94559.ts' for writing
[hls @ 000001a9d8e0ed00] Opening 'C:\ProgramData\Jellyfin\Server\cache\transcodes\a7d2a0ebefb67726aa8fbff8621fe94560.ts' for writing
[hls @ 000001a9d8e0ed00] Opening 'C:\ProgramData\Jellyfin\Server\cache\transcodes\a7d2a0ebefb67726aa8fbff8621fe94561.ts' for writing
frame=12874 fps=1682 q=-1.0 size=N/A time=00:08:23.01 bitrate=N/A speed=65.7x elapsed=0:00:07.65    
[hls @ 000001a9d8e0ed00] Opening 'C:\ProgramData\Jellyfin\Server\cache\transcodes\a7d2a0ebefb67726aa8fbff8621fe94562.ts' for writing
[hls @ 000001a9d8e0ed00] Opening 'C:\ProgramData\Jellyfin\Server\cache\transcodes\a7d2a0ebefb67726aa8fbff8621fe94563.ts' for writing
[hls @ 000001a9d8e0ed00] Opening 'C:\ProgramData\Jellyfin\Server\cache\transcodes\a7d2a0ebefb67726aa8fbff8621fe94564.ts' for writing
frame=13771 fps=1686 q=-1.0 size=N/A time=00:09:00.43 bitrate=N/A speed=66.2x elapsed=0:00:08.16    
[hls @ 000001a9d8e0ed00] Opening 'C:\ProgramData\Jellyfin\Server\cache\transcodes\a7d2a0ebefb67726aa8fbff8621fe94565.ts' for writing
[hls @ 000001a9d8e0ed00] Opening 'C:\ProgramData\Jellyfin\Server\cache\transcodes\a7d2a0ebefb67726aa8fbff8621fe94566.ts' for writing
[hls @ 000001a9d8e0ed00] Opening 'C:\ProgramData\Jellyfin\Server\cache\transcodes\a7d2a0ebefb67726aa8fbff8621fe94567.ts' for writing
[hls @ 000001a9d8e0ed00] Opening 'C:\ProgramData\Jellyfin\Server\cache\transcodes\a7d2a0ebefb67726aa8fbff8621fe94568.ts' for writing
frame=14543 fps=1677 q=-1.0 size=N/A time=00:09:32.60 bitrate=N/A speed=  66x elapsed=0:00:08.67    
[hls @ 000001a9d8e0ed00] Opening 'C:\ProgramData\Jellyfin\Server\cache\transcodes\a7d2a0ebefb67726aa8fbff8621fe94569.ts' for writing
[hls @ 000001a9d8e0ed00] Opening 'C:\ProgramData\Jellyfin\Server\cache\transcodes\a7d2a0ebefb67726aa8fbff8621fe94570.ts' for writing
[hls @ 000001a9d8e0ed00] Opening 'C:\ProgramData\Jellyfin\Server\cache\transcodes\a7d2a0ebefb67726aa8fbff8621fe94571.ts' for writing
frame=15335 fps=1672 q=-1.0 size=N/A time=00:10:05.65 bitrate=N/A speed=  66x elapsed=0:00:09.17    
[hls @ 000001a9d8e0ed00] Opening 'C:\ProgramData\Jellyfin\Server\cache\transcodes\a7d2a0ebefb67726aa8fbff8621fe94572.ts' for writing
[hls @ 000001a9d8e0ed00] Opening 'C:\ProgramData\Jellyfin\Server\cache\transcodes\a7d2a0ebefb67726aa8fbff8621fe94573.ts' for writing
[hls @ 000001a9d8e0ed00] Opening 'C:\ProgramData\Jellyfin\Server\cache\transcodes\a7d2a0ebefb67726aa8fbff8621fe94574.ts' for writing
[hls @ 000001a9d8e0ed00] Opening 'C:\ProgramData\Jellyfin\Server\cache\transcodes\a7d2a0ebefb67726aa8fbff8621fe94575.ts' for writing
[hls @ 000001a9d8e0ed00] Opening 'C:\ProgramData\Jellyfin\Server\cache\transcodes\a7d2a0ebefb67726aa8fbff8621fe94576.ts' for writing
[hls @ 000001a9d8e0ed00] Opening 'C:\ProgramData\Jellyfin\Server\cache\transcodes\a7d2a0ebefb67726aa8fbff8621fe94577.ts' for writing
frame=16095 fps=1664 q=-1.0 size=N/A time=00:10:37.37 bitrate=N/A speed=65.9x elapsed=0:00:09.67    
[hls @ 000001a9d8e0ed00] Opening 'C:\ProgramData\Jellyfin\Server\cache\transcodes\a7d2a0ebefb67726aa8fbff8621fe94578.ts' for writing
[hls @ 000001a9d8e0ed00] Opening 'C:\ProgramData\Jellyfin\Server\cache\transcodes\a7d2a0ebefb67726aa8fbff8621fe94579.ts' for writing
[hls @ 000001a9d8e0ed00] Opening 'C:\ProgramData\Jellyfin\Server\cache\transcodes\a7d2a0ebefb67726aa8fbff8621fe94580.ts' for writing
frame=16874 fps=1656 q=-1.0 size=N/A time=00:11:09.86 bitrate=N/A speed=65.8x elapsed=0:00:10.18    
[hls @ 000001a9d8e0ed00] Opening 'C:\ProgramData\Jellyfin\Server\cache\transcodes\a7d2a0ebefb67726aa8fbff8621fe94581.ts' for writing
[hls @ 000001a9d8e0ed00] Opening 'C:\ProgramData\Jellyfin\Server\cache\transcodes\a7d2a0ebefb67726aa8fbff8621fe94582.ts' for writing
[hls @ 000001a9d8e0ed00] Opening 'C:\ProgramData\Jellyfin\Server\cache\transcodes\a7d2a0ebefb67726aa8fbff8621fe94583.ts' for writing
[hls @ 000001a9d8e0ed00] Opening 'C:\ProgramData\Jellyfin\Server\cache\transcodes\a7d2a0ebefb67726aa8fbff8621fe94584.ts' for writing
frame=17785 fps=1662 q=-1.0 size=N/A time=00:11:47.86 bitrate=N/A speed=66.1x elapsed=0:00:10.70    
[hls @ 000001a9d8e0ed00] Opening 'C:\ProgramData\Jellyfin\Server\cache\transcodes\a7d2a0ebefb67726aa8fbff8621fe94585.ts' for writing
[hls @ 000001a9d8e0ed00] Opening 'C:\ProgramData\Jellyfin\Server\cache\transcodes\a7d2a0ebefb67726aa8fbff8621fe94586.ts' for writing
[hls @ 000001a9d8e0ed00] Opening 'C:\ProgramData\Jellyfin\Server\cache\transcodes\a7d2a0ebefb67726aa8fbff8621fe94587.ts' for writing
[hls @ 000001a9d8e0ed00] Opening 'C:\ProgramData\Jellyfin\Server\cache\transcodes\a7d2a0ebefb67726aa8fbff8621fe94588.ts' for writing
frame=18683 fps=1666 q=-1.0 size=N/A time=00:12:25.30 bitrate=N/A speed=66.4x elapsed=0:00:11.21    
[hls @ 000001a9d8e0ed00] Opening 'C:\ProgramData\Jellyfin\Server\cache\transcodes\a7d2a0ebefb67726aa8fbff8621fe94589.ts' for writing
[hls @ 000001a9d8e0ed00] Opening 'C:\ProgramData\Jellyfin\Server\cache\transcodes\a7d2a0ebefb67726aa8fbff8621fe94590.ts' for writing
[hls @ 000001a9d8e0ed00] Opening 'C:\ProgramData\Jellyfin\Server\cache\transcodes\a7d2a0ebefb67726aa8fbff8621fe94591.ts' for writing
[hls @ 000001a9d8e0ed00] Opening 'C:\ProgramData\Jellyfin\Server\cache\transcodes\a7d2a0ebefb67726aa8fbff8621fe94592.ts' for writing
frame=19579 fps=1671 q=-1.0 size=N/A time=00:13:02.67 bitrate=N/A speed=66.8x elapsed=0:00:11.71    
[hls @ 000001a9d8e0ed00] Opening 'C:\ProgramData\Jellyfin\Server\cache\transcodes\a7d2a0ebefb67726aa8fbff8621fe94593.ts' for writing
[hls @ 000001a9d8e0ed00] Opening 'C:\ProgramData\Jellyfin\Server\cache\transcodes\a7d2a0ebefb67726aa8fbff8621fe94594.ts' for writing
[hls @ 000001a9d8e0ed00] Opening 'C:\ProgramData\Jellyfin\Server\cache\transcodes\a7d2a0ebefb67726aa8fbff8621fe94595.ts' for writing
[hls @ 000001a9d8e0ed00] Opening 'C:\ProgramData\Jellyfin\Server\cache\transcodes\a7d2a0ebefb67726aa8fbff8621fe94596.ts' for writing
[hls @ 000001a9d8e0ed00] Opening 'C:\ProgramData\Jellyfin\Server\cache\transcodes\a7d2a0ebefb67726aa8fbff8621fe94597.ts' for writing
frame=20550 fps=1682 q=-1.0 size=N/A time=00:13:43.18 bitrate=N/A speed=67.4x elapsed=0:00:12.21    
[hls @ 000001a9d8e0ed00] Opening 'C:\ProgramData\Jellyfin\Server\cache\transcodes\a7d2a0ebefb67726aa8fbff8621fe94598.ts' for writing
[hls @ 000001a9d8e0ed00] Opening 'C:\ProgramData\Jellyfin\Server\cache\transcodes\a7d2a0ebefb67726aa8fbff8621fe94599.ts' for writing
[hls @ 000001a9d8e0ed00] Opening 'C:\ProgramData\Jellyfin\Server\cache\transcodes\a7d2a0ebefb67726aa8fbff8621fe945100.ts' for writing
[hls @ 000001a9d8e0ed00] Opening 'C:\ProgramData\Jellyfin\Server\cache\transcodes\a7d2a0ebefb67726aa8fbff8621fe945101.ts' for writing
[hls @ 000001a9d8e0ed00] Opening 'C:\ProgramData\Jellyfin\Server\cache\transcodes\a7d2a0ebefb67726aa8fbff8621fe945102.ts' for writing
frame=21515 fps=1691 q=-1.0 size=N/A time=00:14:23.42 bitrate=N/A speed=67.9x elapsed=0:00:12.72    
[hls @ 000001a9d8e0ed00] Opening 'C:\ProgramData\Jellyfin\Server\cache\transcodes\a7d2a0ebefb67726aa8fbff8621fe945103.ts' for writing
[hls @ 000001a9d8e0ed00] Opening 'C:\ProgramData\Jellyfin\Server\cache\transcodes\a7d2a0ebefb67726aa8fbff8621fe945104.ts' for writing
[hls @ 000001a9d8e0ed00] Opening 'C:\ProgramData\Jellyfin\Server\cache\transcodes\a7d2a0ebefb67726aa8fbff8621fe945105.ts' for writing
[hls @ 000001a9d8e0ed00] Opening 'C:\ProgramData\Jellyfin\Server\cache\transcodes\a7d2a0ebefb67726aa8fbff8621fe945106.ts' for writing
[hls @ 000001a9d8e0ed00] Opening 'C:\ProgramData\Jellyfin\Server\cache\transcodes\a7d2a0ebefb67726aa8fbff8621fe945107.ts' for writing
frame=22516 fps=1703 q=-1.0 size=N/A time=00:15:05.17 bitrate=N/A speed=68.5x elapsed=0:00:13.22    
[hls @ 000001a9d8e0ed00] Opening 'C:\ProgramData\Jellyfin\Server\cache\transcodes\a7d2a0ebefb67726aa8fbff8621fe945108.ts' for writing
[hls @ 000001a9d8e0ed00] Opening 'C:\ProgramData\Jellyfin\Server\cache\transcodes\a7d2a0ebefb67726aa8fbff8621fe945109.ts' for writing
[hls @ 000001a9d8e0ed00] Opening 'C:\ProgramData\Jellyfin\Server\cache\transcodes\a7d2a0ebefb67726aa8fbff8621fe945110.ts' for writing
[hls @ 000001a9d8e0ed00] Opening 'C:\ProgramData\Jellyfin\Server\cache\transcodes\a7d2a0ebefb67726aa8fbff8621fe945111.ts' for writing
frame=23364 fps=1701 q=-1.0 size=N/A time=00:15:40.52 bitrate=N/A speed=68.5x elapsed=0:00:13.73    
[hls @ 000001a9d8e0ed00] Opening 'C:\ProgramData\Jellyfin\Server\cache\transcodes\a7d2a0ebefb67726aa8fbff8621fe945112.ts' for writing
[hls @ 000001a9d8e0ed00] Opening 'C:\ProgramData\Jellyfin\Server\cache\transcodes\a7d2a0ebefb67726aa8fbff8621fe945113.ts' for writing
[hls @ 000001a9d8e0ed00] Opening 'C:\ProgramData\Jellyfin\Server\cache\transcodes\a7d2a0ebefb67726aa8fbff8621fe945114.ts' for writing
[hls @ 000001a9d8e0ed00] Opening 'C:\ProgramData\Jellyfin\Server\cache\transcodes\a7d2a0ebefb67726aa8fbff8621fe945115.ts' for writing
[hls @ 000001a9d8e0ed00] Opening 'C:\ProgramData\Jellyfin\Server\cache\transcodes\a7d2a0ebefb67726aa8fbff8621fe945116.ts' for writing
[hls @ 000001a9d8e0ed00] Opening 'C:\ProgramData\Jellyfin\Server\cache\transcodes\a7d2a0ebefb67726aa8fbff8621fe945117.ts' for writing
[hls @ 000001a9d8e0ed00] Opening 'C:\ProgramData\Jellyfin\Server\cache\transcodes\a7d2a0ebefb67726aa8fbff8621fe945118.ts' for writing
frame=24310 fps=1706 q=-1.0 size=N/A time=00:16:20.03 bitrate=N/A speed=68.8x elapsed=0:00:14.25    
[hls @ 000001a9d8e0ed00] Opening 'C:\ProgramData\Jellyfin\Server\cache\transcodes\a7d2a0ebefb67726aa8fbff8621fe945119.ts' for writing
[hls @ 000001a9d8e0ed00] Opening 'C:\ProgramData\Jellyfin\Server\cache\transcodes\a7d2a0ebefb67726aa8fbff8621fe945120.ts' for writing
[hls @ 000001a9d8e0ed00] Opening 'C:\ProgramData\Jellyfin\Server\cache\transcodes\a7d2a0ebefb67726aa8fbff8621fe945121.ts' for writing
[hls @ 000001a9d8e0ed00] Opening 'C:\ProgramData\Jellyfin\Server\cache\transcodes\a7d2a0ebefb67726aa8fbff8621fe945122.ts' for writing
frame=25107 fps=1700 q=-1.0 size=N/A time=00:16:53.22 bitrate=N/A speed=68.6x elapsed=0:00:14.76    
[hls @ 000001a9d8e0ed00] Opening 'C:\ProgramData\Jellyfin\Server\cache\transcodes\a7d2a0ebefb67726aa8fbff8621fe945123.ts' for writing
[hls @ 000001a9d8e0ed00] Opening 'C:\ProgramData\Jellyfin\Server\cache\transcodes\a7d2a0ebefb67726aa8fbff8621fe945124.ts' for writing
[hls @ 000001a9d8e0ed00] Opening 'C:\ProgramData\Jellyfin\Server\cache\transcodes\a7d2a0ebefb67726aa8fbff8621fe945125.ts' for writing
[hls @ 000001a9d8e0ed00] Opening 'C:\ProgramData\Jellyfin\Server\cache\transcodes\a7d2a0ebefb67726aa8fbff8621fe945126.ts' for writing
[hls @ 000001a9d8e0ed00] Opening 'C:\ProgramData\Jellyfin\Server\cache\transcodes\a7d2a0ebefb67726aa8fbff8621fe945127.ts' for writing
[hls @ 000001a9d8e0ed00] Opening 'C:\ProgramData\Jellyfin\Server\cache\transcodes\a7d2a0ebefb67726aa8fbff8621fe945128.ts' for writing
[hls @ 000001a9d8e0ed00] Opening 'C:\ProgramData\Jellyfin\Server\cache\transcodes\a7d2a0ebefb67726aa8fbff8621fe945129.ts' for writing
frame=25836 fps=1692 q=-1.0 size=N/A time=00:17:23.64 bitrate=N/A speed=68.3x elapsed=0:00:15.26    
[hls @ 000001a9d8e0ed00] Opening 'C:\ProgramData\Jellyfin\Server\cache\transcodes\a7d2a0ebefb67726aa8fbff8621fe945130.ts' for writing
[hls @ 000001a9d8e0ed00] Opening 'C:\ProgramData\Jellyfin\Server\cache\transcodes\a7d2a0ebefb67726aa8fbff8621fe945131.ts' for writing
[hls @ 000001a9d8e0ed00] Opening 'C:\ProgramData\Jellyfin\Server\cache\transcodes\a7d2a0ebefb67726aa8fbff8621fe945132.ts' for writing
[hls @ 000001a9d8e0ed00] Opening 'C:\ProgramData\Jellyfin\Server\cache\transcodes\a7d2a0ebefb67726aa8fbff8621fe945133.ts' for writing
[hls @ 000001a9d8e0ed00] Opening 'C:\ProgramData\Jellyfin\Server\cache\transcodes\a7d2a0ebefb67726aa8fbff8621fe945134.ts' for writing
[hls @ 000001a9d8e0ed00] Opening 'C:\ProgramData\Jellyfin\Server\cache\transcodes\a7d2a0ebefb67726aa8fbff8621fe945135.ts' for writing
[hls @ 000001a9d8e0ed00] Opening 'C:\ProgramData\Jellyfin\Server\cache\transcodes\a7d2a0ebefb67726aa8fbff8621fe945136.ts' for writing
[hls @ 000001a9d8e0ed00] Opening 'C:\ProgramData\Jellyfin\Server\cache\transcodes\a7d2a0ebefb67726aa8fbff8621fe945137.ts' for writing
frame=26661 fps=1689 q=-1.0 size=N/A time=00:17:58.03 bitrate=N/A speed=68.3x elapsed=0:00:15.78    
[hls @ 000001a9d8e0ed00] Opening 'C:\ProgramData\Jellyfin\Server\cache\transcodes\a7d2a0ebefb67726aa8fbff8621fe945138.ts' for writing
[hls @ 000001a9d8e0ed00] Opening 'C:\ProgramData\Jellyfin\Server\cache\transcodes\a7d2a0ebefb67726aa8fbff8621fe945139.ts' for writing
[hls @ 000001a9d8e0ed00] Opening 'C:\ProgramData\Jellyfin\Server\cache\transcodes\a7d2a0ebefb67726aa8fbff8621fe945140.ts' for writing
[hls @ 000001a9d8e0ed00] Opening 'C:\ProgramData\Jellyfin\Server\cache\transcodes\a7d2a0ebefb67726aa8fbff8621fe945141.ts' for writing
[hls @ 000001a9d8e0ed00] Opening 'C:\ProgramData\Jellyfin\Server\cache\transcodes\a7d2a0ebefb67726aa8fbff8621fe945142.ts' for writing
[hls @ 000001a9d8e0ed00] Opening 'C:\ProgramData\Jellyfin\Server\cache\transcodes\a7d2a0ebefb67726aa8fbff8621fe945143.ts' for writing
[hls @ 000001a9d8e0ed00] Opening 'C:\ProgramData\Jellyfin\Server\cache\transcodes\a7d2a0ebefb67726aa8fbff8621fe945144.ts' for writing
[hls @ 000001a9d8e0ed00] Opening 'C:\ProgramData\Jellyfin\Server\cache\transcodes\a7d2a0ebefb67726aa8fbff8621fe945145.ts' for writing
[hls @ 000001a9d8e0ed00] Opening 'C:\ProgramData\Jellyfin\Server\cache\transcodes\a7d2a0ebefb67726aa8fbff8621fe945146.ts' for writing
frame=27455 fps=1686 q=-1.0 size=N/A time=00:18:31.16 bitrate=N/A speed=68.2x elapsed=0:00:16.28    
[hls @ 000001a9d8e0ed00] Opening 'C:\ProgramData\Jellyfin\Server\cache\transcodes\a7d2a0ebefb67726aa8fbff8621fe945147.ts' for writing
[hls @ 000001a9d8e0ed00] Opening 'C:\ProgramData\Jellyfin\Server\cache\transcodes\a7d2a0ebefb67726aa8fbff8621fe945148.ts' for writing
[hls @ 000001a9d8e0ed00] Opening 'C:\ProgramData\Jellyfin\Server\cache\transcodes\a7d2a0ebefb67726aa8fbff8621fe945149.ts' for writing
[hls @ 000001a9d8e0ed00] Opening 'C:\ProgramData\Jellyfin\Server\cache\transcodes\a7d2a0ebefb67726aa8fbff8621fe945150.ts' for writing
[hls @ 000001a9d8e0ed00] Opening 'C:\ProgramData\Jellyfin\Server\cache\transcodes\a7d2a0ebefb67726aa8fbff8621fe945151.ts' for writing
[hls @ 000001a9d8e0ed00] Opening 'C:\ProgramData\Jellyfin\Server\cache\transcodes\a7d2a0ebefb67726aa8fbff8621fe945152.ts' for writing
[hls @ 000001a9d8e0ed00] Opening 'C:\ProgramData\Jellyfin\Server\cache\transcodes\a7d2a0ebefb67726aa8fbff8621fe945153.ts' for writing
[hls @ 000001a9d8e0ed00] Opening 'C:\ProgramData\Jellyfin\Server\cache\transcodes\a7d2a0ebefb67726aa8fbff8621fe945154.ts' for writing
frame=28378 fps=1690 q=-1.0 size=N/A time=00:19:09.65 bitrate=N/A speed=68.4x elapsed=0:00:16.79    
[hls @ 000001a9d8e0ed00] Opening 'C:\ProgramData\Jellyfin\Server\cache\transcodes\a7d2a0ebefb67726aa8fbff8621fe945155.ts' for writing
[hls @ 000001a9d8e0ed00] Opening 'C:\ProgramData\Jellyfin\Server\cache\transcodes\a7d2a0ebefb67726aa8fbff8621fe945156.ts' for writing
[hls @ 000001a9d8e0ed00] Opening 'C:\ProgramData\Jellyfin\Server\cache\transcodes\a7d2a0ebefb67726aa8fbff8621fe945157.ts' for writing
[hls @ 000001a9d8e0ed00] Opening 'C:\ProgramData\Jellyfin\Server\cache\transcodes\a7d2a0ebefb67726aa8fbff8621fe945158.ts' for writing
frame=29141 fps=1685 q=-1.0 size=N/A time=00:19:41.50 bitrate=N/A speed=68.3x elapsed=0:00:17.29    
[hls @ 000001a9d8e0ed00] Opening 'C:\ProgramData\Jellyfin\Server\cache\transcodes\a7d2a0ebefb67726aa8fbff8621fe945159.ts' for writing
[hls @ 000001a9d8e0ed00] Opening 'C:\ProgramData\Jellyfin\Server\cache\transcodes\a7d2a0ebefb67726aa8fbff8621fe945160.ts' for writing
[hls @ 000001a9d8e0ed00] Opening 'C:\ProgramData\Jellyfin\Server\cache\transcodes\a7d2a0ebefb67726aa8fbff8621fe945161.ts' for writing
frame=29923 fps=1680 q=-1.0 size=N/A time=00:20:14.10 bitrate=N/A speed=68.2x elapsed=0:00:17.81    
[hls @ 000001a9d8e0ed00] Opening 'C:\ProgramData\Jellyfin\Server\cache\transcodes\a7d2a0ebefb67726aa8fbff8621fe945162.ts' for writing
[hls @ 000001a9d8e0ed00] Opening 'C:\ProgramData\Jellyfin\Server\cache\transcodes\a7d2a0ebefb67726aa8fbff8621fe945163.ts' for writing
[hls @ 000001a9d8e0ed00] Opening 'C:\ProgramData\Jellyfin\Server\cache\transcodes\a7d2a0ebefb67726aa8fbff8621fe945164.ts' for writing
[hls @ 000001a9d8e0ed00] Opening 'C:\ProgramData\Jellyfin\Server\cache\transcodes\a7d2a0ebefb67726aa8fbff8621fe945165.ts' for writing
frame=30708 fps=1676 q=-1.0 size=N/A time=00:20:46.84 bitrate=N/A speed=  68x elapsed=0:00:18.32    
[hls @ 000001a9d8e0ed00] Opening 'C:\ProgramData\Jellyfin\Server\cache\transcodes\a7d2a0ebefb67726aa8fbff8621fe945166.ts' for writing
[hls @ 000001a9d8e0ed00] Opening 'C:\ProgramData\Jellyfin\Server\cache\transcodes\a7d2a0ebefb67726aa8fbff8621fe945167.ts' for writing
[hls @ 000001a9d8e0ed00] Opening 'C:\ProgramData\Jellyfin\Server\cache\transcodes\a7d2a0ebefb67726aa8fbff8621fe945168.ts' for writing
[hls @ 000001a9d8e0ed00] Opening 'C:\ProgramData\Jellyfin\Server\cache\transcodes\a7d2a0ebefb67726aa8fbff8621fe945169.ts' for writing
frame=31476 fps=1671 q=-1.0 size=N/A time=00:21:18.86 bitrate=N/A speed=67.9x elapsed=0:00:18.83    
[hls @ 000001a9d8e0ed00] Opening 'C:\ProgramData\Jellyfin\Server\cache\transcodes\a7d2a0ebefb67726aa8fbff8621fe945170.ts' for writing
[hls @ 000001a9d8e0ed00] Opening 'C:\ProgramData\Jellyfin\Server\cache\transcodes\a7d2a0ebefb67726aa8fbff8621fe945171.ts' for writing
[hls @ 000001a9d8e0ed00] Opening 'C:\ProgramData\Jellyfin\Server\cache\transcodes\a7d2a0ebefb67726aa8fbff8621fe945172.ts' for writing
frame=32245 fps=1667 q=-1.0 size=N/A time=00:21:50.95 bitrate=N/A speed=67.8x elapsed=0:00:19.34    
[hls @ 000001a9d8e0ed00] Opening 'C:\ProgramData\Jellyfin\Server\cache\transcodes\a7d2a0ebefb67726aa8fbff8621fe945173.ts' for writing
[hls @ 000001a9d8e0ed00] Opening 'C:\ProgramData\Jellyfin\Server\cache\transcodes\a7d2a0ebefb67726aa8fbff8621fe945174.ts' for writing
[hls @ 000001a9d8e0ed00] Opening 'C:\ProgramData\Jellyfin\Server\cache\transcodes\a7d2a0ebefb67726aa8fbff8621fe945175.ts' for writing
[hls @ 000001a9d8e0ed00] Opening 'C:\ProgramData\Jellyfin\Server\cache\transcodes\a7d2a0ebefb67726aa8fbff8621fe945176.ts' for writing
frame=33016 fps=1664 q=-1.0 size=N/A time=00:22:23.10 bitrate=N/A speed=67.7x elapsed=0:00:19.84    
[hls @ 000001a9d8e0ed00] Opening 'C:\ProgramData\Jellyfin\Server\cache\transcodes\a7d2a0ebefb67726aa8fbff8621fe945177.ts' for writing
[hls @ 000001a9d8e0ed00] Opening 'C:\ProgramData\Jellyfin\Server\cache\transcodes\a7d2a0ebefb67726aa8fbff8621fe945178.ts' for writing
[hls @ 000001a9d8e0ed00] Opening 'C:\ProgramData\Jellyfin\Server\cache\transcodes\a7d2a0ebefb67726aa8fbff8621fe945179.ts' for writing
[hls @ 000001a9d8e0ed00] Opening 'C:\ProgramData\Jellyfin\Server\cache\transcodes\a7d2a0ebefb67726aa8fbff8621fe945180.ts' for writing
frame=33806 fps=1661 q=-1.0 size=N/A time=00:22:56.06 bitrate=N/A speed=67.6x elapsed=0:00:20.35    
[hls @ 000001a9d8e0ed00] Opening 'C:\ProgramData\Jellyfin\Server\cache\transcodes\a7d2a0ebefb67726aa8fbff8621fe945181.ts' for writing
[hls @ 000001a9d8e0ed00] Opening 'C:\ProgramData\Jellyfin\Server\cache\transcodes\a7d2a0ebefb67726aa8fbff8621fe945182.ts' for writing
[hls @ 000001a9d8e0ed00] Opening 'C:\ProgramData\Jellyfin\Server\cache\transcodes\a7d2a0ebefb67726aa8fbff8621fe945183.ts' for writing
frame=34529 fps=1655 q=-1.0 size=N/A time=00:23:26.22 bitrate=N/A speed=67.4x elapsed=0:00:20.85    
[hls @ 000001a9d8e0ed00] Opening 'C:\ProgramData\Jellyfin\Server\cache\transcodes\a7d2a0ebefb67726aa8fbff8621fe945184.ts' for writing
[hls @ 000001a9d8e0ed00] Opening 'C:\ProgramData\Jellyfin\Server\cache\transcodes\a7d2a0ebefb67726aa8fbff8621fe945185.ts' for writing
[hls @ 000001a9d8e0ed00] Opening 'C:\ProgramData\Jellyfin\Server\cache\transcodes\a7d2a0ebefb67726aa8fbff8621fe945186.ts' for writing
[hls @ 000001a9d8e0ed00] Opening 'C:\ProgramData\Jellyfin\Server\cache\transcodes\a7d2a0ebefb67726aa8fbff8621fe945187.ts' for writing
[hls @ 000001a9d8e0ed00] Opening 'C:\ProgramData\Jellyfin\Server\cache\transcodes\a7d2a0ebefb67726aa8fbff8621fe945188.ts' for writing
frame=35308 fps=1652 q=-1.0 size=N/A time=00:23:58.69 bitrate=N/A speed=67.3x elapsed=0:00:21.37    
[hls @ 000001a9d8e0ed00] Opening 'C:\ProgramData\Jellyfin\Server\cache\transcodes\a7d2a0ebefb67726aa8fbff8621fe945189.ts' for writing
[hls @ 000001a9d8e0ed00] Opening 'C:\ProgramData\Jellyfin\Server\cache\transcodes\a7d2a0ebefb67726aa8fbff8621fe945190.ts' for writing
[hls @ 000001a9d8e0ed00] Opening 'C:\ProgramData\Jellyfin\Server\cache\transcodes\a7d2a0ebefb67726aa8fbff8621fe945191.ts' for writing
frame=36108 fps=1651 q=-1.0 size=N/A time=00:24:32.06 bitrate=N/A speed=67.3x elapsed=0:00:21.87    
[hls @ 000001a9d8e0ed00] Opening 'C:\ProgramData\Jellyfin\Server\cache\transcodes\a7d2a0ebefb67726aa8fbff8621fe945192.ts' for writing
[hls @ 000001a9d8e0ed00] Opening 'C:\ProgramData\Jellyfin\Server\cache\transcodes\a7d2a0ebefb67726aa8fbff8621fe945193.ts' for writing
[hls @ 000001a9d8e0ed00] Opening 'C:\ProgramData\Jellyfin\Server\cache\transcodes\a7d2a0ebefb67726aa8fbff8621fe945194.ts' for writing
[hls @ 000001a9d8e0ed00] Opening 'C:\ProgramData\Jellyfin\Server\cache\transcodes\a7d2a0ebefb67726aa8fbff8621fe945195.ts' for writing
[hls @ 000001a9d8e0ed00] Opening 'C:\ProgramData\Jellyfin\Server\cache\transcodes\a7d2a0ebefb67726aa8fbff8621fe945196.ts' for writing
frame=36944 fps=1650 q=-1.0 size=N/A time=00:25:06.96 bitrate=N/A speed=67.3x elapsed=0:00:22.38    
[hls @ 000001a9d8e0ed00] Opening 'C:\ProgramData\Jellyfin\Server\cache\transcodes\a7d2a0ebefb67726aa8fbff8621fe945197.ts' for writing
[hls @ 000001a9d8e0ed00] Opening 'C:\ProgramData\Jellyfin\Server\cache\transcodes\a7d2a0ebefb67726aa8fbff8621fe945198.ts' for writing
[hls @ 000001a9d8e0ed00] Opening 'C:\ProgramData\Jellyfin\Server\cache\transcodes\a7d2a0ebefb67726aa8fbff8621fe945199.ts' for writing
[hls @ 000001a9d8e0ed00] Opening 'C:\ProgramData\Jellyfin\Server\cache\transcodes\a7d2a0ebefb67726aa8fbff8621fe945200.ts' for writing
[hls @ 000001a9d8e0ed00] Opening 'C:\ProgramData\Jellyfin\Server\cache\transcodes\a7d2a0ebefb67726aa8fbff8621fe945201.ts' for writing
frame=37723 fps=1647 q=-1.0 size=N/A time=00:25:39.43 bitrate=N/A speed=67.2x elapsed=0:00:22.90    
[hls @ 000001a9d8e0ed00] Opening 'C:\ProgramData\Jellyfin\Server\cache\transcodes\a7d2a0ebefb67726aa8fbff8621fe945202.ts' for writing
[hls @ 000001a9d8e0ed00] Opening 'C:\ProgramData\Jellyfin\Server\cache\transcodes\a7d2a0ebefb67726aa8fbff8621fe945203.ts' for writing
[hls @ 000001a9d8e0ed00] Opening 'C:\ProgramData\Jellyfin\Server\cache\transcodes\a7d2a0ebefb67726aa8fbff8621fe945204.ts' for writing
[hls @ 000001a9d8e0ed00] Opening 'C:\ProgramData\Jellyfin\Server\cache\transcodes\a7d2a0ebefb67726aa8fbff8621fe945205.ts' for writing
frame=38475 fps=1643 q=-1.0 size=N/A time=00:26:10.79 bitrate=N/A speed=67.1x elapsed=0:00:23.41    
[hls @ 000001a9d8e0ed00] Opening 'C:\ProgramData\Jellyfin\Server\cache\transcodes\a7d2a0ebefb67726aa8fbff8621fe945206.ts' for writing
[hls @ 000001a9d8e0ed00] Opening 'C:\ProgramData\Jellyfin\Server\cache\transcodes\a7d2a0ebefb67726aa8fbff8621fe945207.ts' for writing
[hls @ 000001a9d8e0ed00] Opening 'C:\ProgramData\Jellyfin\Server\cache\transcodes\a7d2a0ebefb67726aa8fbff8621fe945208.ts' for writing
[hls @ 000001a9d8e0ed00] Opening 'C:\ProgramData\Jellyfin\Server\cache\transcodes\a7d2a0ebefb67726aa8fbff8621fe945209.ts' for writing
[hls @ 000001a9d8e0ed00] Opening 'C:\ProgramData\Jellyfin\Server\cache\transcodes\a7d2a0ebefb67726aa8fbff8621fe945210.ts' for writing
[hls @ 000001a9d8e0ed00] Opening 'C:\ProgramData\Jellyfin\Server\cache\transcodes\a7d2a0ebefb67726aa8fbff8621fe945211.ts' for writing
[hls @ 000001a9d8e0ed00] Opening 'C:\ProgramData\Jellyfin\Server\cache\transcodes\a7d2a0ebefb67726aa8fbff8621fe945212.ts' for writing
[hls @ 000001a9d8e0ed00] Opening 'C:\ProgramData\Jellyfin\Server\cache\transcodes\a7d2a0ebefb67726aa8fbff8621fe945213.ts' for writing
frame=40059 fps=1640 q=-1.0 size=N/A time=00:27:16.86 bitrate=N/A speed=  67x elapsed=0:00:24.42    
[hls @ 000001a9d8e0ed00] Opening 'C:\ProgramData\Jellyfin\Server\cache\transcodes\a7d2a0ebefb67726aa8fbff8621fe945214.ts' for writing
[hls @ 000001a9d8e0ed00] Opening 'C:\ProgramData\Jellyfin\Server\cache\transcodes\a7d2a0ebefb67726aa8fbff8621fe945215.ts' for writing
[hls @ 000001a9d8e0ed00] Opening 'C:\ProgramData\Jellyfin\Server\cache\transcodes\a7d2a0ebefb67726aa8fbff8621fe945216.ts' for writing
[hls @ 000001a9d8e0ed00] Opening 'C:\ProgramData\Jellyfin\Server\cache\transcodes\a7d2a0ebefb67726aa8fbff8621fe945217.ts' for writing
[hls @ 000001a9d8e0ed00] Opening 'C:\ProgramData\Jellyfin\Server\cache\transcodes\a7d2a0ebefb67726aa8fbff8621fe945218.ts' for writing
frame=40963 fps=1643 q=-1.0 size=N/A time=00:27:54.58 bitrate=N/A speed=67.2x elapsed=0:00:24.92    
[hls @ 000001a9d8e0ed00] Opening 'C:\ProgramData\Jellyfin\Server\cache\transcodes\a7d2a0ebefb67726aa8fbff8621fe945219.ts' for writing
[hls @ 000001a9d8e0ed00] Opening 'C:\ProgramData\Jellyfin\Server\cache\transcodes\a7d2a0ebefb67726aa8fbff8621fe945220.ts' for writing
[hls @ 000001a9d8e0ed00] Opening 'C:\ProgramData\Jellyfin\Server\cache\transcodes\a7d2a0ebefb67726aa8fbff8621fe945221.ts' for writing
[hls @ 000001a9d8e0ed00] Opening 'C:\ProgramData\Jellyfin\Server\cache\transcodes\a7d2a0ebefb67726aa8fbff8621fe945222.ts' for writing
[hls @ 000001a9d8e0ed00] Opening 'C:\ProgramData\Jellyfin\Server\cache\transcodes\a7d2a0ebefb67726aa8fbff8621fe945223.ts' for writing
frame=41743 fps=1641 q=-1.0 size=N/A time=00:28:27.09 bitrate=N/A speed=67.1x elapsed=0:00:25.44    
[hls @ 000001a9d8e0ed00] Opening 'C:\ProgramData\Jellyfin\Server\cache\transcodes\a7d2a0ebefb67726aa8fbff8621fe945224.ts' for writing
[hls @ 000001a9d8e0ed00] Opening 'C:\ProgramData\Jellyfin\Server\cache\transcodes\a7d2a0ebefb67726aa8fbff8621fe945225.ts' for writing
[hls @ 000001a9d8e0ed00] Opening 'C:\ProgramData\Jellyfin\Server\cache\transcodes\a7d2a0ebefb67726aa8fbff8621fe945226.ts' for writing
frame=42623 fps=1643 q=-1.0 size=N/A time=00:29:03.78 bitrate=N/A speed=67.2x elapsed=0:00:25.94    
[hls @ 000001a9d8e0ed00] Opening 'C:\ProgramData\Jellyfin\Server\cache\transcodes\a7d2a0ebefb67726aa8fbff8621fe945227.ts' for writing
[hls @ 000001a9d8e0ed00] Opening 'C:\ProgramData\Jellyfin\Server\cache\transcodes\a7d2a0ebefb67726aa8fbff8621fe945228.ts' for writing
[hls @ 000001a9d8e0ed00] Opening 'C:\ProgramData\Jellyfin\Server\cache\transcodes\a7d2a0ebefb67726aa8fbff8621fe945229.ts' for writing
[hls @ 000001a9d8e0ed00] Opening 'C:\ProgramData\Jellyfin\Server\cache\transcodes\a7d2a0ebefb67726aa8fbff8621fe945230.ts' for writing
frame=43516 fps=1645 q=-1.0 size=N/A time=00:29:41.03 bitrate=N/A speed=67.3x elapsed=0:00:26.45    
[hls @ 000001a9d8e0ed00] Opening 'C:\ProgramData\Jellyfin\Server\cache\transcodes\a7d2a0ebefb67726aa8fbff8621fe945231.ts' for writing
[hls @ 000001a9d8e0ed00] Opening 'C:\ProgramData\Jellyfin\Server\cache\transcodes\a7d2a0ebefb67726aa8fbff8621fe945232.ts' for writing
[hls @ 000001a9d8e0ed00] Opening 'C:\ProgramData\Jellyfin\Server\cache\transcodes\a7d2a0ebefb67726aa8fbff8621fe945233.ts' for writing
[hls @ 000001a9d8e0ed00] Opening 'C:\ProgramData\Jellyfin\Server\cache\transcodes\a7d2a0ebefb67726aa8fbff8621fe945234.ts' for writing
[hls @ 000001a9d8e0ed00] Opening 'C:\ProgramData\Jellyfin\Server\cache\transcodes\a7d2a0ebefb67726aa8fbff8621fe945235.ts' for writing
frame=44450 fps=1648 q=-1.0 size=N/A time=00:30:20.01 bitrate=N/A speed=67.5x elapsed=0:00:26.97    
[hls @ 000001a9d8e0ed00] Opening 'C:\ProgramData\Jellyfin\Server\cache\transcodes\a7d2a0ebefb67726aa8fbff8621fe945236.ts' for writing
[hls @ 000001a9d8e0ed00] Opening 'C:\ProgramData\Jellyfin\Server\cache\transcodes\a7d2a0ebefb67726aa8fbff8621fe945237.ts' for writing
[hls @ 000001a9d8e0ed00] Opening 'C:\ProgramData\Jellyfin\Server\cache\transcodes\a7d2a0ebefb67726aa8fbff8621fe945238.ts' for writing
[hls @ 000001a9d8e0ed00] Opening 'C:\ProgramData\Jellyfin\Server\cache\transcodes\a7d2a0ebefb67726aa8fbff8621fe945239.ts' for writing
frame=45335 fps=1650 q=-1.0 size=N/A time=00:30:56.89 bitrate=N/A speed=67.6x elapsed=0:00:27.47    
[hls @ 000001a9d8e0ed00] Opening 'C:\ProgramData\Jellyfin\Server\cache\transcodes\a7d2a0ebefb67726aa8fbff8621fe945240.ts' for writing
[hls @ 000001a9d8e0ed00] Opening 'C:\ProgramData\Jellyfin\Server\cache\transcodes\a7d2a0ebefb67726aa8fbff8621fe945241.ts' for writing
[hls @ 000001a9d8e0ed00] Opening 'C:\ProgramData\Jellyfin\Server\cache\transcodes\a7d2a0ebefb67726aa8fbff8621fe945242.ts' for writing
[hls @ 000001a9d8e0ed00] Opening 'C:\ProgramData\Jellyfin\Server\cache\transcodes\a7d2a0ebefb67726aa8fbff8621fe945243.ts' for writing
[hls @ 000001a9d8e0ed00] Opening 'C:\ProgramData\Jellyfin\Server\cache\transcodes\a7d2a0ebefb67726aa8fbff8621fe945244.ts' for writing
[hls @ 000001a9d8e0ed00] Opening 'C:\ProgramData\Jellyfin\Server\cache\transcodes\a7d2a0ebefb67726aa8fbff8621fe945245.ts' for writing
[hls @ 000001a9d8e0ed00] Opening 'C:\ProgramData\Jellyfin\Server\cache\transcodes\a7d2a0ebefb67726aa8fbff8621fe945246.ts' for writing
frame=46252 fps=1652 q=-1.0 size=N/A time=00:31:35.16 bitrate=N/A speed=67.7x elapsed=0:00:27.99    
[hls @ 000001a9d8e0ed00] Opening 'C:\ProgramData\Jellyfin\Server\cache\transcodes\a7d2a0ebefb67726aa8fbff8621fe945247.ts' for writing
[hls @ 000001a9d8e0ed00] Opening 'C:\ProgramData\Jellyfin\Server\cache\transcodes\a7d2a0ebefb67726aa8fbff8621fe945248.ts' for writing
[hls @ 000001a9d8e0ed00] Opening 'C:\ProgramData\Jellyfin\Server\cache\transcodes\a7d2a0ebefb67726aa8fbff8621fe945249.ts' for writing
[hls @ 000001a9d8e0ed00] Opening 'C:\ProgramData\Jellyfin\Server\cache\transcodes\a7d2a0ebefb67726aa8fbff8621fe945250.ts' for writing
[hls @ 000001a9d8e0ed00] Opening 'C:\ProgramData\Jellyfin\Server\cache\transcodes\a7d2a0ebefb67726aa8fbff8621fe945251.ts' for writing
[hls @ 000001a9d8e0ed00] Opening 'C:\ProgramData\Jellyfin\Server\cache\transcodes\a7d2a0ebefb67726aa8fbff8621fe945252.ts' for writing
frame=47205 fps=1657 q=-1.0 size=N/A time=00:32:14.91 bitrate=N/A speed=67.9x elapsed=0:00:28.49    
[hls @ 000001a9d8e0ed00] Opening 'C:\ProgramData\Jellyfin\Server\cache\transcodes\a7d2a0ebefb67726aa8fbff8621fe945253.ts' for writing
[hls @ 000001a9d8e0ed00] Opening 'C:\ProgramData\Jellyfin\Server\cache\transcodes\a7d2a0ebefb67726aa8fbff8621fe945254.ts' for writing
[hls @ 000001a9d8e0ed00] Opening 'C:\ProgramData\Jellyfin\Server\cache\transcodes\a7d2a0ebefb67726aa8fbff8621fe945255.ts' for writing
[hls @ 000001a9d8e0ed00] Opening 'C:\ProgramData\Jellyfin\Server\cache\transcodes\a7d2a0ebefb67726aa8fbff8621fe945256.ts' for writing
[hls @ 000001a9d8e0ed00] Opening 'C:\ProgramData\Jellyfin\Server\cache\transcodes\a7d2a0ebefb67726aa8fbff8621fe945257.ts' for writing
[hls @ 000001a9d8e0ed00] Opening 'C:\ProgramData\Jellyfin\Server\cache\transcodes\a7d2a0ebefb67726aa8fbff8621fe945258.ts' for writing
[hls @ 000001a9d8e0ed00] Opening 'C:\ProgramData\Jellyfin\Server\cache\transcodes\a7d2a0ebefb67726aa8fbff8621fe945259.ts' for writing
[hls @ 000001a9d8e0ed00] Opening 'C:\ProgramData\Jellyfin\Server\cache\transcodes\a7d2a0ebefb67726aa8fbff8621fe945260.ts' for writing
[hls @ 000001a9d8e0ed00] Opening 'C:\ProgramData\Jellyfin\Server\cache\transcodes\a7d2a0ebefb67726aa8fbff8621fe945261.ts' for writing
[hls @ 000001a9d8e0ed00] Opening 'C:\ProgramData\Jellyfin\Server\cache\transcodes\a7d2a0ebefb67726aa8fbff8621fe945262.ts' for writing
frame=48186 fps=1661 q=-1.0 size=N/A time=00:32:55.82 bitrate=N/A speed=68.1x elapsed=0:00:29.00    
[hls @ 000001a9d8e0ed00] Opening 'C:\ProgramData\Jellyfin\Server\cache\transcodes\a7d2a0ebefb67726aa8fbff8621fe945263.ts' for writing
[hls @ 000001a9d8e0ed00] Opening 'C:\ProgramData\Jellyfin\Server\cache\transcodes\a7d2a0ebefb67726aa8fbff8621fe945264.ts' for writing
[hls @ 000001a9d8e0ed00] Opening 'C:\ProgramData\Jellyfin\Server\cache\transcodes\a7d2a0ebefb67726aa8fbff8621fe945265.ts' for writing
[hls @ 000001a9d8e0ed00] Opening 'C:\ProgramData\Jellyfin\Server\cache\transcodes\a7d2a0ebefb67726aa8fbff8621fe945266.ts' for writing
frame=49039 fps=1661 q=-1.0 size=N/A time=00:33:31.41 bitrate=N/A speed=68.1x elapsed=0:00:29.51    
[hls @ 000001a9d8e0ed00] Opening 'C:\ProgramData\Jellyfin\Server\cache\transcodes\a7d2a0ebefb67726aa8fbff8621fe945267.ts' for writing
[hls @ 000001a9d8e0ed00] Opening 'C:\ProgramData\Jellyfin\Server\cache\transcodes\a7d2a0ebefb67726aa8fbff8621fe945268.ts' for writing
[hls @ 000001a9d8e0ed00] Opening 'C:\ProgramData\Jellyfin\Server\cache\transcodes\a7d2a0ebefb67726aa8fbff8621fe945269.ts' for writing
frame=49912 fps=1662 q=-1.0 size=N/A time=00:34:07.80 bitrate=N/A speed=68.2x elapsed=0:00:30.03    
[hls @ 000001a9d8e0ed00] Opening 'C:\ProgramData\Jellyfin\Server\cache\transcodes\a7d2a0ebefb67726aa8fbff8621fe945270.ts' for writing
[hls @ 000001a9d8e0ed00] Opening 'C:\ProgramData\Jellyfin\Server\cache\transcodes\a7d2a0ebefb67726aa8fbff8621fe945271.ts' for writing
[hls @ 000001a9d8e0ed00] Opening 'C:\ProgramData\Jellyfin\Server\cache\transcodes\a7d2a0ebefb67726aa8fbff8621fe945272.ts' for writing
[hls @ 000001a9d8e0ed00] Opening 'C:\ProgramData\Jellyfin\Server\cache\transcodes\a7d2a0ebefb67726aa8fbff8621fe945273.ts' for writing
frame=50786 fps=1663 q=-1.0 size=N/A time=00:34:44.26 bitrate=N/A speed=68.3x elapsed=0:00:30.53    
[hls @ 000001a9d8e0ed00] Opening 'C:\ProgramData\Jellyfin\Server\cache\transcodes\a7d2a0ebefb67726aa8fbff8621fe945274.ts' for writing
[hls @ 000001a9d8e0ed00] Opening 'C:\ProgramData\Jellyfin\Server\cache\transcodes\a7d2a0ebefb67726aa8fbff8621fe945275.ts' for writing
[hls @ 000001a9d8e0ed00] Opening 'C:\ProgramData\Jellyfin\Server\cache\transcodes\a7d2a0ebefb67726aa8fbff8621fe945276.ts' for writing
[hls @ 000001a9d8e0ed00] Opening 'C:\ProgramData\Jellyfin\Server\cache\transcodes\a7d2a0ebefb67726aa8fbff8621fe945277.ts' for writing
[hls @ 000001a9d8e0ed00] Opening 'C:\ProgramData\Jellyfin\Server\cache\transcodes\a7d2a0ebefb67726aa8fbff8621fe945278.ts' for writing
[hls @ 000001a9d8e0ed00] Opening 'C:\ProgramData\Jellyfin\Server\cache\transcodes\a7d2a0ebefb67726aa8fbff8621fe945279.ts' for writing
frame=51668 fps=1665 q=-1.0 size=N/A time=00:35:21.04 bitrate=N/A speed=68.3x elapsed=0:00:31.03    
[hls @ 000001a9d8e0ed00] Opening 'C:\ProgramData\Jellyfin\Server\cache\transcodes\a7d2a0ebefb67726aa8fbff8621fe945280.ts' for writing
[hls @ 000001a9d8e0ed00] Opening 'C:\ProgramData\Jellyfin\Server\cache\transcodes\a7d2a0ebefb67726aa8fbff8621fe945281.ts' for writing
[hls @ 000001a9d8e0ed00] Opening 'C:\ProgramData\Jellyfin\Server\cache\transcodes\a7d2a0ebefb67726aa8fbff8621fe945282.ts' for writing
[hls @ 000001a9d8e0ed00] Opening 'C:\ProgramData\Jellyfin\Server\cache\transcodes\a7d2a0ebefb67726aa8fbff8621fe945283.ts' for writing
frame=52571 fps=1666 q=-1.0 size=N/A time=00:35:58.69 bitrate=N/A speed=68.4x elapsed=0:00:31.55    
[hls @ 000001a9d8e0ed00] Opening 'C:\ProgramData\Jellyfin\Server\cache\transcodes\a7d2a0ebefb67726aa8fbff8621fe945284.ts' for writing
[hls @ 000001a9d8e0ed00] Opening 'C:\ProgramData\Jellyfin\Server\cache\transcodes\a7d2a0ebefb67726aa8fbff8621fe945285.ts' for writing
[hls @ 000001a9d8e0ed00] Opening 'C:\ProgramData\Jellyfin\Server\cache\transcodes\a7d2a0ebefb67726aa8fbff8621fe945286.ts' for writing
[hls @ 000001a9d8e0ed00] Opening 'C:\ProgramData\Jellyfin\Server\cache\transcodes\a7d2a0ebefb67726aa8fbff8621fe945287.ts' for writing
frame=53460 fps=1667 q=-1.0 size=N/A time=00:36:35.77 bitrate=N/A speed=68.5x elapsed=0:00:32.06    
[hls @ 000001a9d8e0ed00] Opening 'C:\ProgramData\Jellyfin\Server\cache\transcodes\a7d2a0ebefb67726aa8fbff8621fe945288.ts' for writing
[hls @ 000001a9d8e0ed00] Opening 'C:\ProgramData\Jellyfin\Server\cache\transcodes\a7d2a0ebefb67726aa8fbff8621fe945289.ts' for writing
[hls @ 000001a9d8e0ed00] Opening 'C:\ProgramData\Jellyfin\Server\cache\transcodes\a7d2a0ebefb67726aa8fbff8621fe945290.ts' for writing
[hls @ 000001a9d8e0ed00] Opening 'C:\ProgramData\Jellyfin\Server\cache\transcodes\a7d2a0ebefb67726aa8fbff8621fe945291.ts' for writing
[hls @ 000001a9d8e0ed00] Opening 'C:\ProgramData\Jellyfin\Server\cache\transcodes\a7d2a0ebefb67726aa8fbff8621fe945292.ts' for writing
frame=54312 fps=1667 q=-1.0 size=N/A time=00:37:11.33 bitrate=N/A speed=68.5x elapsed=0:00:32.57    
[hls @ 000001a9d8e0ed00] Opening 'C:\ProgramData\Jellyfin\Server\cache\transcodes\a7d2a0ebefb67726aa8fbff8621fe945293.ts' for writing
[hls @ 000001a9d8e0ed00] Opening 'C:\ProgramData\Jellyfin\Server\cache\transcodes\a7d2a0ebefb67726aa8fbff8621fe945294.ts' for writing
[hls @ 000001a9d8e0ed00] Opening 'C:\ProgramData\Jellyfin\Server\cache\transcodes\a7d2a0ebefb67726aa8fbff8621fe945295.ts' for writing
frame=55167 fps=1668 q=-1.0 size=N/A time=00:37:46.98 bitrate=N/A speed=68.5x elapsed=0:00:33.07    
[hls @ 000001a9d8e0ed00] Opening 'C:\ProgramData\Jellyfin\Server\cache\transcodes\a7d2a0ebefb67726aa8fbff8621fe945296.ts' for writing
[hls @ 000001a9d8e0ed00] Opening 'C:\ProgramData\Jellyfin\Server\cache\transcodes\a7d2a0ebefb67726aa8fbff8621fe945297.ts' for writing
[hls @ 000001a9d8e0ed00] Opening 'C:\ProgramData\Jellyfin\Server\cache\transcodes\a7d2a0ebefb67726aa8fbff8621fe945298.ts' for writing
[hls @ 000001a9d8e0ed00] Opening 'C:\ProgramData\Jellyfin\Server\cache\transcodes\a7d2a0ebefb67726aa8fbff8621fe945299.ts' for writing
frame=56047 fps=1669 q=-1.0 size=N/A time=00:38:23.72 bitrate=N/A speed=68.6x elapsed=0:00:33.59    
[hls @ 000001a9d8e0ed00] Opening 'C:\ProgramData\Jellyfin\Server\cache\transcodes\a7d2a0ebefb67726aa8fbff8621fe945300.ts' for writing
[hls @ 000001a9d8e0ed00] Opening 'C:\ProgramData\Jellyfin\Server\cache\transcodes\a7d2a0ebefb67726aa8fbff8621fe945301.ts' for writing
[hls @ 000001a9d8e0ed00] Opening 'C:\ProgramData\Jellyfin\Server\cache\transcodes\a7d2a0ebefb67726aa8fbff8621fe945302.ts' for writing
[hls @ 000001a9d8e0ed00] Opening 'C:\ProgramData\Jellyfin\Server\cache\transcodes\a7d2a0ebefb67726aa8fbff8621fe945303.ts' for writing
[hls @ 000001a9d8e0ed00] Opening 'C:\ProgramData\Jellyfin\Server\cache\transcodes\a7d2a0ebefb67726aa8fbff8621fe945304.ts' for writing
frame=56958 fps=1670 q=-1.0 size=N/A time=00:39:01.69 bitrate=N/A speed=68.7x elapsed=0:00:34.10    
[hls @ 000001a9d8e0ed00] Opening 'C:\ProgramData\Jellyfin\Server\cache\transcodes\a7d2a0ebefb67726aa8fbff8621fe945305.ts' for writing
[hls @ 000001a9d8e0ed00] Opening 'C:\ProgramData\Jellyfin\Server\cache\transcodes\a7d2a0ebefb67726aa8fbff8621fe945306.ts' for writing
[hls @ 000001a9d8e0ed00] Opening 'C:\ProgramData\Jellyfin\Server\cache\transcodes\a7d2a0ebefb67726aa8fbff8621fe945307.ts' for writing
[hls @ 000001a9d8e0ed00] Opening 'C:\ProgramData\Jellyfin\Server\cache\transcodes\a7d2a0ebefb67726aa8fbff8621fe945308.ts' for writing
[hls @ 000001a9d8e0ed00] Opening 'C:\ProgramData\Jellyfin\Server\cache\transcodes\a7d2a0ebefb67726aa8fbff8621fe945309.ts' for writing
[hls @ 000001a9d8e0ed00] Opening 'C:\ProgramData\Jellyfin\Server\cache\transcodes\a7d2a0ebefb67726aa8fbff8621fe945310.ts' for writing
[hls @ 000001a9d8e0ed00] Opening 'C:\ProgramData\Jellyfin\Server\cache\transcodes\a7d2a0ebefb67726aa8fbff8621fe945311.ts' for writing
frame=58124 fps=1679 q=-1.0 size=N/A time=00:39:50.46 bitrate=N/A speed=  69x elapsed=0:00:34.61    
[hls @ 000001a9d8e0ed00] Opening 'C:\ProgramData\Jellyfin\Server\cache\transcodes\a7d2a0ebefb67726aa8fbff8621fe945312.ts' for writing
[hls @ 000001a9d8e0ed00] Opening 'C:\ProgramData\Jellyfin\Server\cache\transcodes\a7d2a0ebefb67726aa8fbff8621fe945313.ts' for writing
[hls @ 000001a9d8e0ed00] Opening 'C:\ProgramData\Jellyfin\Server\cache\transcodes\a7d2a0ebefb67726aa8fbff8621fe945314.ts' for writing
[hls @ 000001a9d8e0ed00] Opening 'C:\ProgramData\Jellyfin\Server\cache\transcodes\a7d2a0ebefb67726aa8fbff8621fe945315.ts' for writing
[hls @ 000001a9d8e0ed00] Opening 'C:\ProgramData\Jellyfin\Server\cache\transcodes\a7d2a0ebefb67726aa8fbff8621fe945316.ts' for writing
[hls @ 000001a9d8e0ed00] Opening 'C:\ProgramData\Jellyfin\Server\cache\transcodes\a7d2a0ebefb67726aa8fbff8621fe945317.ts' for writing
[hls @ 000001a9d8e0ed00] Opening 'C:\ProgramData\Jellyfin\Server\cache\transcodes\a7d2a0ebefb67726aa8fbff8621fe945318.ts' for writing
[hls @ 000001a9d8e0ed00] Opening 'C:\ProgramData\Jellyfin\Server\cache\transcodes\a7d2a0ebefb67726aa8fbff8621fe945319.ts' for writing
frame=59826 fps=1679 q=-1.0 size=N/A time=00:41:01.29 bitrate=N/A speed=69.1x elapsed=0:00:35.63    
[hls @ 000001a9d8e0ed00] Opening 'C:\ProgramData\Jellyfin\Server\cache\transcodes\a7d2a0ebefb67726aa8fbff8621fe945320.ts' for writing
[hls @ 000001a9d8e0ed00] Opening 'C:\ProgramData\Jellyfin\Server\cache\transcodes\a7d2a0ebefb67726aa8fbff8621fe945321.ts' for writing
[hls @ 000001a9d8e0ed00] Opening 'C:\ProgramData\Jellyfin\Server\cache\transcodes\a7d2a0ebefb67726aa8fbff8621fe945322.ts' for writing
frame=60602 fps=1677 q=-1.0 size=N/A time=00:41:33.67 bitrate=N/A speed=  69x elapsed=0:00:36.14    
[hls @ 000001a9d8e0ed00] Opening 'C:\ProgramData\Jellyfin\Server\cache\transcodes\a7d2a0ebefb67726aa8fbff8621fe945323.ts' for writing
[hls @ 000001a9d8e0ed00] Opening 'C:\ProgramData\Jellyfin\Server\cache\transcodes\a7d2a0ebefb67726aa8fbff8621fe945324.ts' for writing
[hls @ 000001a9d8e0ed00] Opening 'C:\ProgramData\Jellyfin\Server\cache\transcodes\a7d2a0ebefb67726aa8fbff8621fe945325.ts' for writing
[hls @ 000001a9d8e0ed00] Opening 'C:\ProgramData\Jellyfin\Server\cache\transcodes\a7d2a0ebefb67726aa8fbff8621fe945326.ts' for writing
frame=61367 fps=1674 q=-1.0 size=N/A time=00:42:05.58 bitrate=N/A speed=68.9x elapsed=0:00:36.66    
[hls @ 000001a9d8e0ed00] Opening 'C:\ProgramData\Jellyfin\Server\cache\transcodes\a7d2a0ebefb67726aa8fbff8621fe945327.ts' for writing
[hls @ 000001a9d8e0ed00] Opening 'C:\ProgramData\Jellyfin\Server\cache\transcodes\a7d2a0ebefb67726aa8fbff8621fe945328.ts' for writing
[hls @ 000001a9d8e0ed00] Opening 'C:\ProgramData\Jellyfin\Server\cache\transcodes\a7d2a0ebefb67726aa8fbff8621fe945329.ts' for writing
[hls @ 000001a9d8e0ed00] Opening 'C:\ProgramData\Jellyfin\Server\cache\transcodes\a7d2a0ebefb67726aa8fbff8621fe945330.ts' for writing
frame=62160 fps=1672 q=-1.0 size=N/A time=00:42:38.63 bitrate=N/A speed=68.8x elapsed=0:00:37.16    
[hls @ 000001a9d8e0ed00] Opening 'C:\ProgramData\Jellyfin\Server\cache\transcodes\a7d2a0ebefb67726aa8fbff8621fe945331.ts' for writing
[hls @ 000001a9d8e0ed00] Opening 'C:\ProgramData\Jellyfin\Server\cache\transcodes\a7d2a0ebefb67726aa8fbff8621fe945332.ts' for writing
[hls @ 000001a9d8e0ed00] Opening 'C:\ProgramData\Jellyfin\Server\cache\transcodes\a7d2a0ebefb67726aa8fbff8621fe945333.ts' for writing
[hls @ 000001a9d8e0ed00] Opening 'C:\ProgramData\Jellyfin\Server\cache\transcodes\a7d2a0ebefb67726aa8fbff8621fe945334.ts' for writing
frame=62910 fps=1670 q=-1.0 size=N/A time=00:43:09.93 bitrate=N/A speed=68.8x elapsed=0:00:37.66    
[hls @ 000001a9d8e0ed00] Opening 'C:\ProgramData\Jellyfin\Server\cache\transcodes\a7d2a0ebefb67726aa8fbff8621fe945335.ts' for writing
[hls @ 000001a9d8e0ed00] Opening 'C:\ProgramData\Jellyfin\Server\cache\transcodes\a7d2a0ebefb67726aa8fbff8621fe945336.ts' for writing
[hls @ 000001a9d8e0ed00] Opening 'C:\ProgramData\Jellyfin\Server\cache\transcodes\a7d2a0ebefb67726aa8fbff8621fe945337.ts' for writing
[hls @ 000001a9d8e0ed00] Opening 'C:\ProgramData\Jellyfin\Server\cache\transcodes\a7d2a0ebefb67726aa8fbff8621fe945338.ts' for writing
frame=63697 fps=1668 q=-1.0 size=N/A time=00:43:42.76 bitrate=N/A speed=68.7x elapsed=0:00:38.18    
[hls @ 000001a9d8e0ed00] Opening 'C:\ProgramData\Jellyfin\Server\cache\transcodes\a7d2a0ebefb67726aa8fbff8621fe945339.ts' for writing
[hls @ 000001a9d8e0ed00] Opening 'C:\ProgramData\Jellyfin\Server\cache\transcodes\a7d2a0ebefb67726aa8fbff8621fe945340.ts' for writing
[hls @ 000001a9d8e0ed00] Opening 'C:\ProgramData\Jellyfin\Server\cache\transcodes\a7d2a0ebefb67726aa8fbff8621fe945341.ts' for writing
frame=64455 fps=1666 q=-1.0 size=N/A time=00:44:14.35 bitrate=N/A speed=68.6x elapsed=0:00:38.69    
[hls @ 000001a9d8e0ed00] Opening 'C:\ProgramData\Jellyfin\Server\cache\transcodes\a7d2a0ebefb67726aa8fbff8621fe945342.ts' for writing
[hls @ 000001a9d8e0ed00] Opening 'C:\ProgramData\Jellyfin\Server\cache\transcodes\a7d2a0ebefb67726aa8fbff8621fe945343.ts' for writing
[hls @ 000001a9d8e0ed00] Opening 'C:\ProgramData\Jellyfin\Server\cache\transcodes\a7d2a0ebefb67726aa8fbff8621fe945344.ts' for writing
frame=65253 fps=1664 q=-1.0 size=N/A time=00:44:47.65 bitrate=N/A speed=68.5x elapsed=0:00:39.20    
[hls @ 000001a9d8e0ed00] Opening 'C:\ProgramData\Jellyfin\Server\cache\transcodes\a7d2a0ebefb67726aa8fbff8621fe945345.ts' for writing
[hls @ 000001a9d8e0ed00] Opening 'C:\ProgramData\Jellyfin\Server\cache\transcodes\a7d2a0ebefb67726aa8fbff8621fe945346.ts' for writing
[hls @ 000001a9d8e0ed00] Opening 'C:\ProgramData\Jellyfin\Server\cache\transcodes\a7d2a0ebefb67726aa8fbff8621fe945347.ts' for writing
[hls @ 000001a9d8e0ed00] Opening 'C:\ProgramData\Jellyfin\Server\cache\transcodes\a7d2a0ebefb67726aa8fbff8621fe945348.ts' for writing
frame=66034 fps=1663 q=-1.0 size=N/A time=00:45:20.21 bitrate=N/A speed=68.5x elapsed=0:00:39.71    
[hls @ 000001a9d8e0ed00] Opening 'C:\ProgramData\Jellyfin\Server\cache\transcodes\a7d2a0ebefb67726aa8fbff8621fe945349.ts' for writing
[hls @ 000001a9d8e0ed00] Opening 'C:\ProgramData\Jellyfin\Server\cache\transcodes\a7d2a0ebefb67726aa8fbff8621fe945350.ts' for writing
[hls @ 000001a9d8e0ed00] Opening 'C:\ProgramData\Jellyfin\Server\cache\transcodes\a7d2a0ebefb67726aa8fbff8621fe945351.ts' for writing
frame=66796 fps=1661 q=-1.0 size=N/A time=00:45:52.00 bitrate=N/A speed=68.4x elapsed=0:00:40.21    
[hls @ 000001a9d8e0ed00] Opening 'C:\ProgramData\Jellyfin\Server\cache\transcodes\a7d2a0ebefb67726aa8fbff8621fe945352.ts' for writing
[hls @ 000001a9d8e0ed00] Opening 'C:\ProgramData\Jellyfin\Server\cache\transcodes\a7d2a0ebefb67726aa8fbff8621fe945353.ts' for writing
[hls @ 000001a9d8e0ed00] Opening 'C:\ProgramData\Jellyfin\Server\cache\transcodes\a7d2a0ebefb67726aa8fbff8621fe945354.ts' for writing
frame=67600 fps=1660 q=-1.0 size=N/A time=00:46:25.55 bitrate=N/A speed=68.4x elapsed=0:00:40.72    
[hls @ 000001a9d8e0ed00] Opening 'C:\ProgramData\Jellyfin\Server\cache\transcodes\a7d2a0ebefb67726aa8fbff8621fe945355.ts' for writing
[hls @ 000001a9d8e0ed00] Opening 'C:\ProgramData\Jellyfin\Server\cache\transcodes\a7d2a0ebefb67726aa8fbff8621fe945356.ts' for writing
[hls @ 000001a9d8e0ed00] Opening 'C:\ProgramData\Jellyfin\Server\cache\transcodes\a7d2a0ebefb67726aa8fbff8621fe945357.ts' for writing
[hls @ 000001a9d8e0ed00] Opening 'C:\ProgramData\Jellyfin\Server\cache\transcodes\a7d2a0ebefb67726aa8fbff8621fe945358.ts' for writing
frame=68326 fps=1657 q=-1.0 size=N/A time=00:46:55.82 bitrate=N/A speed=68.3x elapsed=0:00:41.22    
[hls @ 000001a9d8e0ed00] Opening 'C:\ProgramData\Jellyfin\Server\cache\transcodes\a7d2a0ebefb67726aa8fbff8621fe945359.ts' for writing
[hls @ 000001a9d8e0ed00] Opening 'C:\ProgramData\Jellyfin\Server\cache\transcodes\a7d2a0ebefb67726aa8fbff8621fe945360.ts' for writing
[hls @ 000001a9d8e0ed00] Opening 'C:\ProgramData\Jellyfin\Server\cache\transcodes\a7d2a0ebefb67726aa8fbff8621fe945361.ts' for writing
[hls @ 000001a9d8e0ed00] Opening 'C:\ProgramData\Jellyfin\Server\cache\transcodes\a7d2a0ebefb67726aa8fbff8621fe945362.ts' for writing
[hls @ 000001a9d8e0ed00] Opening 'C:\ProgramData\Jellyfin\Server\cache\transcodes\a7d2a0ebefb67726aa8fbff8621fe945363.ts' for writing
[hls @ 000001a9d8e0ed00] Opening 'C:\ProgramData\Jellyfin\Server\cache\transcodes\a7d2a0ebefb67726aa8fbff8621fe945364.ts' for writing
frame=69171 fps=1657 q=-1.0 size=N/A time=00:47:31.05 bitrate=N/A speed=68.3x elapsed=0:00:41.73    
[hls @ 000001a9d8e0ed00] Opening 'C:\ProgramData\Jellyfin\Server\cache\transcodes\a7d2a0ebefb67726aa8fbff8621fe945365.ts' for writing
[hls @ 000001a9d8e0ed00] Opening 'C:\ProgramData\Jellyfin\Server\cache\transcodes\a7d2a0ebefb67726aa8fbff8621fe945366.ts' for writing
[hls @ 000001a9d8e0ed00] Opening 'C:\ProgramData\Jellyfin\Server\cache\transcodes\a7d2a0ebefb67726aa8fbff8621fe945367.ts' for writing
frame=69959 fps=1656 q=-1.0 size=N/A time=00:48:03.92 bitrate=N/A speed=68.3x elapsed=0:00:42.24    
[hls @ 000001a9d8e0ed00] Opening 'C:\ProgramData\Jellyfin\Server\cache\transcodes\a7d2a0ebefb67726aa8fbff8621fe945368.ts' for writing
[hls @ 000001a9d8e0ed00] Opening 'C:\ProgramData\Jellyfin\Server\cache\transcodes\a7d2a0ebefb67726aa8fbff8621fe945369.ts' for writing
[hls @ 000001a9d8e0ed00] Opening 'C:\ProgramData\Jellyfin\Server\cache\transcodes\a7d2a0ebefb67726aa8fbff8621fe945370.ts' for writing
[hls @ 000001a9d8e0ed00] Opening 'C:\ProgramData\Jellyfin\Server\cache\transcodes\a7d2a0ebefb67726aa8fbff8621fe945371.ts' for writing
[hls @ 000001a9d8e0ed00] Opening 'C:\ProgramData\Jellyfin\Server\cache\transcodes\a7d2a0ebefb67726aa8fbff8621fe945372.ts' for writing
frame=70796 fps=1656 q=-1.0 size=N/A time=00:48:38.84 bitrate=N/A speed=68.3x elapsed=0:00:42.74    
[hls @ 000001a9d8e0ed00] Opening 'C:\ProgramData\Jellyfin\Server\cache\transcodes\a7d2a0ebefb67726aa8fbff8621fe945373.ts' for writing
[hls @ 000001a9d8e0ed00] Opening 'C:\ProgramData\Jellyfin\Server\cache\transcodes\a7d2a0ebefb67726aa8fbff8621fe945374.ts' for writing
[hls @ 000001a9d8e0ed00] Opening 'C:\ProgramData\Jellyfin\Server\cache\transcodes\a7d2a0ebefb67726aa8fbff8621fe945375.ts' for writing
[hls @ 000001a9d8e0ed00] Opening 'C:\ProgramData\Jellyfin\Server\cache\transcodes\a7d2a0ebefb67726aa8fbff8621fe945376.ts' for writing
frame=71695 fps=1657 q=-1.0 size=N/A time=00:49:16.35 bitrate=N/A speed=68.3x elapsed=0:00:43.26    
[hls @ 000001a9d8e0ed00] Opening 'C:\ProgramData\Jellyfin\Server\cache\transcodes\a7d2a0ebefb67726aa8fbff8621fe945377.ts' for writing
[hls @ 000001a9d8e0ed00] Opening 'C:\ProgramData\Jellyfin\Server\cache\transcodes\a7d2a0ebefb67726aa8fbff8621fe945378.ts' for writing
[hls @ 000001a9d8e0ed00] Opening 'C:\ProgramData\Jellyfin\Server\cache\transcodes\a7d2a0ebefb67726aa8fbff8621fe945379.ts' for writing
[hls @ 000001a9d8e0ed00] Opening 'C:\ProgramData\Jellyfin\Server\cache\transcodes\a7d2a0ebefb67726aa8fbff8621fe945380.ts' for writing
frame=72619 fps=1659 q=-1.0 size=N/A time=00:49:54.90 bitrate=N/A speed=68.4x elapsed=0:00:43.77    
[hls @ 000001a9d8e0ed00] Opening 'C:\ProgramData\Jellyfin\Server\cache\transcodes\a7d2a0ebefb67726aa8fbff8621fe945381.ts' for writing
[hls @ 000001a9d8e0ed00] Opening 'C:\ProgramData\Jellyfin\Server\cache\transcodes\a7d2a0ebefb67726aa8fbff8621fe945382.ts' for writing
[hls @ 000001a9d8e0ed00] Opening 'C:\ProgramData\Jellyfin\Server\cache\transcodes\a7d2a0ebefb67726aa8fbff8621fe945383.ts' for writing
frame=73487 fps=1660 q=-1.0 size=N/A time=00:50:31.08 bitrate=N/A speed=68.5x elapsed=0:00:44.27    
[hls @ 000001a9d8e0ed00] Opening 'C:\ProgramData\Jellyfin\Server\cache\transcodes\a7d2a0ebefb67726aa8fbff8621fe945384.ts' for writing
[hls @ 000001a9d8e0ed00] Opening 'C:\ProgramData\Jellyfin\Server\cache\transcodes\a7d2a0ebefb67726aa8fbff8621fe945385.ts' for writing
[hls @ 000001a9d8e0ed00] Opening 'C:\ProgramData\Jellyfin\Server\cache\transcodes\a7d2a0ebefb67726aa8fbff8621fe945386.ts' for writing
[hls @ 000001a9d8e0ed00] Opening 'C:\ProgramData\Jellyfin\Server\cache\transcodes\a7d2a0ebefb67726aa8fbff8621fe945387.ts' for writing
frame=74351 fps=1660 q=-1.0 size=N/A time=00:51:07.11 bitrate=N/A speed=68.5x elapsed=0:00:44.79    
[hls @ 000001a9d8e0ed00] Opening 'C:\ProgramData\Jellyfin\Server\cache\transcodes\a7d2a0ebefb67726aa8fbff8621fe945388.ts' for writing
[hls @ 000001a9d8e0ed00] Opening 'C:\ProgramData\Jellyfin\Server\cache\transcodes\a7d2a0ebefb67726aa8fbff8621fe945389.ts' for writing
[hls @ 000001a9d8e0ed00] Opening 'C:\ProgramData\Jellyfin\Server\cache\transcodes\a7d2a0ebefb67726aa8fbff8621fe945390.ts' for writing
[hls @ 000001a9d8e0ed00] Opening 'C:\ProgramData\Jellyfin\Server\cache\transcodes\a7d2a0ebefb67726aa8fbff8621fe945391.ts' for writing
frame=75220 fps=1661 q=-1.0 size=N/A time=00:51:43.38 bitrate=N/A speed=68.5x elapsed=0:00:45.29    
[hls @ 000001a9d8e0ed00] Opening 'C:\ProgramData\Jellyfin\Server\cache\transcodes\a7d2a0ebefb67726aa8fbff8621fe945392.ts' for writing
[hls @ 000001a9d8e0ed00] Opening 'C:\ProgramData\Jellyfin\Server\cache\transcodes\a7d2a0ebefb67726aa8fbff8621fe945393.ts' for writing
[hls @ 000001a9d8e0ed00] Opening 'C:\ProgramData\Jellyfin\Server\cache\transcodes\a7d2a0ebefb67726aa8fbff8621fe945394.ts' for writing
frame=76081 fps=1661 q=-1.0 size=N/A time=00:52:19.28 bitrate=N/A speed=68.6x elapsed=0:00:45.79    
[hls @ 000001a9d8e0ed00] Opening 'C:\ProgramData\Jellyfin\Server\cache\transcodes\a7d2a0ebefb67726aa8fbff8621fe945395.ts' for writing
[hls @ 000001a9d8e0ed00] Opening 'C:\ProgramData\Jellyfin\Server\cache\transcodes\a7d2a0ebefb67726aa8fbff8621fe945396.ts' for writing
[hls @ 000001a9d8e0ed00] Opening 'C:\ProgramData\Jellyfin\Server\cache\transcodes\a7d2a0ebefb67726aa8fbff8621fe945397.ts' for writing
[hls @ 000001a9d8e0ed00] Opening 'C:\ProgramData\Jellyfin\Server\cache\transcodes\a7d2a0ebefb67726aa8fbff8621fe945398.ts' for writing
frame=76972 fps=1662 q=-1.0 size=N/A time=00:52:56.44 bitrate=N/A speed=68.6x elapsed=0:00:46.30    
[hls @ 000001a9d8e0ed00] Opening 'C:\ProgramData\Jellyfin\Server\cache\transcodes\a7d2a0ebefb67726aa8fbff8621fe945399.ts' for writing
[hls @ 000001a9d8e0ed00] Opening 'C:\ProgramData\Jellyfin\Server\cache\transcodes\a7d2a0ebefb67726aa8fbff8621fe945400.ts' for writing
[hls @ 000001a9d8e0ed00] Opening 'C:\ProgramData\Jellyfin\Server\cache\transcodes\a7d2a0ebefb67726aa8fbff8621fe945401.ts' for writing
[hls @ 000001a9d8e0ed00] Opening 'C:\ProgramData\Jellyfin\Server\cache\transcodes\a7d2a0ebefb67726aa8fbff8621fe945402.ts' for writing
[hls @ 000001a9d8e0ed00] Opening 'C:\ProgramData\Jellyfin\Server\cache\transcodes\a7d2a0ebefb67726aa8fbff8621fe945403.ts' for writing
[hls @ 000001a9d8e0ed00] Opening 'C:\ProgramData\Jellyfin\Server\cache\transcodes\a7d2a0ebefb67726aa8fbff8621fe945404.ts' for writing
[hls @ 000001a9d8e0ed00] Opening 'C:\ProgramData\Jellyfin\Server\cache\transcodes\a7d2a0ebefb67726aa8fbff8621fe945405.ts' for writing
frame=78631 fps=1662 q=-1.0 size=N/A time=00:54:05.63 bitrate=N/A speed=68.6x elapsed=0:00:47.32    
[hls @ 000001a9d8e0ed00] Opening 'C:\ProgramData\Jellyfin\Server\cache\transcodes\a7d2a0ebefb67726aa8fbff8621fe945406.ts' for writing
[hls @ 000001a9d8e0ed00] Opening 'C:\ProgramData\Jellyfin\Server\cache\transcodes\a7d2a0ebefb67726aa8fbff8621fe945407.ts' for writing
[hls @ 000001a9d8e0ed00] Opening 'C:\ProgramData\Jellyfin\Server\cache\transcodes\a7d2a0ebefb67726aa8fbff8621fe945408.ts' for writing
[hls @ 000001a9d8e0ed00] Opening 'C:\ProgramData\Jellyfin\Server\cache\transcodes\a7d2a0ebefb67726aa8fbff8621fe945409.ts' for writing
[hls @ 000001a9d8e0ed00] Opening 'C:\ProgramData\Jellyfin\Server\cache\transcodes\a7d2a0ebefb67726aa8fbff8621fe945410.ts' for writing
[hls @ 000001a9d8e0ed00] Opening 'C:\ProgramData\Jellyfin\Server\cache\transcodes\a7d2a0ebefb67726aa8fbff8621fe945411.ts' for writing
frame=79451 fps=1661 q=-1.0 size=N/A time=00:54:39.82 bitrate=N/A speed=68.6x elapsed=0:00:47.83    
[hls @ 000001a9d8e0ed00] Opening 'C:\ProgramData\Jellyfin\Server\cache\transcodes\a7d2a0ebefb67726aa8fbff8621fe945412.ts' for writing
[hls @ 000001a9d8e0ed00] Opening 'C:\ProgramData\Jellyfin\Server\cache\transcodes\a7d2a0ebefb67726aa8fbff8621fe945413.ts' for writing
[hls @ 000001a9d8e0ed00] Opening 'C:\ProgramData\Jellyfin\Server\cache\transcodes\a7d2a0ebefb67726aa8fbff8621fe945414.ts' for writing
[hls @ 000001a9d8e0ed00] Opening 'C:\ProgramData\Jellyfin\Server\cache\transcodes\a7d2a0ebefb67726aa8fbff8621fe945415.ts' for writing
frame=80295 fps=1661 q=-1.0 size=N/A time=00:55:15.05 bitrate=N/A speed=68.6x elapsed=0:00:48.33    
[hls @ 000001a9d8e0ed00] Opening 'C:\ProgramData\Jellyfin\Server\cache\transcodes\a7d2a0ebefb67726aa8fbff8621fe945416.ts' for writing
[hls @ 000001a9d8e0ed00] Opening 'C:\ProgramData\Jellyfin\Server\cache\transcodes\a7d2a0ebefb67726aa8fbff8621fe945417.ts' for writing
[hls @ 000001a9d8e0ed00] Opening 'C:\ProgramData\Jellyfin\Server\cache\transcodes\a7d2a0ebefb67726aa8fbff8621fe945418.ts' for writing
[hls @ 000001a9d8e0ed00] Opening 'C:\ProgramData\Jellyfin\Server\cache\transcodes\a7d2a0ebefb67726aa8fbff8621fe945419.ts' for writing
[hls @ 000001a9d8e0ed00] Opening 'C:\ProgramData\Jellyfin\Server\cache\transcodes\a7d2a0ebefb67726aa8fbff8621fe945420.ts' for writing
frame=81050 fps=1660 q=-1.0 size=N/A time=00:55:46.53 bitrate=N/A speed=68.5x elapsed=0:00:48.83    
[hls @ 000001a9d8e0ed00] Opening 'C:\ProgramData\Jellyfin\Server\cache\transcodes\a7d2a0ebefb67726aa8fbff8621fe945421.ts' for writing
[hls @ 000001a9d8e0ed00] Opening 'C:\ProgramData\Jellyfin\Server\cache\transcodes\a7d2a0ebefb67726aa8fbff8621fe945422.ts' for writing
[hls @ 000001a9d8e0ed00] Opening 'C:\ProgramData\Jellyfin\Server\cache\transcodes\a7d2a0ebefb67726aa8fbff8621fe945423.ts' for writing
frame=81809 fps=1658 q=-1.0 size=N/A time=00:56:18.17 bitrate=N/A speed=68.5x elapsed=0:00:49.35    
[hls @ 000001a9d8e0ed00] Opening 'C:\ProgramData\Jellyfin\Server\cache\transcodes\a7d2a0ebefb67726aa8fbff8621fe945424.ts' for writing
[hls @ 000001a9d8e0ed00] Opening 'C:\ProgramData\Jellyfin\Server\cache\transcodes\a7d2a0ebefb67726aa8fbff8621fe945425.ts' for writing
[hls @ 000001a9d8e0ed00] Opening 'C:\ProgramData\Jellyfin\Server\cache\transcodes\a7d2a0ebefb67726aa8fbff8621fe945426.ts' for writing
[hls @ 000001a9d8e0ed00] Opening 'C:\ProgramData\Jellyfin\Server\cache\transcodes\a7d2a0ebefb67726aa8fbff8621fe945427.ts' for writing
frame=82604 fps=1657 q=-1.0 size=N/A time=00:56:51.32 bitrate=N/A speed=68.4x elapsed=0:00:49.85    
[hls @ 000001a9d8e0ed00] Opening 'C:\ProgramData\Jellyfin\Server\cache\transcodes\a7d2a0ebefb67726aa8fbff8621fe945428.ts' for writing
[hls @ 000001a9d8e0ed00] Opening 'C:\ProgramData\Jellyfin\Server\cache\transcodes\a7d2a0ebefb67726aa8fbff8621fe945429.ts' for writing
[hls @ 000001a9d8e0ed00] Opening 'C:\ProgramData\Jellyfin\Server\cache\transcodes\a7d2a0ebefb67726aa8fbff8621fe945430.ts' for writing
[hls @ 000001a9d8e0ed00] Opening 'C:\ProgramData\Jellyfin\Server\cache\transcodes\a7d2a0ebefb67726aa8fbff8621fe945431.ts' for writing
frame=83465 fps=1657 q=-1.0 size=N/A time=00:57:27.23 bitrate=N/A speed=68.4x elapsed=0:00:50.36    
[hls @ 000001a9d8e0ed00] Opening 'C:\ProgramData\Jellyfin\Server\cache\transcodes\a7d2a0ebefb67726aa8fbff8621fe945432.ts' for writing
[hls @ 000001a9d8e0ed00] Opening 'C:\ProgramData\Jellyfin\Server\cache\transcodes\a7d2a0ebefb67726aa8fbff8621fe945433.ts' for writing
[hls @ 000001a9d8e0ed00] Opening 'C:\ProgramData\Jellyfin\Server\cache\transcodes\a7d2a0ebefb67726aa8fbff8621fe945434.ts' for writing
frame=84188 fps=1655 q=-1.0 size=N/A time=00:57:57.39 bitrate=N/A speed=68.4x elapsed=0:00:50.86    
[hls @ 000001a9d8e0ed00] Opening 'C:\ProgramData\Jellyfin\Server\cache\transcodes\a7d2a0ebefb67726aa8fbff8621fe945435.ts' for writing
[hls @ 000001a9d8e0ed00] Opening 'C:\ProgramData\Jellyfin\Server\cache\transcodes\a7d2a0ebefb67726aa8fbff8621fe945436.ts' for writing
[hls @ 000001a9d8e0ed00] Opening 'C:\ProgramData\Jellyfin\Server\cache\transcodes\a7d2a0ebefb67726aa8fbff8621fe945437.ts' for writing
[hls @ 000001a9d8e0ed00] Opening 'C:\ProgramData\Jellyfin\Server\cache\transcodes\a7d2a0ebefb67726aa8fbff8621fe945438.ts' for writing
[hls @ 000001a9d8e0ed00] Opening 'C:\ProgramData\Jellyfin\Server\cache\transcodes\a7d2a0ebefb67726aa8fbff8621fe945439.ts' for writing
frame=84967 fps=1654 q=-1.0 size=N/A time=00:58:29.88 bitrate=N/A speed=68.3x elapsed=0:00:51.38    
[hls @ 000001a9d8e0ed00] Opening 'C:\ProgramData\Jellyfin\Server\cache\transcodes\a7d2a0ebefb67726aa8fbff8621fe945440.ts' for writing
[hls @ 000001a9d8e0ed00] Opening 'C:\ProgramData\Jellyfin\Server\cache\transcodes\a7d2a0ebefb67726aa8fbff8621fe945441.ts' for writing
[hls @ 000001a9d8e0ed00] Opening 'C:\ProgramData\Jellyfin\Server\cache\transcodes\a7d2a0ebefb67726aa8fbff8621fe945442.ts' for writing
[hls @ 000001a9d8e0ed00] Opening 'C:\ProgramData\Jellyfin\Server\cache\transcodes\a7d2a0ebefb67726aa8fbff8621fe945443.ts' for writing
frame=85755 fps=1652 q=-1.0 size=N/A time=00:59:02.76 bitrate=N/A speed=68.3x elapsed=0:00:51.89    
[hls @ 000001a9d8e0ed00] Opening 'C:\ProgramData\Jellyfin\Server\cache\transcodes\a7d2a0ebefb67726aa8fbff8621fe945444.ts' for writing
[hls @ 000001a9d8e0ed00] Opening 'C:\ProgramData\Jellyfin\Server\cache\transcodes\a7d2a0ebefb67726aa8fbff8621fe945445.ts' for writing
[hls @ 000001a9d8e0ed00] Opening 'C:\ProgramData\Jellyfin\Server\cache\transcodes\a7d2a0ebefb67726aa8fbff8621fe945446.ts' for writing
frame=86414 fps=1649 q=-1.0 size=N/A time=00:59:30.26 bitrate=N/A speed=68.1x elapsed=0:00:52.39    
[hls @ 000001a9d8e0ed00] Opening 'C:\ProgramData\Jellyfin\Server\cache\transcodes\a7d2a0ebefb67726aa8fbff8621fe945447.ts' for writing
[hls @ 000001a9d8e0ed00] Opening 'C:\ProgramData\Jellyfin\Server\cache\transcodes\a7d2a0ebefb67726aa8fbff8621fe945448.ts' for writing
frame=86927 fps=1643 q=-1.0 size=N/A time=00:59:51.65 bitrate=N/A speed=67.9x elapsed=0:00:52.90    
[hls @ 000001a9d8e0ed00] Opening 'C:\ProgramData\Jellyfin\Server\cache\transcodes\a7d2a0ebefb67726aa8fbff8621fe945449.ts' for writing
[hls @ 000001a9d8e0ed00] Opening 'C:\ProgramData\Jellyfin\Server\cache\transcodes\a7d2a0ebefb67726aa8fbff8621fe945450.ts' for writing
[hls @ 000001a9d8e0ed00] Opening 'C:\ProgramData\Jellyfin\Server\cache\transcodes\a7d2a0ebefb67726aa8fbff8621fe945451.ts' for writing
[hls @ 000001a9d8e0ed00] Opening 'C:\ProgramData\Jellyfin\Server\cache\transcodes\a7d2a0ebefb67726aa8fbff8621fe945452.ts' for writing
frame=87749 fps=1643 q=-1.0 size=N/A time=01:00:25.94 bitrate=N/A speed=67.9x elapsed=0:00:53.40    
[hls @ 000001a9d8e0ed00] Opening 'C:\ProgramData\Jellyfin\Server\cache\transcodes\a7d2a0ebefb67726aa8fbff8621fe945453.ts' for writing
[hls @ 000001a9d8e0ed00] Opening 'C:\ProgramData\Jellyfin\Server\cache\transcodes\a7d2a0ebefb67726aa8fbff8621fe945454.ts' for writing
[hls @ 000001a9d8e0ed00] Opening 'C:\ProgramData\Jellyfin\Server\cache\transcodes\a7d2a0ebefb67726aa8fbff8621fe945455.ts' for writing
frame=88594 fps=1643 q=-1.0 size=N/A time=01:01:01.14 bitrate=N/A speed=67.9x elapsed=0:00:53.90    
[hls @ 000001a9d8e0ed00] Opening 'C:\ProgramData\Jellyfin\Server\cache\transcodes\a7d2a0ebefb67726aa8fbff8621fe945456.ts' for writing
[hls @ 000001a9d8e0ed00] Opening 'C:\ProgramData\Jellyfin\Server\cache\transcodes\a7d2a0ebefb67726aa8fbff8621fe945457.ts' for writing
[hls @ 000001a9d8e0ed00] Opening 'C:\ProgramData\Jellyfin\Server\cache\transcodes\a7d2a0ebefb67726aa8fbff8621fe945458.ts' for writing
[hls @ 000001a9d8e0ed00] Opening 'C:\ProgramData\Jellyfin\Server\cache\transcodes\a7d2a0ebefb67726aa8fbff8621fe945459.ts' for writing
[hls @ 000001a9d8e0ed00] Opening 'C:\ProgramData\Jellyfin\Server\cache\transcodes\a7d2a0ebefb67726aa8fbff8621fe945460.ts' for writing
frame=89383 fps=1642 q=-1.0 size=N/A time=01:01:34.10 bitrate=N/A speed=67.9x elapsed=0:00:54.42    
[hls @ 000001a9d8e0ed00] Opening 'C:\ProgramData\Jellyfin\Server\cache\transcodes\a7d2a0ebefb67726aa8fbff8621fe945461.ts' for writing
[hls @ 000001a9d8e0ed00] Opening 'C:\ProgramData\Jellyfin\Server\cache\transcodes\a7d2a0ebefb67726aa8fbff8621fe945462.ts' for writing
[hls @ 000001a9d8e0ed00] Opening 'C:\ProgramData\Jellyfin\Server\cache\transcodes\a7d2a0ebefb67726aa8fbff8621fe945463.ts' for writing
[hls @ 000001a9d8e0ed00] Opening 'C:\ProgramData\Jellyfin\Server\cache\transcodes\a7d2a0ebefb67726aa8fbff8621fe945464.ts' for writing
frame=90197 fps=1642 q=-1.0 size=N/A time=01:02:08.04 bitrate=N/A speed=67.9x elapsed=0:00:54.92    
[hls @ 000001a9d8e0ed00] Opening 'C:\ProgramData\Jellyfin\Server\cache\transcodes\a7d2a0ebefb67726aa8fbff8621fe945465.ts' for writing
[hls @ 000001a9d8e0ed00] Opening 'C:\ProgramData\Jellyfin\Server\cache\transcodes\a7d2a0ebefb67726aa8fbff8621fe945466.ts' for writing
[hls @ 000001a9d8e0ed00] Opening 'C:\ProgramData\Jellyfin\Server\cache\transcodes\a7d2a0ebefb67726aa8fbff8621fe945467.ts' for writing
[hls @ 000001a9d8e0ed00] Opening 'C:\ProgramData\Jellyfin\Server\cache\transcodes\a7d2a0ebefb67726aa8fbff8621fe945468.ts' for writing
[hls @ 000001a9d8e0ed00] Opening 'C:\ProgramData\Jellyfin\Server\cache\transcodes\a7d2a0ebefb67726aa8fbff8621fe945469.ts' for writing
frame=91127 fps=1644 q=-1.0 size=N/A time=01:02:46.80 bitrate=N/A speed=67.9x elapsed=0:00:55.43    
[hls @ 000001a9d8e0ed00] Opening 'C:\ProgramData\Jellyfin\Server\cache\transcodes\a7d2a0ebefb67726aa8fbff8621fe945470.ts' for writing
[hls @ 000001a9d8e0ed00] Opening 'C:\ProgramData\Jellyfin\Server\cache\transcodes\a7d2a0ebefb67726aa8fbff8621fe945471.ts' for writing
[hls @ 000001a9d8e0ed00] Opening 'C:\ProgramData\Jellyfin\Server\cache\transcodes\a7d2a0ebefb67726aa8fbff8621fe945472.ts' for writing
[hls @ 000001a9d8e0ed00] Opening 'C:\ProgramData\Jellyfin\Server\cache\transcodes\a7d2a0ebefb67726aa8fbff8621fe945473.ts' for writing
frame=91973 fps=1644 q=-1.0 size=N/A time=01:03:22.11 bitrate=N/A speed=  68x elapsed=0:00:55.95    
[hls @ 000001a9d8e0ed00] Opening 'C:\ProgramData\Jellyfin\Server\cache\transcodes\a7d2a0ebefb67726aa8fbff8621fe945474.ts' for writing
[hls @ 000001a9d8e0ed00] Opening 'C:\ProgramData\Jellyfin\Server\cache\transcodes\a7d2a0ebefb67726aa8fbff8621fe945475.ts' for writing
[hls @ 000001a9d8e0ed00] Opening 'C:\ProgramData\Jellyfin\Server\cache\transcodes\a7d2a0ebefb67726aa8fbff8621fe945476.ts' for writing
[hls @ 000001a9d8e0ed00] Opening 'C:\ProgramData\Jellyfin\Server\cache\transcodes\a7d2a0ebefb67726aa8fbff8621fe945477.ts' for writing
[hls @ 000001a9d8e0ed00] Opening 'C:\ProgramData\Jellyfin\Server\cache\transcodes\a7d2a0ebefb67726aa8fbff8621fe945478.ts' for writing
[hls @ 000001a9d8e0ed00] Opening 'C:\ProgramData\Jellyfin\Server\cache\transcodes\a7d2a0ebefb67726aa8fbff8621fe945479.ts' for writing
frame=92890 fps=1645 q=-1.0 size=N/A time=01:04:00.34 bitrate=N/A speed=  68x elapsed=0:00:56.46    
[hls @ 000001a9d8e0ed00] Opening 'C:\ProgramData\Jellyfin\Server\cache\transcodes\a7d2a0ebefb67726aa8fbff8621fe945480.ts' for writing
[hls @ 000001a9d8e0ed00] Opening 'C:\ProgramData\Jellyfin\Server\cache\transcodes\a7d2a0ebefb67726aa8fbff8621fe945481.ts' for writing
[hls @ 000001a9d8e0ed00] Opening 'C:\ProgramData\Jellyfin\Server\cache\transcodes\a7d2a0ebefb67726aa8fbff8621fe945482.ts' for writing
[hls @ 000001a9d8e0ed00] Opening 'C:\ProgramData\Jellyfin\Server\cache\transcodes\a7d2a0ebefb67726aa8fbff8621fe945483.ts' for writing
[hls @ 000001a9d8e0ed00] Opening 'C:\ProgramData\Jellyfin\Server\cache\transcodes\a7d2a0ebefb67726aa8fbff8621fe945484.ts' for writing
[hls @ 000001a9d8e0ed00] Opening 'C:\ProgramData\Jellyfin\Server\cache\transcodes\a7d2a0ebefb67726aa8fbff8621fe945485.ts' for writing
frame=93852 fps=1647 q=-1.0 size=N/A time=01:04:40.46 bitrate=N/A speed=68.1x elapsed=0:00:56.98    
[hls @ 000001a9d8e0ed00] Opening 'C:\ProgramData\Jellyfin\Server\cache\transcodes\a7d2a0ebefb67726aa8fbff8621fe945486.ts' for writing
[hls @ 000001a9d8e0ed00] Opening 'C:\ProgramData\Jellyfin\Server\cache\transcodes\a7d2a0ebefb67726aa8fbff8621fe945487.ts' for writing
[hls @ 000001a9d8e0ed00] Opening 'C:\ProgramData\Jellyfin\Server\cache\transcodes\a7d2a0ebefb67726aa8fbff8621fe945488.ts' for writing
[hls @ 000001a9d8e0ed00] Opening 'C:\ProgramData\Jellyfin\Server\cache\transcodes\a7d2a0ebefb67726aa8fbff8621fe945489.ts' for writing
frame=94784 fps=1649 q=-1.0 size=N/A time=01:05:19.36 bitrate=N/A speed=68.2x elapsed=0:00:57.48    
[hls @ 000001a9d8e0ed00] Opening 'C:\ProgramData\Jellyfin\Server\cache\transcodes\a7d2a0ebefb67726aa8fbff8621fe945490.ts' for writing
[hls @ 000001a9d8e0ed00] Opening 'C:\ProgramData\Jellyfin\Server\cache\transcodes\a7d2a0ebefb67726aa8fbff8621fe945491.ts' for writing
[hls @ 000001a9d8e0ed00] Opening 'C:\ProgramData\Jellyfin\Server\cache\transcodes\a7d2a0ebefb67726aa8fbff8621fe945492.ts' for writing
[hls @ 000001a9d8e0ed00] Opening 'C:\ProgramData\Jellyfin\Server\cache\transcodes\a7d2a0ebefb67726aa8fbff8621fe945493.ts' for writing
frame=95647 fps=1649 q=-1.0 size=N/A time=01:05:55.32 bitrate=N/A speed=68.2x elapsed=0:00:57.98    
[hls @ 000001a9d8e0ed00] Opening 'C:\ProgramData\Jellyfin\Server\cache\transcodes\a7d2a0ebefb67726aa8fbff8621fe945494.ts' for writing
[hls @ 000001a9d8e0ed00] Opening 'C:\ProgramData\Jellyfin\Server\cache\transcodes\a7d2a0ebefb67726aa8fbff8621fe945495.ts' for writing
[hls @ 000001a9d8e0ed00] Opening 'C:\ProgramData\Jellyfin\Server\cache\transcodes\a7d2a0ebefb67726aa8fbff8621fe945496.ts' for writing
frame=96462 fps=1649 q=-1.0 size=N/A time=01:06:29.33 bitrate=N/A speed=68.2x elapsed=0:00:58.48    
[hls @ 000001a9d8e0ed00] Opening 'C:\ProgramData\Jellyfin\Server\cache\transcodes\a7d2a0ebefb67726aa8fbff8621fe945497.ts' for writing
[hls @ 000001a9d8e0ed00] Opening 'C:\ProgramData\Jellyfin\Server\cache\transcodes\a7d2a0ebefb67726aa8fbff8621fe945498.ts' for writing
[hls @ 000001a9d8e0ed00] Opening 'C:\ProgramData\Jellyfin\Server\cache\transcodes\a7d2a0ebefb67726aa8fbff8621fe945499.ts' for writing
[hls @ 000001a9d8e0ed00] Opening 'C:\ProgramData\Jellyfin\Server\cache\transcodes\a7d2a0ebefb67726aa8fbff8621fe945500.ts' for writing
[hls @ 000001a9d8e0ed00] Opening 'C:\ProgramData\Jellyfin\Server\cache\transcodes\a7d2a0ebefb67726aa8fbff8621fe945501.ts' for writing
frame=97327 fps=1650 q=-1.0 size=N/A time=01:07:05.42 bitrate=N/A speed=68.2x elapsed=0:00:59.00    
[hls @ 000001a9d8e0ed00] Opening 'C:\ProgramData\Jellyfin\Server\cache\transcodes\a7d2a0ebefb67726aa8fbff8621fe945502.ts' for writing
[hls @ 000001a9d8e0ed00] Opening 'C:\ProgramData\Jellyfin\Server\cache\transcodes\a7d2a0ebefb67726aa8fbff8621fe945503.ts' for writing
[hls @ 000001a9d8e0ed00] Opening 'C:\ProgramData\Jellyfin\Server\cache\transcodes\a7d2a0ebefb67726aa8fbff8621fe945504.ts' for writing
[hls @ 000001a9d8e0ed00] Opening 'C:\ProgramData\Jellyfin\Server\cache\transcodes\a7d2a0ebefb67726aa8fbff8621fe945505.ts' for writing
frame=98260 fps=1651 q=-1.0 size=N/A time=01:07:44.34 bitrate=N/A speed=68.3x elapsed=0:00:59.51    
[hls @ 000001a9d8e0ed00] Opening 'C:\ProgramData\Jellyfin\Server\cache\transcodes\a7d2a0ebefb67726aa8fbff8621fe945506.ts' for writing
[hls @ 000001a9d8e0ed00] Opening 'C:\ProgramData\Jellyfin\Server\cache\transcodes\a7d2a0ebefb67726aa8fbff8621fe945507.ts' for writing
[hls @ 000001a9d8e0ed00] Opening 'C:\ProgramData\Jellyfin\Server\cache\transcodes\a7d2a0ebefb67726aa8fbff8621fe945508.ts' for writing
[hls @ 000001a9d8e0ed00] Opening 'C:\ProgramData\Jellyfin\Server\cache\transcodes\a7d2a0ebefb67726aa8fbff8621fe945509.ts' for writing
frame=99209 fps=1653 q=-1.0 size=N/A time=01:08:23.91 bitrate=N/A speed=68.4x elapsed=0:01:00.02    
[hls @ 000001a9d8e0ed00] Opening 'C:\ProgramData\Jellyfin\Server\cache\transcodes\a7d2a0ebefb67726aa8fbff8621fe945510.ts' for writing
[hls @ 000001a9d8e0ed00] Opening 'C:\ProgramData\Jellyfin\Server\cache\transcodes\a7d2a0ebefb67726aa8fbff8621fe945511.ts' for writing
[hls @ 000001a9d8e0ed00] Opening 'C:\ProgramData\Jellyfin\Server\cache\transcodes\a7d2a0ebefb67726aa8fbff8621fe945512.ts' for writing
[hls @ 000001a9d8e0ed00] Opening 'C:\ProgramData\Jellyfin\Server\cache\transcodes\a7d2a0ebefb67726aa8fbff8621fe945513.ts' for writing
frame=100173 fps=1655 q=-1.0 size=N/A time=01:09:04.10 bitrate=N/A speed=68.4x elapsed=0:01:00.54    
[hls @ 000001a9d8e0ed00] Opening 'C:\ProgramData\Jellyfin\Server\cache\transcodes\a7d2a0ebefb67726aa8fbff8621fe945514.ts' for writing
[hls @ 000001a9d8e0ed00] Opening 'C:\ProgramData\Jellyfin\Server\cache\transcodes\a7d2a0ebefb67726aa8fbff8621fe945515.ts' for writing
[hls @ 000001a9d8e0ed00] Opening 'C:\ProgramData\Jellyfin\Server\cache\transcodes\a7d2a0ebefb67726aa8fbff8621fe945516.ts' for writing
[hls @ 000001a9d8e0ed00] Opening 'C:\ProgramData\Jellyfin\Server\cache\transcodes\a7d2a0ebefb67726aa8fbff8621fe945517.ts' for writing
frame=101117 fps=1656 q=-1.0 size=N/A time=01:09:43.48 bitrate=N/A speed=68.5x elapsed=0:01:01.05    
[hls @ 000001a9d8e0ed00] Opening 'C:\ProgramData\Jellyfin\Server\cache\transcodes\a7d2a0ebefb67726aa8fbff8621fe945518.ts' for writing
[hls @ 000001a9d8e0ed00] Opening 'C:\ProgramData\Jellyfin\Server\cache\transcodes\a7d2a0ebefb67726aa8fbff8621fe945519.ts' for writing
[hls @ 000001a9d8e0ed00] Opening 'C:\ProgramData\Jellyfin\Server\cache\transcodes\a7d2a0ebefb67726aa8fbff8621fe945520.ts' for writing
[hls @ 000001a9d8e0ed00] Opening 'C:\ProgramData\Jellyfin\Server\cache\transcodes\a7d2a0ebefb67726aa8fbff8621fe945521.ts' for writing
[hls @ 000001a9d8e0ed00] Opening 'C:\ProgramData\Jellyfin\Server\cache\transcodes\a7d2a0ebefb67726aa8fbff8621fe945522.ts' for writing
frame=102011 fps=1657 q=-1.0 size=N/A time=01:10:20.77 bitrate=N/A speed=68.6x elapsed=0:01:01.56    
[hls @ 000001a9d8e0ed00] Opening 'C:\ProgramData\Jellyfin\Server\cache\transcodes\a7d2a0ebefb67726aa8fbff8621fe945523.ts' for writing
[hls @ 000001a9d8e0ed00] Opening 'C:\ProgramData\Jellyfin\Server\cache\transcodes\a7d2a0ebefb67726aa8fbff8621fe945524.ts' for writing
[hls @ 000001a9d8e0ed00] Opening 'C:\ProgramData\Jellyfin\Server\cache\transcodes\a7d2a0ebefb67726aa8fbff8621fe945525.ts' for writing
[hls @ 000001a9d8e0ed00] Opening 'C:\ProgramData\Jellyfin\Server\cache\transcodes\a7d2a0ebefb67726aa8fbff8621fe945526.ts' for writing
frame=102860 fps=1657 q=-1.0 size=N/A time=01:10:56.19 bitrate=N/A speed=68.6x elapsed=0:01:02.07    
[hls @ 000001a9d8e0ed00] Opening 'C:\ProgramData\Jellyfin\Server\cache\transcodes\a7d2a0ebefb67726aa8fbff8621fe945527.ts' for writing
[hls @ 000001a9d8e0ed00] Opening 'C:\ProgramData\Jellyfin\Server\cache\transcodes\a7d2a0ebefb67726aa8fbff8621fe945528.ts' for writing
[hls @ 000001a9d8e0ed00] Opening 'C:\ProgramData\Jellyfin\Server\cache\transcodes\a7d2a0ebefb67726aa8fbff8621fe945529.ts' for writing
[hls @ 000001a9d8e0ed00] Opening 'C:\ProgramData\Jellyfin\Server\cache\transcodes\a7d2a0ebefb67726aa8fbff8621fe945530.ts' for writing
[hls @ 000001a9d8e0ed00] Opening 'C:\ProgramData\Jellyfin\Server\cache\transcodes\a7d2a0ebefb67726aa8fbff8621fe945531.ts' for writing
[hls @ 000001a9d8e0ed00] Opening 'C:\ProgramData\Jellyfin\Server\cache\transcodes\a7d2a0ebefb67726aa8fbff8621fe945532.ts' for writing
[hls @ 000001a9d8e0ed00] Opening 'C:\ProgramData\Jellyfin\Server\cache\transcodes\a7d2a0ebefb67726aa8fbff8621fe945533.ts' for writing
frame=103660 fps=1656 q=-1.0 size=N/A time=01:11:29.55 bitrate=N/A speed=68.5x elapsed=0:01:02.59    
[hls @ 000001a9d8e0ed00] Opening 'C:\ProgramData\Jellyfin\Server\cache\transcodes\a7d2a0ebefb67726aa8fbff8621fe945534.ts' for writing
[hls @ 000001a9d8e0ed00] Opening 'C:\ProgramData\Jellyfin\Server\cache\transcodes\a7d2a0ebefb67726aa8fbff8621fe945535.ts' for writing
[hls @ 000001a9d8e0ed00] Opening 'C:\ProgramData\Jellyfin\Server\cache\transcodes\a7d2a0ebefb67726aa8fbff8621fe945536.ts' for writing
frame=104536 fps=1657 q=-1.0 size=N/A time=01:12:06.08 bitrate=N/A speed=68.6x elapsed=0:01:03.10    
[hls @ 000001a9d8e0ed00] Opening 'C:\ProgramData\Jellyfin\Server\cache\transcodes\a7d2a0ebefb67726aa8fbff8621fe945537.ts' for writing
[hls @ 000001a9d8e0ed00] Opening 'C:\ProgramData\Jellyfin\Server\cache\transcodes\a7d2a0ebefb67726aa8fbff8621fe945538.ts' for writing
[hls @ 000001a9d8e0ed00] Opening 'C:\ProgramData\Jellyfin\Server\cache\transcodes\a7d2a0ebefb67726aa8fbff8621fe945539.ts' for writing
[hls @ 000001a9d8e0ed00] Opening 'C:\ProgramData\Jellyfin\Server\cache\transcodes\a7d2a0ebefb67726aa8fbff8621fe945540.ts' for writing
frame=105369 fps=1657 q=-1.0 size=N/A time=01:12:40.85 bitrate=N/A speed=68.6x elapsed=0:01:03.60    
[hls @ 000001a9d8e0ed00] Opening 'C:\ProgramData\Jellyfin\Server\cache\transcodes\a7d2a0ebefb67726aa8fbff8621fe945541.ts' for writing
[hls @ 000001a9d8e0ed00] Opening 'C:\ProgramData\Jellyfin\Server\cache\transcodes\a7d2a0ebefb67726aa8fbff8621fe945542.ts' for writing
[hls @ 000001a9d8e0ed00] Opening 'C:\ProgramData\Jellyfin\Server\cache\transcodes\a7d2a0ebefb67726aa8fbff8621fe945543.ts' for writing
[hls @ 000001a9d8e0ed00] Opening 'C:\ProgramData\Jellyfin\Server\cache\transcodes\a7d2a0ebefb67726aa8fbff8621fe945544.ts' for writing


[q] command received. Exiting.

[hls @ 000001a9d8e0ed00] Opening 'C:\ProgramData\Jellyfin\Server\cache\transcodes\a7d2a0ebefb67726aa8fbff8621fe945545.ts' for writing
[out#0/hls @ 000001a9d8d47300] video:782517KiB audio:121075KiB subtitle:0KiB other streams:0KiB global headers:0KiB muxing overhead: unknown
frame=106163 fps=1655 q=-1.0 Lsize=N/A time=01:13:14.32 bitrate=N/A speed=68.5x elapsed=0:01:04.16    